/home/ubuntu/neo-service-layer/NeoServiceLayer.sln.metaproj : warning MSB4121: The project configuration for project "NeoServiceLayer.Infrastructure.Security" was not specified in the solution file for the solution configuration "Debug|Any CPU". [/home/ubuntu/neo-service-layer/NeoServiceLayer.sln]
  NeoServiceLayer.Shared -> /home/ubuntu/neo-service-layer/src/Core/NeoServiceLayer.Shared/bin/Debug/net9.0/NeoServiceLayer.Shared.dll
  NeoServiceLayer.Infrastructure.Persistence -> /home/ubuntu/neo-service-layer/src/Infrastructure/NeoServiceLayer.Infrastructure.Persistence/bin/Debug/net9.0/NeoServiceLayer.Infrastructure.Persistence.dll
/home/ubuntu/neo-service-layer/src/Infrastructure/NeoServiceLayer.Infrastructure.Observability/NeoServiceLayer.Infrastructure.Observability.csproj : warning NU1902: Package 'OpenTelemetry.Api' 1.10.0 has a known moderate severity vulnerability, https://github.com/advisories/GHSA-8785-wc3w-h8q6
  NeoServiceLayer.Infrastructure.Caching -> /home/ubuntu/neo-service-layer/src/Infrastructure/NeoServiceLayer.Infrastructure.Caching/bin/Debug/net9.0/NeoServiceLayer.Infrastructure.Caching.dll
  NeoServiceLayer.Core -> /home/ubuntu/neo-service-layer/src/Core/NeoServiceLayer.Core/bin/Debug/net9.0/NeoServiceLayer.Core.dll
  NeoServiceLayer.Shared.Tests -> /home/ubuntu/neo-service-layer/tests/Core/NeoServiceLayer.Shared.Tests/bin/Debug/net9.0/NeoServiceLayer.Shared.Tests.dll
  NeoServiceLayer.Neo.X -> /home/ubuntu/neo-service-layer/src/Blockchain/NeoServiceLayer.Neo.X/bin/Debug/net9.0/NeoServiceLayer.Neo.X.dll
  NeoServiceLayer.Tee.Enclave -> /home/ubuntu/neo-service-layer/src/Tee/NeoServiceLayer.Tee.Enclave/bin/Debug/net9.0/NeoServiceLayer.Tee.Enclave.dll
  NeoServiceLayer.Infrastructure.Observability -> /home/ubuntu/neo-service-layer/src/Infrastructure/NeoServiceLayer.Infrastructure.Observability/bin/Debug/net9.0/NeoServiceLayer.Infrastructure.Observability.dll
  NeoServiceLayer.Neo.N3 -> /home/ubuntu/neo-service-layer/src/Blockchain/NeoServiceLayer.Neo.N3/bin/Debug/net9.0/NeoServiceLayer.Neo.N3.dll
  NeoServiceLayer.Performance.Tests -> /home/ubuntu/neo-service-layer/tests/Performance/NeoServiceLayer.Performance.Tests/bin/Debug/net9.0/NeoServiceLayer.Performance.Tests.dll
/home/ubuntu/neo-service-layer/tests/Tee/NeoServiceLayer.Tee.Enclave.Tests/ProductionSGXEnclaveWrapperTests.cs(263,17): error CS1002: ; expected [/home/ubuntu/neo-service-layer/tests/Tee/NeoServiceLayer.Tee.Enclave.Tests/NeoServiceLayer.Tee.Enclave.Tests.csproj]
/home/ubuntu/neo-service-layer/tests/Tee/NeoServiceLayer.Tee.Enclave.Tests/ProductionSGXEnclaveWrapperTests.cs(263,17): error CS1513: } expected [/home/ubuntu/neo-service-layer/tests/Tee/NeoServiceLayer.Tee.Enclave.Tests/NeoServiceLayer.Tee.Enclave.Tests.csproj]
/home/ubuntu/neo-service-layer/tests/Tee/NeoServiceLayer.Tee.Enclave.Tests/ProductionSGXEnclaveWrapperTests.cs(263,24): error CS1519: Invalid token '=' in class, record, struct, or interface member declaration [/home/ubuntu/neo-service-layer/tests/Tee/NeoServiceLayer.Tee.Enclave.Tests/NeoServiceLayer.Tee.Enclave.Tests.csproj]
/home/ubuntu/neo-service-layer/tests/Tee/NeoServiceLayer.Tee.Enclave.Tests/ProductionSGXEnclaveWrapperTests.cs(263,70): error CS1001: Identifier expected [/home/ubuntu/neo-service-layer/tests/Tee/NeoServiceLayer.Tee.Enclave.Tests/NeoServiceLayer.Tee.Enclave.Tests.csproj]
/home/ubuntu/neo-service-layer/tests/Tee/NeoServiceLayer.Tee.Enclave.Tests/ProductionSGXEnclaveWrapperTests.cs(264,66): error CS1026: ) expected [/home/ubuntu/neo-service-layer/tests/Tee/NeoServiceLayer.Tee.Enclave.Tests/NeoServiceLayer.Tee.Enclave.Tests.csproj]
/home/ubuntu/neo-service-layer/tests/Tee/NeoServiceLayer.Tee.Enclave.Tests/ProductionSGXEnclaveWrapperTests.cs(264,66): error CS1002: ; expected [/home/ubuntu/neo-service-layer/tests/Tee/NeoServiceLayer.Tee.Enclave.Tests/NeoServiceLayer.Tee.Enclave.Tests.csproj]
/home/ubuntu/neo-service-layer/tests/Tee/NeoServiceLayer.Tee.Enclave.Tests/ProductionSGXEnclaveWrapperTests.cs(264,72): error CS1519: Invalid token ')' in class, record, struct, or interface member declaration [/home/ubuntu/neo-service-layer/tests/Tee/NeoServiceLayer.Tee.Enclave.Tests/NeoServiceLayer.Tee.Enclave.Tests.csproj]
/home/ubuntu/neo-service-layer/tests/Tee/NeoServiceLayer.Tee.Enclave.Tests/ProductionSGXEnclaveWrapperTests.cs(265,25): error CS1519: Invalid token '(' in class, record, struct, or interface member declaration [/home/ubuntu/neo-service-layer/tests/Tee/NeoServiceLayer.Tee.Enclave.Tests/NeoServiceLayer.Tee.Enclave.Tests.csproj]
/home/ubuntu/neo-service-layer/tests/Tee/NeoServiceLayer.Tee.Enclave.Tests/ProductionSGXEnclaveWrapperTests.cs(265,45): error CS1519: Invalid token ';' in class, record, struct, or interface member declaration [/home/ubuntu/neo-service-layer/tests/Tee/NeoServiceLayer.Tee.Enclave.Tests/NeoServiceLayer.Tee.Enclave.Tests.csproj]
/home/ubuntu/neo-service-layer/tests/Tee/NeoServiceLayer.Tee.Enclave.Tests/ProductionSGXEnclaveWrapperTests.cs(266,9): error CS1519: Invalid token '}' in class, record, struct, or interface member declaration [/home/ubuntu/neo-service-layer/tests/Tee/NeoServiceLayer.Tee.Enclave.Tests/NeoServiceLayer.Tee.Enclave.Tests.csproj]
/home/ubuntu/neo-service-layer/tests/Tee/NeoServiceLayer.Tee.Enclave.Tests/ProductionSGXEnclaveWrapperTests.cs(270,68): error CS1513: } expected [/home/ubuntu/neo-service-layer/tests/Tee/NeoServiceLayer.Tee.Enclave.Tests/NeoServiceLayer.Tee.Enclave.Tests.csproj]
/home/ubuntu/neo-service-layer/tests/Tee/NeoServiceLayer.Tee.Enclave.Tests/ProductionSGXEnclaveWrapperTests.cs(273,16): error CS0116: A namespace cannot directly contain members such as fields, methods or statements [/home/ubuntu/neo-service-layer/tests/Tee/NeoServiceLayer.Tee.Enclave.Tests/NeoServiceLayer.Tee.Enclave.Tests.csproj]
/home/ubuntu/neo-service-layer/tests/Tee/NeoServiceLayer.Tee.Enclave.Tests/ProductionSGXEnclaveWrapperTests.cs(273,31): error CS1031: Type expected [/home/ubuntu/neo-service-layer/tests/Tee/NeoServiceLayer.Tee.Enclave.Tests/NeoServiceLayer.Tee.Enclave.Tests.csproj]
/home/ubuntu/neo-service-layer/tests/Tee/NeoServiceLayer.Tee.Enclave.Tests/ProductionSGXEnclaveWrapperTests.cs(273,37): error CS1031: Type expected [/home/ubuntu/neo-service-layer/tests/Tee/NeoServiceLayer.Tee.Enclave.Tests/NeoServiceLayer.Tee.Enclave.Tests.csproj]
/home/ubuntu/neo-service-layer/tests/Tee/NeoServiceLayer.Tee.Enclave.Tests/ProductionSGXEnclaveWrapperTests.cs(273,37): error CS1003: Syntax error, ',' expected [/home/ubuntu/neo-service-layer/tests/Tee/NeoServiceLayer.Tee.Enclave.Tests/NeoServiceLayer.Tee.Enclave.Tests.csproj]
/home/ubuntu/neo-service-layer/tests/Tee/NeoServiceLayer.Tee.Enclave.Tests/ProductionSGXEnclaveWrapperTests.cs(273,100): error CS1003: Syntax error, '>' expected [/home/ubuntu/neo-service-layer/tests/Tee/NeoServiceLayer.Tee.Enclave.Tests/NeoServiceLayer.Tee.Enclave.Tests.csproj]
/home/ubuntu/neo-service-layer/tests/Tee/NeoServiceLayer.Tee.Enclave.Tests/ProductionSGXEnclaveWrapperTests.cs(273,100): error CS8124: Tuple must contain at least two elements. [/home/ubuntu/neo-service-layer/tests/Tee/NeoServiceLayer.Tee.Enclave.Tests/NeoServiceLayer.Tee.Enclave.Tests.csproj]
/home/ubuntu/neo-service-layer/tests/Tee/NeoServiceLayer.Tee.Enclave.Tests/ProductionSGXEnclaveWrapperTests.cs(273,100): error CS1026: ) expected [/home/ubuntu/neo-service-layer/tests/Tee/NeoServiceLayer.Tee.Enclave.Tests/NeoServiceLayer.Tee.Enclave.Tests.csproj]
/home/ubuntu/neo-service-layer/tests/Tee/NeoServiceLayer.Tee.Enclave.Tests/ProductionSGXEnclaveWrapperTests.cs(273,100): error CS1022: Type or namespace definition, or end-of-file expected [/home/ubuntu/neo-service-layer/tests/Tee/NeoServiceLayer.Tee.Enclave.Tests/NeoServiceLayer.Tee.Enclave.Tests.csproj]
/home/ubuntu/neo-service-layer/tests/Tee/NeoServiceLayer.Tee.Enclave.Tests/ProductionSGXEnclaveWrapperTests.cs(275,17): error CS0116: A namespace cannot directly contain members such as fields, methods or statements [/home/ubuntu/neo-service-layer/tests/Tee/NeoServiceLayer.Tee.Enclave.Tests/NeoServiceLayer.Tee.Enclave.Tests.csproj]
/home/ubuntu/neo-service-layer/tests/Tee/NeoServiceLayer.Tee.Enclave.Tests/ProductionSGXEnclaveWrapperTests.cs(275,27): error CS1031: Type expected [/home/ubuntu/neo-service-layer/tests/Tee/NeoServiceLayer.Tee.Enclave.Tests/NeoServiceLayer.Tee.Enclave.Tests.csproj]
/home/ubuntu/neo-service-layer/tests/Tee/NeoServiceLayer.Tee.Enclave.Tests/ProductionSGXEnclaveWrapperTests.cs(275,27): error CS8124: Tuple must contain at least two elements. [/home/ubuntu/neo-service-layer/tests/Tee/NeoServiceLayer.Tee.Enclave.Tests/NeoServiceLayer.Tee.Enclave.Tests.csproj]
/home/ubuntu/neo-service-layer/tests/Tee/NeoServiceLayer.Tee.Enclave.Tests/ProductionSGXEnclaveWrapperTests.cs(275,27): error CS1026: ) expected [/home/ubuntu/neo-service-layer/tests/Tee/NeoServiceLayer.Tee.Enclave.Tests/NeoServiceLayer.Tee.Enclave.Tests.csproj]
/home/ubuntu/neo-service-layer/tests/Tee/NeoServiceLayer.Tee.Enclave.Tests/ProductionSGXEnclaveWrapperTests.cs(275,27): error CS1022: Type or namespace definition, or end-of-file expected [/home/ubuntu/neo-service-layer/tests/Tee/NeoServiceLayer.Tee.Enclave.Tests/NeoServiceLayer.Tee.Enclave.Tests.csproj]
/home/ubuntu/neo-service-layer/tests/Tee/NeoServiceLayer.Tee.Enclave.Tests/ProductionSGXEnclaveWrapperTests.cs(276,17): error CS0116: A namespace cannot directly contain members such as fields, methods or statements [/home/ubuntu/neo-service-layer/tests/Tee/NeoServiceLayer.Tee.Enclave.Tests/NeoServiceLayer.Tee.Enclave.Tests.csproj]
/home/ubuntu/neo-service-layer/tests/Tee/NeoServiceLayer.Tee.Enclave.Tests/ProductionSGXEnclaveWrapperTests.cs(276,27): error CS1031: Type expected [/home/ubuntu/neo-service-layer/tests/Tee/NeoServiceLayer.Tee.Enclave.Tests/NeoServiceLayer.Tee.Enclave.Tests.csproj]
/home/ubuntu/neo-service-layer/tests/Tee/NeoServiceLayer.Tee.Enclave.Tests/ProductionSGXEnclaveWrapperTests.cs(276,27): error CS8124: Tuple must contain at least two elements. [/home/ubuntu/neo-service-layer/tests/Tee/NeoServiceLayer.Tee.Enclave.Tests/NeoServiceLayer.Tee.Enclave.Tests.csproj]
/home/ubuntu/neo-service-layer/tests/Tee/NeoServiceLayer.Tee.Enclave.Tests/ProductionSGXEnclaveWrapperTests.cs(276,27): error CS1026: ) expected [/home/ubuntu/neo-service-layer/tests/Tee/NeoServiceLayer.Tee.Enclave.Tests/NeoServiceLayer.Tee.Enclave.Tests.csproj]
/home/ubuntu/neo-service-layer/tests/Tee/NeoServiceLayer.Tee.Enclave.Tests/ProductionSGXEnclaveWrapperTests.cs(276,27): error CS1022: Type or namespace definition, or end-of-file expected [/home/ubuntu/neo-service-layer/tests/Tee/NeoServiceLayer.Tee.Enclave.Tests/NeoServiceLayer.Tee.Enclave.Tests.csproj]
/home/ubuntu/neo-service-layer/tests/Tee/NeoServiceLayer.Tee.Enclave.Tests/ProductionSGXEnclaveWrapperTests.cs(277,5): error CS1022: Type or namespace definition, or end-of-file expected [/home/ubuntu/neo-service-layer/tests/Tee/NeoServiceLayer.Tee.Enclave.Tests/NeoServiceLayer.Tee.Enclave.Tests.csproj]
/home/ubuntu/neo-service-layer/tests/Tee/NeoServiceLayer.Tee.Enclave.Tests/ProductionSGXEnclaveWrapperTests.cs(279,5): error CS8803: Top-level statements must precede namespace and type declarations. [/home/ubuntu/neo-service-layer/tests/Tee/NeoServiceLayer.Tee.Enclave.Tests/NeoServiceLayer.Tee.Enclave.Tests.csproj]
/home/ubuntu/neo-service-layer/tests/Tee/NeoServiceLayer.Tee.Enclave.Tests/ProductionSGXEnclaveWrapperTests.cs(280,5): error CS0106: The modifier 'public' is not valid for this item [/home/ubuntu/neo-service-layer/tests/Tee/NeoServiceLayer.Tee.Enclave.Tests/NeoServiceLayer.Tee.Enclave.Tests.csproj]
/home/ubuntu/neo-service-layer/tests/Tee/NeoServiceLayer.Tee.Enclave.Tests/ProductionSGXEnclaveWrapperTests.cs(289,17): error CS1002: ; expected [/home/ubuntu/neo-service-layer/tests/Tee/NeoServiceLayer.Tee.Enclave.Tests/NeoServiceLayer.Tee.Enclave.Tests.csproj]
/home/ubuntu/neo-service-layer/tests/Tee/NeoServiceLayer.Tee.Enclave.Tests/ProductionSGXEnclaveWrapperTests.cs(289,17): error CS1513: } expected [/home/ubuntu/neo-service-layer/tests/Tee/NeoServiceLayer.Tee.Enclave.Tests/NeoServiceLayer.Tee.Enclave.Tests.csproj]
/home/ubuntu/neo-service-layer/tests/Tee/NeoServiceLayer.Tee.Enclave.Tests/ProductionSGXEnclaveWrapperTests.cs(289,17): error CS0116: A namespace cannot directly contain members such as fields, methods or statements [/home/ubuntu/neo-service-layer/tests/Tee/NeoServiceLayer.Tee.Enclave.Tests/NeoServiceLayer.Tee.Enclave.Tests.csproj]
/home/ubuntu/neo-service-layer/tests/Tee/NeoServiceLayer.Tee.Enclave.Tests/ProductionSGXEnclaveWrapperTests.cs(289,24): error CS1525: Invalid expression term '=' [/home/ubuntu/neo-service-layer/tests/Tee/NeoServiceLayer.Tee.Enclave.Tests/NeoServiceLayer.Tee.Enclave.Tests.csproj]
/home/ubuntu/neo-service-layer/tests/Tee/NeoServiceLayer.Tee.Enclave.Tests/ProductionSGXEnclaveWrapperTests.cs(290,66): error CS1026: ) expected [/home/ubuntu/neo-service-layer/tests/Tee/NeoServiceLayer.Tee.Enclave.Tests/NeoServiceLayer.Tee.Enclave.Tests.csproj]
/home/ubuntu/neo-service-layer/tests/Tee/NeoServiceLayer.Tee.Enclave.Tests/ProductionSGXEnclaveWrapperTests.cs(290,66): error CS1002: ; expected [/home/ubuntu/neo-service-layer/tests/Tee/NeoServiceLayer.Tee.Enclave.Tests/NeoServiceLayer.Tee.Enclave.Tests.csproj]
/home/ubuntu/neo-service-layer/tests/Tee/NeoServiceLayer.Tee.Enclave.Tests/ProductionSGXEnclaveWrapperTests.cs(290,66): error CS0116: A namespace cannot directly contain members such as fields, methods or statements [/home/ubuntu/neo-service-layer/tests/Tee/NeoServiceLayer.Tee.Enclave.Tests/NeoServiceLayer.Tee.Enclave.Tests.csproj]
/home/ubuntu/neo-service-layer/tests/Tee/NeoServiceLayer.Tee.Enclave.Tests/ProductionSGXEnclaveWrapperTests.cs(290,72): error CS1022: Type or namespace definition, or end-of-file expected [/home/ubuntu/neo-service-layer/tests/Tee/NeoServiceLayer.Tee.Enclave.Tests/NeoServiceLayer.Tee.Enclave.Tests.csproj]
/home/ubuntu/neo-service-layer/tests/Tee/NeoServiceLayer.Tee.Enclave.Tests/ProductionSGXEnclaveWrapperTests.cs(291,9): error CS1022: Type or namespace definition, or end-of-file expected [/home/ubuntu/neo-service-layer/tests/Tee/NeoServiceLayer.Tee.Enclave.Tests/NeoServiceLayer.Tee.Enclave.Tests.csproj]
/home/ubuntu/neo-service-layer/tests/Tee/NeoServiceLayer.Tee.Enclave.Tests/ProductionSGXEnclaveWrapperTests.cs(306,5): error CS1022: Type or namespace definition, or end-of-file expected [/home/ubuntu/neo-service-layer/tests/Tee/NeoServiceLayer.Tee.Enclave.Tests/NeoServiceLayer.Tee.Enclave.Tests.csproj]
/home/ubuntu/neo-service-layer/tests/Tee/NeoServiceLayer.Tee.Enclave.Tests/ProductionSGXEnclaveWrapperTests.cs(308,5): error CS0106: The modifier 'public' is not valid for this item [/home/ubuntu/neo-service-layer/tests/Tee/NeoServiceLayer.Tee.Enclave.Tests/NeoServiceLayer.Tee.Enclave.Tests.csproj]
/home/ubuntu/neo-service-layer/tests/Tee/NeoServiceLayer.Tee.Enclave.Tests/ProductionSGXEnclaveWrapperTests.cs(312,1): error CS1022: Type or namespace definition, or end-of-file expected [/home/ubuntu/neo-service-layer/tests/Tee/NeoServiceLayer.Tee.Enclave.Tests/NeoServiceLayer.Tee.Enclave.Tests.csproj]
  NeoServiceLayer.Tee.Host -> /home/ubuntu/neo-service-layer/src/Tee/NeoServiceLayer.Tee.Host/bin/Debug/net9.0/NeoServiceLayer.Tee.Host.dll
  NeoServiceLayer.Tee.Host.Tests -> /home/ubuntu/neo-service-layer/tests/Tee/NeoServiceLayer.Tee.Host.Tests/bin/Debug/net9.0/NeoServiceLayer.Tee.Host.Tests.dll
  NeoServiceLayer.Neo.N3.Tests -> /home/ubuntu/neo-service-layer/tests/Blockchain/NeoServiceLayer.Neo.N3.Tests/bin/Debug/net9.0/NeoServiceLayer.Neo.N3.Tests.dll
  NeoServiceLayer.ServiceFramework -> /home/ubuntu/neo-service-layer/src/Core/NeoServiceLayer.ServiceFramework/bin/Debug/net9.0/NeoServiceLayer.ServiceFramework.dll
  NeoServiceLayer.Neo.X.Tests -> /home/ubuntu/neo-service-layer/tests/Blockchain/NeoServiceLayer.Neo.X.Tests/bin/Debug/net9.0/NeoServiceLayer.Neo.X.Tests.dll
/home/ubuntu/neo-service-layer/src/Services/NeoServiceLayer.Services.Monitoring/MonitoringService.Core.cs(14,42): error CS0104: 'EnclaveBlockchainServiceBase' is an ambiguous reference between 'NeoServiceLayer.Core.EnclaveBlockchainServiceBase' and 'NeoServiceLayer.ServiceFramework.EnclaveBlockchainServiceBase' [/home/ubuntu/neo-service-layer/src/Services/NeoServiceLayer.Services.Monitoring/NeoServiceLayer.Services.Monitoring.csproj]
/home/ubuntu/neo-service-layer/src/Services/NeoServiceLayer.Services.Monitoring/MonitoringService.Core.cs(14,72): error CS0535: 'MonitoringService' does not implement interface member 'IService.InitializeAsync()' [/home/ubuntu/neo-service-layer/src/Services/NeoServiceLayer.Services.Monitoring/NeoServiceLayer.Services.Monitoring.csproj]
/home/ubuntu/neo-service-layer/src/Services/NeoServiceLayer.Services.Monitoring/MonitoringService.Core.cs(14,72): error CS0535: 'MonitoringService' does not implement interface member 'IService.StartAsync()' [/home/ubuntu/neo-service-layer/src/Services/NeoServiceLayer.Services.Monitoring/NeoServiceLayer.Services.Monitoring.csproj]
/home/ubuntu/neo-service-layer/src/Services/NeoServiceLayer.Services.Monitoring/MonitoringService.Core.cs(14,72): error CS0535: 'MonitoringService' does not implement interface member 'IService.StopAsync()' [/home/ubuntu/neo-service-layer/src/Services/NeoServiceLayer.Services.Monitoring/NeoServiceLayer.Services.Monitoring.csproj]
/home/ubuntu/neo-service-layer/src/Services/NeoServiceLayer.Services.Monitoring/MonitoringService.Core.cs(14,72): error CS0535: 'MonitoringService' does not implement interface member 'IService.GetHealthAsync()' [/home/ubuntu/neo-service-layer/src/Services/NeoServiceLayer.Services.Monitoring/NeoServiceLayer.Services.Monitoring.csproj]
/home/ubuntu/neo-service-layer/src/Services/NeoServiceLayer.Services.Monitoring/MonitoringService.Core.cs(14,72): error CS0535: 'MonitoringService' does not implement interface member 'IService.GetMetricsAsync()' [/home/ubuntu/neo-service-layer/src/Services/NeoServiceLayer.Services.Monitoring/NeoServiceLayer.Services.Monitoring.csproj]
/home/ubuntu/neo-service-layer/src/Services/NeoServiceLayer.Services.Monitoring/MonitoringService.Core.cs(14,72): error CS0535: 'MonitoringService' does not implement interface member 'IService.ValidateDependenciesAsync(IEnumerable<IService>)' [/home/ubuntu/neo-service-layer/src/Services/NeoServiceLayer.Services.Monitoring/NeoServiceLayer.Services.Monitoring.csproj]
/home/ubuntu/neo-service-layer/src/Services/NeoServiceLayer.Services.Monitoring/MonitoringService.Core.cs(14,72): error CS0535: 'MonitoringService' does not implement interface member 'IService.Name' [/home/ubuntu/neo-service-layer/src/Services/NeoServiceLayer.Services.Monitoring/NeoServiceLayer.Services.Monitoring.csproj]
/home/ubuntu/neo-service-layer/src/Services/NeoServiceLayer.Services.Monitoring/MonitoringService.Core.cs(14,72): error CS0535: 'MonitoringService' does not implement interface member 'IService.Description' [/home/ubuntu/neo-service-layer/src/Services/NeoServiceLayer.Services.Monitoring/NeoServiceLayer.Services.Monitoring.csproj]
/home/ubuntu/neo-service-layer/src/Services/NeoServiceLayer.Services.Monitoring/MonitoringService.Core.cs(14,72): error CS0535: 'MonitoringService' does not implement interface member 'IService.Version' [/home/ubuntu/neo-service-layer/src/Services/NeoServiceLayer.Services.Monitoring/NeoServiceLayer.Services.Monitoring.csproj]
/home/ubuntu/neo-service-layer/src/Services/NeoServiceLayer.Services.Monitoring/MonitoringService.Core.cs(14,72): error CS0535: 'MonitoringService' does not implement interface member 'IService.IsRunning' [/home/ubuntu/neo-service-layer/src/Services/NeoServiceLayer.Services.Monitoring/NeoServiceLayer.Services.Monitoring.csproj]
/home/ubuntu/neo-service-layer/src/Services/NeoServiceLayer.Services.Monitoring/MonitoringService.Core.cs(14,72): error CS0535: 'MonitoringService' does not implement interface member 'IService.Dependencies' [/home/ubuntu/neo-service-layer/src/Services/NeoServiceLayer.Services.Monitoring/NeoServiceLayer.Services.Monitoring.csproj]
/home/ubuntu/neo-service-layer/src/Services/NeoServiceLayer.Services.Monitoring/MonitoringService.Core.cs(14,72): error CS0535: 'MonitoringService' does not implement interface member 'IService.Capabilities' [/home/ubuntu/neo-service-layer/src/Services/NeoServiceLayer.Services.Monitoring/NeoServiceLayer.Services.Monitoring.csproj]
/home/ubuntu/neo-service-layer/src/Services/NeoServiceLayer.Services.Monitoring/MonitoringService.Core.cs(14,72): error CS0535: 'MonitoringService' does not implement interface member 'IService.Metadata' [/home/ubuntu/neo-service-layer/src/Services/NeoServiceLayer.Services.Monitoring/NeoServiceLayer.Services.Monitoring.csproj]
  NeoServiceLayer.AI.Prediction -> /home/ubuntu/neo-service-layer/src/AI/NeoServiceLayer.AI.Prediction/bin/Debug/net9.0/NeoServiceLayer.AI.Prediction.dll
/home/ubuntu/neo-service-layer/src/Services/NeoServiceLayer.Services.Notification/NotificationService.EnclaveOperations.cs(4,32): error CS0234: The type or namespace name 'Core' does not exist in the namespace 'NeoServiceLayer.Services' (are you missing an assembly reference?) [/home/ubuntu/neo-service-layer/src/Services/NeoServiceLayer.Services.Notification/NeoServiceLayer.Services.Notification.csproj]
/home/ubuntu/neo-service-layer/src/Services/NeoServiceLayer.Services.Notification/NotificationService.cs(17,44): error CS0104: 'EnclaveBlockchainServiceBase' is an ambiguous reference between 'NeoServiceLayer.Core.EnclaveBlockchainServiceBase' and 'NeoServiceLayer.ServiceFramework.EnclaveBlockchainServiceBase' [/home/ubuntu/neo-service-layer/src/Services/NeoServiceLayer.Services.Notification/NeoServiceLayer.Services.Notification.csproj]
/home/ubuntu/neo-service-layer/src/Services/NeoServiceLayer.Services.Notification/NotificationService.cs(17,74): error CS0535: 'NotificationService' does not implement interface member 'IService.InitializeAsync()' [/home/ubuntu/neo-service-layer/src/Services/NeoServiceLayer.Services.Notification/NeoServiceLayer.Services.Notification.csproj]
/home/ubuntu/neo-service-layer/src/Services/NeoServiceLayer.Services.Notification/NotificationService.cs(17,74): error CS0535: 'NotificationService' does not implement interface member 'IService.StartAsync()' [/home/ubuntu/neo-service-layer/src/Services/NeoServiceLayer.Services.Notification/NeoServiceLayer.Services.Notification.csproj]
/home/ubuntu/neo-service-layer/src/Services/NeoServiceLayer.Services.Notification/NotificationService.cs(17,74): error CS0535: 'NotificationService' does not implement interface member 'IService.StopAsync()' [/home/ubuntu/neo-service-layer/src/Services/NeoServiceLayer.Services.Notification/NeoServiceLayer.Services.Notification.csproj]
/home/ubuntu/neo-service-layer/src/Services/NeoServiceLayer.Services.Notification/NotificationService.cs(17,74): error CS0535: 'NotificationService' does not implement interface member 'IService.GetHealthAsync()' [/home/ubuntu/neo-service-layer/src/Services/NeoServiceLayer.Services.Notification/NeoServiceLayer.Services.Notification.csproj]
/home/ubuntu/neo-service-layer/src/Services/NeoServiceLayer.Services.Notification/NotificationService.cs(17,74): error CS0535: 'NotificationService' does not implement interface member 'IService.GetMetricsAsync()' [/home/ubuntu/neo-service-layer/src/Services/NeoServiceLayer.Services.Notification/NeoServiceLayer.Services.Notification.csproj]
/home/ubuntu/neo-service-layer/src/Services/NeoServiceLayer.Services.Notification/NotificationService.cs(17,74): error CS0535: 'NotificationService' does not implement interface member 'IService.ValidateDependenciesAsync(IEnumerable<IService>)' [/home/ubuntu/neo-service-layer/src/Services/NeoServiceLayer.Services.Notification/NeoServiceLayer.Services.Notification.csproj]
/home/ubuntu/neo-service-layer/src/Services/NeoServiceLayer.Services.Notification/NotificationService.cs(17,74): error CS0535: 'NotificationService' does not implement interface member 'IService.Name' [/home/ubuntu/neo-service-layer/src/Services/NeoServiceLayer.Services.Notification/NeoServiceLayer.Services.Notification.csproj]
/home/ubuntu/neo-service-layer/src/Services/NeoServiceLayer.Services.Notification/NotificationService.cs(17,74): error CS0535: 'NotificationService' does not implement interface member 'IService.Description' [/home/ubuntu/neo-service-layer/src/Services/NeoServiceLayer.Services.Notification/NeoServiceLayer.Services.Notification.csproj]
/home/ubuntu/neo-service-layer/src/Services/NeoServiceLayer.Services.Notification/NotificationService.cs(17,74): error CS0535: 'NotificationService' does not implement interface member 'IService.Version' [/home/ubuntu/neo-service-layer/src/Services/NeoServiceLayer.Services.Notification/NeoServiceLayer.Services.Notification.csproj]
/home/ubuntu/neo-service-layer/src/Services/NeoServiceLayer.Services.Notification/NotificationService.cs(17,74): error CS0535: 'NotificationService' does not implement interface member 'IService.IsRunning' [/home/ubuntu/neo-service-layer/src/Services/NeoServiceLayer.Services.Notification/NeoServiceLayer.Services.Notification.csproj]
/home/ubuntu/neo-service-layer/src/Services/NeoServiceLayer.Services.Notification/NotificationService.cs(17,74): error CS0535: 'NotificationService' does not implement interface member 'IService.Dependencies' [/home/ubuntu/neo-service-layer/src/Services/NeoServiceLayer.Services.Notification/NeoServiceLayer.Services.Notification.csproj]
/home/ubuntu/neo-service-layer/src/Services/NeoServiceLayer.Services.Notification/NotificationService.cs(17,74): error CS0535: 'NotificationService' does not implement interface member 'IService.Capabilities' [/home/ubuntu/neo-service-layer/src/Services/NeoServiceLayer.Services.Notification/NeoServiceLayer.Services.Notification.csproj]
/home/ubuntu/neo-service-layer/src/Services/NeoServiceLayer.Services.Notification/NotificationService.cs(17,74): error CS0535: 'NotificationService' does not implement interface member 'IService.Metadata' [/home/ubuntu/neo-service-layer/src/Services/NeoServiceLayer.Services.Notification/NeoServiceLayer.Services.Notification.csproj]
/home/ubuntu/neo-service-layer/src/Services/NeoServiceLayer.Services.AbstractAccount/AbstractAccountService.cs(6,32): error CS0234: The type or namespace name 'EnclaveStorage' does not exist in the namespace 'NeoServiceLayer.Services' (are you missing an assembly reference?) [/home/ubuntu/neo-service-layer/src/Services/NeoServiceLayer.Services.AbstractAccount/NeoServiceLayer.Services.AbstractAccount.csproj]
/home/ubuntu/neo-service-layer/src/Services/NeoServiceLayer.Services.AbstractAccount/AbstractAccountService.EnclaveOperations.cs(3,32): error CS0234: The type or namespace name 'Core' does not exist in the namespace 'NeoServiceLayer.Services' (are you missing an assembly reference?) [/home/ubuntu/neo-service-layer/src/Services/NeoServiceLayer.Services.AbstractAccount/NeoServiceLayer.Services.AbstractAccount.csproj]
/home/ubuntu/neo-service-layer/src/Services/NeoServiceLayer.Services.AbstractAccount/AbstractAccountService.cs(30,9): error CS0246: The type or namespace name 'IEnclaveStorageService' could not be found (are you missing a using directive or an assembly reference?) [/home/ubuntu/neo-service-layer/src/Services/NeoServiceLayer.Services.AbstractAccount/NeoServiceLayer.Services.AbstractAccount.csproj]
/home/ubuntu/neo-service-layer/src/Services/NeoServiceLayer.Services.AbstractAccount/AbstractAccountService.cs(42,36): error CS0246: The type or namespace name 'SGXPersistenceBase' could not be found (are you missing a using directive or an assembly reference?) [/home/ubuntu/neo-service-layer/src/Services/NeoServiceLayer.Services.AbstractAccount/NeoServiceLayer.Services.AbstractAccount.csproj]
/home/ubuntu/neo-service-layer/src/Services/NeoServiceLayer.Services.AbstractAccount/AbstractAccountService.cs(44,51): error CS0246: The type or namespace name 'IEnclaveStorageService' could not be found (are you missing a using directive or an assembly reference?) [/home/ubuntu/neo-service-layer/src/Services/NeoServiceLayer.Services.AbstractAccount/NeoServiceLayer.Services.AbstractAccount.csproj]
/home/ubuntu/neo-service-layer/src/Services/NeoServiceLayer.Services.EventSubscription/EventSubscriptionService.Core.cs(14,49): error CS0104: 'EnclaveBlockchainServiceBase' is an ambiguous reference between 'NeoServiceLayer.Core.EnclaveBlockchainServiceBase' and 'NeoServiceLayer.ServiceFramework.EnclaveBlockchainServiceBase' [/home/ubuntu/neo-service-layer/src/Services/NeoServiceLayer.Services.EventSubscription/NeoServiceLayer.Services.EventSubscription.csproj]
/home/ubuntu/neo-service-layer/src/Services/NeoServiceLayer.Services.EventSubscription/EventSubscriptionService.Core.cs(14,79): error CS0535: 'EventSubscriptionService' does not implement interface member 'IEnclaveService.InitializeEnclaveAsync()' [/home/ubuntu/neo-service-layer/src/Services/NeoServiceLayer.Services.EventSubscription/NeoServiceLayer.Services.EventSubscription.csproj]
/home/ubuntu/neo-service-layer/src/Services/NeoServiceLayer.Services.EventSubscription/EventSubscriptionService.Core.cs(14,79): error CS0535: 'EventSubscriptionService' does not implement interface member 'IEnclaveService.GetAttestationAsync()' [/home/ubuntu/neo-service-layer/src/Services/NeoServiceLayer.Services.EventSubscription/NeoServiceLayer.Services.EventSubscription.csproj]
/home/ubuntu/neo-service-layer/src/Services/NeoServiceLayer.Services.EventSubscription/EventSubscriptionService.Core.cs(14,79): error CS0535: 'EventSubscriptionService' does not implement interface member 'IEnclaveService.ValidateEnclaveAsync()' [/home/ubuntu/neo-service-layer/src/Services/NeoServiceLayer.Services.EventSubscription/NeoServiceLayer.Services.EventSubscription.csproj]
/home/ubuntu/neo-service-layer/src/Services/NeoServiceLayer.Services.EventSubscription/EventSubscriptionService.Core.cs(14,79): error CS0535: 'EventSubscriptionService' does not implement interface member 'IEnclaveService.HasEnclaveCapabilities' [/home/ubuntu/neo-service-layer/src/Services/NeoServiceLayer.Services.EventSubscription/NeoServiceLayer.Services.EventSubscription.csproj]
/home/ubuntu/neo-service-layer/src/Services/NeoServiceLayer.Services.EventSubscription/EventSubscriptionService.Core.cs(14,79): error CS0535: 'EventSubscriptionService' does not implement interface member 'IEnclaveService.IsEnclaveInitialized' [/home/ubuntu/neo-service-layer/src/Services/NeoServiceLayer.Services.EventSubscription/NeoServiceLayer.Services.EventSubscription.csproj]
/home/ubuntu/neo-service-layer/src/Services/NeoServiceLayer.Services.EventSubscription/EventSubscriptionService.Core.cs(14,79): error CS0535: 'EventSubscriptionService' does not implement interface member 'IBlockchainService.SupportedBlockchains' [/home/ubuntu/neo-service-layer/src/Services/NeoServiceLayer.Services.EventSubscription/NeoServiceLayer.Services.EventSubscription.csproj]
/home/ubuntu/neo-service-layer/src/Services/NeoServiceLayer.Services.EventSubscription/EventSubscriptionService.Core.cs(14,79): error CS0535: 'EventSubscriptionService' does not implement interface member 'IService.InitializeAsync()' [/home/ubuntu/neo-service-layer/src/Services/NeoServiceLayer.Services.EventSubscription/NeoServiceLayer.Services.EventSubscription.csproj]
/home/ubuntu/neo-service-layer/src/Services/NeoServiceLayer.Services.EventSubscription/EventSubscriptionService.Core.cs(14,79): error CS0535: 'EventSubscriptionService' does not implement interface member 'IService.StartAsync()' [/home/ubuntu/neo-service-layer/src/Services/NeoServiceLayer.Services.EventSubscription/NeoServiceLayer.Services.EventSubscription.csproj]
/home/ubuntu/neo-service-layer/src/Services/NeoServiceLayer.Services.EventSubscription/EventSubscriptionService.Core.cs(14,79): error CS0535: 'EventSubscriptionService' does not implement interface member 'IService.StopAsync()' [/home/ubuntu/neo-service-layer/src/Services/NeoServiceLayer.Services.EventSubscription/NeoServiceLayer.Services.EventSubscription.csproj]
/home/ubuntu/neo-service-layer/src/Services/NeoServiceLayer.Services.EventSubscription/EventSubscriptionService.Core.cs(14,79): error CS0535: 'EventSubscriptionService' does not implement interface member 'IService.GetHealthAsync()' [/home/ubuntu/neo-service-layer/src/Services/NeoServiceLayer.Services.EventSubscription/NeoServiceLayer.Services.EventSubscription.csproj]
/home/ubuntu/neo-service-layer/src/Services/NeoServiceLayer.Services.EventSubscription/EventSubscriptionService.Core.cs(14,79): error CS0535: 'EventSubscriptionService' does not implement interface member 'IService.GetMetricsAsync()' [/home/ubuntu/neo-service-layer/src/Services/NeoServiceLayer.Services.EventSubscription/NeoServiceLayer.Services.EventSubscription.csproj]
/home/ubuntu/neo-service-layer/src/Services/NeoServiceLayer.Services.EventSubscription/EventSubscriptionService.Core.cs(14,79): error CS0535: 'EventSubscriptionService' does not implement interface member 'IService.ValidateDependenciesAsync(IEnumerable<IService>)' [/home/ubuntu/neo-service-layer/src/Services/NeoServiceLayer.Services.EventSubscription/NeoServiceLayer.Services.EventSubscription.csproj]
/home/ubuntu/neo-service-layer/src/Services/NeoServiceLayer.Services.EventSubscription/EventSubscriptionService.Core.cs(14,79): error CS0535: 'EventSubscriptionService' does not implement interface member 'IService.Name' [/home/ubuntu/neo-service-layer/src/Services/NeoServiceLayer.Services.EventSubscription/NeoServiceLayer.Services.EventSubscription.csproj]
/home/ubuntu/neo-service-layer/src/Services/NeoServiceLayer.Services.EventSubscription/EventSubscriptionService.Core.cs(14,79): error CS0535: 'EventSubscriptionService' does not implement interface member 'IService.Description' [/home/ubuntu/neo-service-layer/src/Services/NeoServiceLayer.Services.EventSubscription/NeoServiceLayer.Services.EventSubscription.csproj]
/home/ubuntu/neo-service-layer/src/Services/NeoServiceLayer.Services.EventSubscription/EventSubscriptionService.Core.cs(14,79): error CS0535: 'EventSubscriptionService' does not implement interface member 'IService.Version' [/home/ubuntu/neo-service-layer/src/Services/NeoServiceLayer.Services.EventSubscription/NeoServiceLayer.Services.EventSubscription.csproj]
/home/ubuntu/neo-service-layer/src/Services/NeoServiceLayer.Services.EventSubscription/EventSubscriptionService.Core.cs(14,79): error CS0535: 'EventSubscriptionService' does not implement interface member 'IService.IsRunning' [/home/ubuntu/neo-service-layer/src/Services/NeoServiceLayer.Services.EventSubscription/NeoServiceLayer.Services.EventSubscription.csproj]
/home/ubuntu/neo-service-layer/src/Services/NeoServiceLayer.Services.EventSubscription/EventSubscriptionService.Core.cs(14,79): error CS0535: 'EventSubscriptionService' does not implement interface member 'IService.Dependencies' [/home/ubuntu/neo-service-layer/src/Services/NeoServiceLayer.Services.EventSubscription/NeoServiceLayer.Services.EventSubscription.csproj]
/home/ubuntu/neo-service-layer/src/Services/NeoServiceLayer.Services.EventSubscription/EventSubscriptionService.Core.cs(14,79): error CS0535: 'EventSubscriptionService' does not implement interface member 'IService.Capabilities' [/home/ubuntu/neo-service-layer/src/Services/NeoServiceLayer.Services.EventSubscription/NeoServiceLayer.Services.EventSubscription.csproj]
/home/ubuntu/neo-service-layer/src/Services/NeoServiceLayer.Services.EventSubscription/EventSubscriptionService.Core.cs(14,79): error CS0535: 'EventSubscriptionService' does not implement interface member 'IService.Metadata' [/home/ubuntu/neo-service-layer/src/Services/NeoServiceLayer.Services.EventSubscription/NeoServiceLayer.Services.EventSubscription.csproj]
/home/ubuntu/neo-service-layer/src/Infrastructure/NeoServiceLayer.Infrastructure.Security/SecurityService.cs(241,29): warning SYSLIB0053: 'AesGcm.AesGcm(byte[])' is obsolete: 'AesGcm should indicate the required tag size for encryption and decryption. Use a constructor that accepts the tag size.' (https://aka.ms/dotnet-warnings/SYSLIB0053) [/home/ubuntu/neo-service-layer/src/Infrastructure/NeoServiceLayer.Infrastructure.Security/NeoServiceLayer.Infrastructure.Security.csproj]
/home/ubuntu/neo-service-layer/src/Infrastructure/NeoServiceLayer.Infrastructure.Security/SecurityService.cs(306,29): warning SYSLIB0053: 'AesGcm.AesGcm(byte[])' is obsolete: 'AesGcm should indicate the required tag size for encryption and decryption. Use a constructor that accepts the tag size.' (https://aka.ms/dotnet-warnings/SYSLIB0053) [/home/ubuntu/neo-service-layer/src/Infrastructure/NeoServiceLayer.Infrastructure.Security/NeoServiceLayer.Infrastructure.Security.csproj]
/home/ubuntu/neo-service-layer/src/Infrastructure/NeoServiceLayer.Infrastructure.Security/SecurityService.cs(285,41): warning CS1998: This async method lacks 'await' operators and will run synchronously. Consider using the 'await' operator to await non-blocking API calls, or 'await Task.Run(...)' to do CPU-bound work on a background thread. [/home/ubuntu/neo-service-layer/src/Infrastructure/NeoServiceLayer.Infrastructure.Security/NeoServiceLayer.Infrastructure.Security.csproj]
/home/ubuntu/neo-service-layer/src/Infrastructure/NeoServiceLayer.Infrastructure.Security/SecurityService.cs(583,29): warning SYSLIB0053: 'AesGcm.AesGcm(byte[])' is obsolete: 'AesGcm should indicate the required tag size for encryption and decryption. Use a constructor that accepts the tag size.' (https://aka.ms/dotnet-warnings/SYSLIB0053) [/home/ubuntu/neo-service-layer/src/Infrastructure/NeoServiceLayer.Infrastructure.Security/NeoServiceLayer.Infrastructure.Security.csproj]
/home/ubuntu/neo-service-layer/src/Infrastructure/NeoServiceLayer.Infrastructure.Security/SecurityService.cs(24,26): warning CS0414: The field 'SecurityService._keyRotationIntervalHours' is assigned but its value is never used [/home/ubuntu/neo-service-layer/src/Infrastructure/NeoServiceLayer.Infrastructure.Security/NeoServiceLayer.Infrastructure.Security.csproj]
  NeoServiceLayer.Infrastructure.Security -> /home/ubuntu/neo-service-layer/src/Infrastructure/NeoServiceLayer.Infrastructure.Security/bin/Debug/net9.0/NeoServiceLayer.Infrastructure.Security.dll
/home/ubuntu/neo-service-layer/src/Services/NeoServiceLayer.Services.Compliance/ComplianceService.cs(14,42): error CS0104: 'EnclaveBlockchainServiceBase' is an ambiguous reference between 'NeoServiceLayer.Core.EnclaveBlockchainServiceBase' and 'NeoServiceLayer.ServiceFramework.EnclaveBlockchainServiceBase' [/home/ubuntu/neo-service-layer/src/Services/NeoServiceLayer.Services.Compliance/NeoServiceLayer.Services.Compliance.csproj]
/home/ubuntu/neo-service-layer/src/Services/NeoServiceLayer.Services.Compliance/ComplianceService.cs(14,72): error CS0535: 'ComplianceService' does not implement interface member 'IEnclaveService.InitializeEnclaveAsync()' [/home/ubuntu/neo-service-layer/src/Services/NeoServiceLayer.Services.Compliance/NeoServiceLayer.Services.Compliance.csproj]
/home/ubuntu/neo-service-layer/src/Services/NeoServiceLayer.Services.Compliance/ComplianceService.cs(14,72): error CS0535: 'ComplianceService' does not implement interface member 'IEnclaveService.GetAttestationAsync()' [/home/ubuntu/neo-service-layer/src/Services/NeoServiceLayer.Services.Compliance/NeoServiceLayer.Services.Compliance.csproj]
/home/ubuntu/neo-service-layer/src/Services/NeoServiceLayer.Services.Compliance/ComplianceService.cs(14,72): error CS0535: 'ComplianceService' does not implement interface member 'IEnclaveService.ValidateEnclaveAsync()' [/home/ubuntu/neo-service-layer/src/Services/NeoServiceLayer.Services.Compliance/NeoServiceLayer.Services.Compliance.csproj]
/home/ubuntu/neo-service-layer/src/Services/NeoServiceLayer.Services.Compliance/ComplianceService.cs(14,72): error CS0535: 'ComplianceService' does not implement interface member 'IEnclaveService.HasEnclaveCapabilities' [/home/ubuntu/neo-service-layer/src/Services/NeoServiceLayer.Services.Compliance/NeoServiceLayer.Services.Compliance.csproj]
/home/ubuntu/neo-service-layer/src/Services/NeoServiceLayer.Services.Compliance/ComplianceService.cs(14,72): error CS0535: 'ComplianceService' does not implement interface member 'IEnclaveService.IsEnclaveInitialized' [/home/ubuntu/neo-service-layer/src/Services/NeoServiceLayer.Services.Compliance/NeoServiceLayer.Services.Compliance.csproj]
/home/ubuntu/neo-service-layer/src/Services/NeoServiceLayer.Services.Compliance/ComplianceService.cs(14,72): error CS0535: 'ComplianceService' does not implement interface member 'IBlockchainService.SupportsBlockchain(BlockchainType)' [/home/ubuntu/neo-service-layer/src/Services/NeoServiceLayer.Services.Compliance/NeoServiceLayer.Services.Compliance.csproj]
/home/ubuntu/neo-service-layer/src/Services/NeoServiceLayer.Services.Compliance/ComplianceService.cs(14,72): error CS0535: 'ComplianceService' does not implement interface member 'IBlockchainService.SupportedBlockchains' [/home/ubuntu/neo-service-layer/src/Services/NeoServiceLayer.Services.Compliance/NeoServiceLayer.Services.Compliance.csproj]
/home/ubuntu/neo-service-layer/src/Services/NeoServiceLayer.Services.Compliance/ComplianceService.cs(14,72): error CS0535: 'ComplianceService' does not implement interface member 'IService.InitializeAsync()' [/home/ubuntu/neo-service-layer/src/Services/NeoServiceLayer.Services.Compliance/NeoServiceLayer.Services.Compliance.csproj]
/home/ubuntu/neo-service-layer/src/Services/NeoServiceLayer.Services.Compliance/ComplianceService.cs(14,72): error CS0535: 'ComplianceService' does not implement interface member 'IService.StartAsync()' [/home/ubuntu/neo-service-layer/src/Services/NeoServiceLayer.Services.Compliance/NeoServiceLayer.Services.Compliance.csproj]
/home/ubuntu/neo-service-layer/src/Services/NeoServiceLayer.Services.Compliance/ComplianceService.cs(14,72): error CS0535: 'ComplianceService' does not implement interface member 'IService.StopAsync()' [/home/ubuntu/neo-service-layer/src/Services/NeoServiceLayer.Services.Compliance/NeoServiceLayer.Services.Compliance.csproj]
/home/ubuntu/neo-service-layer/src/Services/NeoServiceLayer.Services.Compliance/ComplianceService.cs(14,72): error CS0535: 'ComplianceService' does not implement interface member 'IService.GetHealthAsync()' [/home/ubuntu/neo-service-layer/src/Services/NeoServiceLayer.Services.Compliance/NeoServiceLayer.Services.Compliance.csproj]
/home/ubuntu/neo-service-layer/src/Services/NeoServiceLayer.Services.Compliance/ComplianceService.cs(14,72): error CS0535: 'ComplianceService' does not implement interface member 'IService.GetMetricsAsync()' [/home/ubuntu/neo-service-layer/src/Services/NeoServiceLayer.Services.Compliance/NeoServiceLayer.Services.Compliance.csproj]
/home/ubuntu/neo-service-layer/src/Services/NeoServiceLayer.Services.Compliance/ComplianceService.cs(14,72): error CS0535: 'ComplianceService' does not implement interface member 'IService.ValidateDependenciesAsync(IEnumerable<IService>)' [/home/ubuntu/neo-service-layer/src/Services/NeoServiceLayer.Services.Compliance/NeoServiceLayer.Services.Compliance.csproj]
/home/ubuntu/neo-service-layer/src/Services/NeoServiceLayer.Services.Compliance/ComplianceService.cs(14,72): error CS0535: 'ComplianceService' does not implement interface member 'IService.Name' [/home/ubuntu/neo-service-layer/src/Services/NeoServiceLayer.Services.Compliance/NeoServiceLayer.Services.Compliance.csproj]
/home/ubuntu/neo-service-layer/src/Services/NeoServiceLayer.Services.Compliance/ComplianceService.cs(14,72): error CS0535: 'ComplianceService' does not implement interface member 'IService.Description' [/home/ubuntu/neo-service-layer/src/Services/NeoServiceLayer.Services.Compliance/NeoServiceLayer.Services.Compliance.csproj]
/home/ubuntu/neo-service-layer/src/Services/NeoServiceLayer.Services.Compliance/ComplianceService.cs(14,72): error CS0535: 'ComplianceService' does not implement interface member 'IService.Version' [/home/ubuntu/neo-service-layer/src/Services/NeoServiceLayer.Services.Compliance/NeoServiceLayer.Services.Compliance.csproj]
/home/ubuntu/neo-service-layer/src/Services/NeoServiceLayer.Services.Compliance/ComplianceService.cs(14,72): error CS0535: 'ComplianceService' does not implement interface member 'IService.IsRunning' [/home/ubuntu/neo-service-layer/src/Services/NeoServiceLayer.Services.Compliance/NeoServiceLayer.Services.Compliance.csproj]
/home/ubuntu/neo-service-layer/src/Services/NeoServiceLayer.Services.Compliance/ComplianceService.cs(14,72): error CS0535: 'ComplianceService' does not implement interface member 'IService.Dependencies' [/home/ubuntu/neo-service-layer/src/Services/NeoServiceLayer.Services.Compliance/NeoServiceLayer.Services.Compliance.csproj]
/home/ubuntu/neo-service-layer/src/Services/NeoServiceLayer.Services.Compliance/ComplianceService.cs(14,72): error CS0535: 'ComplianceService' does not implement interface member 'IService.Capabilities' [/home/ubuntu/neo-service-layer/src/Services/NeoServiceLayer.Services.Compliance/NeoServiceLayer.Services.Compliance.csproj]
/home/ubuntu/neo-service-layer/src/Services/NeoServiceLayer.Services.Compliance/ComplianceService.cs(14,72): error CS0535: 'ComplianceService' does not implement interface member 'IService.Metadata' [/home/ubuntu/neo-service-layer/src/Services/NeoServiceLayer.Services.Compliance/NeoServiceLayer.Services.Compliance.csproj]
/home/ubuntu/neo-service-layer/src/Services/NeoServiceLayer.Services.Storage/StorageService.Core.cs(14,39): error CS0104: 'EnclaveBlockchainServiceBase' is an ambiguous reference between 'NeoServiceLayer.Core.EnclaveBlockchainServiceBase' and 'NeoServiceLayer.ServiceFramework.EnclaveBlockchainServiceBase' [/home/ubuntu/neo-service-layer/src/Services/NeoServiceLayer.Services.Storage/NeoServiceLayer.Services.Storage.csproj]
/home/ubuntu/neo-service-layer/src/Services/NeoServiceLayer.Services.Storage/StorageService.Core.cs(14,69): error CS0535: 'StorageService' does not implement interface member 'IEnclaveService.InitializeEnclaveAsync()' [/home/ubuntu/neo-service-layer/src/Services/NeoServiceLayer.Services.Storage/NeoServiceLayer.Services.Storage.csproj]
/home/ubuntu/neo-service-layer/src/Services/NeoServiceLayer.Services.Storage/StorageService.Core.cs(14,69): error CS0535: 'StorageService' does not implement interface member 'IEnclaveService.GetAttestationAsync()' [/home/ubuntu/neo-service-layer/src/Services/NeoServiceLayer.Services.Storage/NeoServiceLayer.Services.Storage.csproj]
/home/ubuntu/neo-service-layer/src/Services/NeoServiceLayer.Services.Storage/StorageService.Core.cs(14,69): error CS0535: 'StorageService' does not implement interface member 'IEnclaveService.ValidateEnclaveAsync()' [/home/ubuntu/neo-service-layer/src/Services/NeoServiceLayer.Services.Storage/NeoServiceLayer.Services.Storage.csproj]
/home/ubuntu/neo-service-layer/src/Services/NeoServiceLayer.Services.Storage/StorageService.Core.cs(14,69): error CS0535: 'StorageService' does not implement interface member 'IEnclaveService.HasEnclaveCapabilities' [/home/ubuntu/neo-service-layer/src/Services/NeoServiceLayer.Services.Storage/NeoServiceLayer.Services.Storage.csproj]
/home/ubuntu/neo-service-layer/src/Services/NeoServiceLayer.Services.Storage/StorageService.Core.cs(14,69): error CS0535: 'StorageService' does not implement interface member 'IEnclaveService.IsEnclaveInitialized' [/home/ubuntu/neo-service-layer/src/Services/NeoServiceLayer.Services.Storage/NeoServiceLayer.Services.Storage.csproj]
/home/ubuntu/neo-service-layer/src/Services/NeoServiceLayer.Services.Storage/StorageService.Core.cs(14,69): error CS0535: 'StorageService' does not implement interface member 'IBlockchainService.SupportedBlockchains' [/home/ubuntu/neo-service-layer/src/Services/NeoServiceLayer.Services.Storage/NeoServiceLayer.Services.Storage.csproj]
/home/ubuntu/neo-service-layer/src/Services/NeoServiceLayer.Services.Storage/StorageService.Core.cs(14,69): error CS0535: 'StorageService' does not implement interface member 'IService.InitializeAsync()' [/home/ubuntu/neo-service-layer/src/Services/NeoServiceLayer.Services.Storage/NeoServiceLayer.Services.Storage.csproj]
/home/ubuntu/neo-service-layer/src/Services/NeoServiceLayer.Services.Storage/StorageService.Core.cs(14,69): error CS0535: 'StorageService' does not implement interface member 'IService.StartAsync()' [/home/ubuntu/neo-service-layer/src/Services/NeoServiceLayer.Services.Storage/NeoServiceLayer.Services.Storage.csproj]
/home/ubuntu/neo-service-layer/src/Services/NeoServiceLayer.Services.Storage/StorageService.Core.cs(14,69): error CS0535: 'StorageService' does not implement interface member 'IService.StopAsync()' [/home/ubuntu/neo-service-layer/src/Services/NeoServiceLayer.Services.Storage/NeoServiceLayer.Services.Storage.csproj]
/home/ubuntu/neo-service-layer/src/Services/NeoServiceLayer.Services.Storage/StorageService.Core.cs(14,69): error CS0535: 'StorageService' does not implement interface member 'IService.GetHealthAsync()' [/home/ubuntu/neo-service-layer/src/Services/NeoServiceLayer.Services.Storage/NeoServiceLayer.Services.Storage.csproj]
/home/ubuntu/neo-service-layer/src/Services/NeoServiceLayer.Services.Storage/StorageService.Core.cs(14,69): error CS0535: 'StorageService' does not implement interface member 'IService.GetMetricsAsync()' [/home/ubuntu/neo-service-layer/src/Services/NeoServiceLayer.Services.Storage/NeoServiceLayer.Services.Storage.csproj]
/home/ubuntu/neo-service-layer/src/Services/NeoServiceLayer.Services.Storage/StorageService.Core.cs(14,69): error CS0535: 'StorageService' does not implement interface member 'IService.ValidateDependenciesAsync(IEnumerable<IService>)' [/home/ubuntu/neo-service-layer/src/Services/NeoServiceLayer.Services.Storage/NeoServiceLayer.Services.Storage.csproj]
/home/ubuntu/neo-service-layer/src/Services/NeoServiceLayer.Services.Storage/StorageService.Core.cs(14,69): error CS0535: 'StorageService' does not implement interface member 'IService.Name' [/home/ubuntu/neo-service-layer/src/Services/NeoServiceLayer.Services.Storage/NeoServiceLayer.Services.Storage.csproj]
/home/ubuntu/neo-service-layer/src/Services/NeoServiceLayer.Services.Storage/StorageService.Core.cs(14,69): error CS0535: 'StorageService' does not implement interface member 'IService.Description' [/home/ubuntu/neo-service-layer/src/Services/NeoServiceLayer.Services.Storage/NeoServiceLayer.Services.Storage.csproj]
/home/ubuntu/neo-service-layer/src/Services/NeoServiceLayer.Services.Storage/StorageService.Core.cs(14,69): error CS0535: 'StorageService' does not implement interface member 'IService.Version' [/home/ubuntu/neo-service-layer/src/Services/NeoServiceLayer.Services.Storage/NeoServiceLayer.Services.Storage.csproj]
/home/ubuntu/neo-service-layer/src/Services/NeoServiceLayer.Services.Storage/StorageService.Core.cs(14,69): error CS0535: 'StorageService' does not implement interface member 'IService.IsRunning' [/home/ubuntu/neo-service-layer/src/Services/NeoServiceLayer.Services.Storage/NeoServiceLayer.Services.Storage.csproj]
/home/ubuntu/neo-service-layer/src/Services/NeoServiceLayer.Services.Storage/StorageService.Core.cs(14,69): error CS0535: 'StorageService' does not implement interface member 'IService.Dependencies' [/home/ubuntu/neo-service-layer/src/Services/NeoServiceLayer.Services.Storage/NeoServiceLayer.Services.Storage.csproj]
/home/ubuntu/neo-service-layer/src/Services/NeoServiceLayer.Services.Storage/StorageService.Core.cs(14,69): error CS0535: 'StorageService' does not implement interface member 'IService.Capabilities' [/home/ubuntu/neo-service-layer/src/Services/NeoServiceLayer.Services.Storage/NeoServiceLayer.Services.Storage.csproj]
/home/ubuntu/neo-service-layer/src/Services/NeoServiceLayer.Services.Storage/StorageService.Core.cs(14,69): error CS0535: 'StorageService' does not implement interface member 'IService.Metadata' [/home/ubuntu/neo-service-layer/src/Services/NeoServiceLayer.Services.Storage/NeoServiceLayer.Services.Storage.csproj]
  NeoServiceLayer.Infrastructure.Blockchain -> /home/ubuntu/neo-service-layer/src/Infrastructure/NeoServiceLayer.Infrastructure.Blockchain/bin/Debug/net9.0/NeoServiceLayer.Infrastructure.Blockchain.dll
/home/ubuntu/neo-service-layer/src/Services/NeoServiceLayer.Services.Compute/ComputeService.cs(16,14): error CS0260: Missing partial modifier on declaration of type 'ComputeService'; another partial declaration of this type exists [/home/ubuntu/neo-service-layer/src/Services/NeoServiceLayer.Services.Compute/NeoServiceLayer.Services.Compute.csproj]
/home/ubuntu/neo-service-layer/src/Services/NeoServiceLayer.Services.Compute/ComputeService.cs(16,31): error CS0104: 'EnclaveBlockchainServiceBase' is an ambiguous reference between 'NeoServiceLayer.Core.EnclaveBlockchainServiceBase' and 'NeoServiceLayer.ServiceFramework.EnclaveBlockchainServiceBase' [/home/ubuntu/neo-service-layer/src/Services/NeoServiceLayer.Services.Compute/NeoServiceLayer.Services.Compute.csproj]
/home/ubuntu/neo-service-layer/src/Services/NeoServiceLayer.Services.Compute/ComputeServiceCore.cs(12,39): error CS0104: 'EnclaveBlockchainServiceBase' is an ambiguous reference between 'NeoServiceLayer.Core.EnclaveBlockchainServiceBase' and 'NeoServiceLayer.ServiceFramework.EnclaveBlockchainServiceBase' [/home/ubuntu/neo-service-layer/src/Services/NeoServiceLayer.Services.Compute/NeoServiceLayer.Services.Compute.csproj]
/home/ubuntu/neo-service-layer/src/Services/NeoServiceLayer.Services.Compute/ComputeService.cs(16,61): error CS0535: 'ComputeService' does not implement interface member 'IEnclaveService.InitializeEnclaveAsync()' [/home/ubuntu/neo-service-layer/src/Services/NeoServiceLayer.Services.Compute/NeoServiceLayer.Services.Compute.csproj]
/home/ubuntu/neo-service-layer/src/Services/NeoServiceLayer.Services.Compute/ComputeService.cs(16,61): error CS0535: 'ComputeService' does not implement interface member 'IEnclaveService.GetAttestationAsync()' [/home/ubuntu/neo-service-layer/src/Services/NeoServiceLayer.Services.Compute/NeoServiceLayer.Services.Compute.csproj]
/home/ubuntu/neo-service-layer/src/Services/NeoServiceLayer.Services.Compute/ComputeService.cs(16,61): error CS0535: 'ComputeService' does not implement interface member 'IEnclaveService.ValidateEnclaveAsync()' [/home/ubuntu/neo-service-layer/src/Services/NeoServiceLayer.Services.Compute/NeoServiceLayer.Services.Compute.csproj]
/home/ubuntu/neo-service-layer/src/Services/NeoServiceLayer.Services.Compute/ComputeService.cs(16,61): error CS0535: 'ComputeService' does not implement interface member 'IEnclaveService.HasEnclaveCapabilities' [/home/ubuntu/neo-service-layer/src/Services/NeoServiceLayer.Services.Compute/NeoServiceLayer.Services.Compute.csproj]
/home/ubuntu/neo-service-layer/src/Services/NeoServiceLayer.Services.Compute/ComputeService.cs(16,61): error CS0535: 'ComputeService' does not implement interface member 'IEnclaveService.IsEnclaveInitialized' [/home/ubuntu/neo-service-layer/src/Services/NeoServiceLayer.Services.Compute/NeoServiceLayer.Services.Compute.csproj]
/home/ubuntu/neo-service-layer/src/Services/NeoServiceLayer.Services.Compute/ComputeService.cs(16,61): error CS0535: 'ComputeService' does not implement interface member 'IBlockchainService.SupportsBlockchain(BlockchainType)' [/home/ubuntu/neo-service-layer/src/Services/NeoServiceLayer.Services.Compute/NeoServiceLayer.Services.Compute.csproj]
/home/ubuntu/neo-service-layer/src/Services/NeoServiceLayer.Services.Compute/ComputeService.cs(16,61): error CS0535: 'ComputeService' does not implement interface member 'IBlockchainService.SupportedBlockchains' [/home/ubuntu/neo-service-layer/src/Services/NeoServiceLayer.Services.Compute/NeoServiceLayer.Services.Compute.csproj]
/home/ubuntu/neo-service-layer/src/Services/NeoServiceLayer.Services.Compute/ComputeService.cs(16,61): error CS0535: 'ComputeService' does not implement interface member 'IService.InitializeAsync()' [/home/ubuntu/neo-service-layer/src/Services/NeoServiceLayer.Services.Compute/NeoServiceLayer.Services.Compute.csproj]
/home/ubuntu/neo-service-layer/src/Services/NeoServiceLayer.Services.Compute/ComputeService.cs(16,61): error CS0535: 'ComputeService' does not implement interface member 'IService.StartAsync()' [/home/ubuntu/neo-service-layer/src/Services/NeoServiceLayer.Services.Compute/NeoServiceLayer.Services.Compute.csproj]
/home/ubuntu/neo-service-layer/src/Services/NeoServiceLayer.Services.Compute/ComputeService.cs(16,61): error CS0535: 'ComputeService' does not implement interface member 'IService.StopAsync()' [/home/ubuntu/neo-service-layer/src/Services/NeoServiceLayer.Services.Compute/NeoServiceLayer.Services.Compute.csproj]
/home/ubuntu/neo-service-layer/src/Services/NeoServiceLayer.Services.Compute/ComputeService.cs(16,61): error CS0535: 'ComputeService' does not implement interface member 'IService.GetHealthAsync()' [/home/ubuntu/neo-service-layer/src/Services/NeoServiceLayer.Services.Compute/NeoServiceLayer.Services.Compute.csproj]
/home/ubuntu/neo-service-layer/src/Services/NeoServiceLayer.Services.Compute/ComputeService.cs(16,61): error CS0535: 'ComputeService' does not implement interface member 'IService.GetMetricsAsync()' [/home/ubuntu/neo-service-layer/src/Services/NeoServiceLayer.Services.Compute/NeoServiceLayer.Services.Compute.csproj]
/home/ubuntu/neo-service-layer/src/Services/NeoServiceLayer.Services.Compute/ComputeService.cs(16,61): error CS0535: 'ComputeService' does not implement interface member 'IService.ValidateDependenciesAsync(IEnumerable<IService>)' [/home/ubuntu/neo-service-layer/src/Services/NeoServiceLayer.Services.Compute/NeoServiceLayer.Services.Compute.csproj]
/home/ubuntu/neo-service-layer/src/Services/NeoServiceLayer.Services.Compute/ComputeService.cs(16,61): error CS0535: 'ComputeService' does not implement interface member 'IService.Name' [/home/ubuntu/neo-service-layer/src/Services/NeoServiceLayer.Services.Compute/NeoServiceLayer.Services.Compute.csproj]
/home/ubuntu/neo-service-layer/src/Services/NeoServiceLayer.Services.Compute/ComputeService.cs(16,61): error CS0535: 'ComputeService' does not implement interface member 'IService.Description' [/home/ubuntu/neo-service-layer/src/Services/NeoServiceLayer.Services.Compute/NeoServiceLayer.Services.Compute.csproj]
/home/ubuntu/neo-service-layer/src/Services/NeoServiceLayer.Services.Compute/ComputeService.cs(16,61): error CS0535: 'ComputeService' does not implement interface member 'IService.Version' [/home/ubuntu/neo-service-layer/src/Services/NeoServiceLayer.Services.Compute/NeoServiceLayer.Services.Compute.csproj]
/home/ubuntu/neo-service-layer/src/Services/NeoServiceLayer.Services.Compute/ComputeService.cs(16,61): error CS0535: 'ComputeService' does not implement interface member 'IService.IsRunning' [/home/ubuntu/neo-service-layer/src/Services/NeoServiceLayer.Services.Compute/NeoServiceLayer.Services.Compute.csproj]
/home/ubuntu/neo-service-layer/src/Services/NeoServiceLayer.Services.Compute/ComputeService.cs(16,61): error CS0535: 'ComputeService' does not implement interface member 'IService.Dependencies' [/home/ubuntu/neo-service-layer/src/Services/NeoServiceLayer.Services.Compute/NeoServiceLayer.Services.Compute.csproj]
/home/ubuntu/neo-service-layer/src/Services/NeoServiceLayer.Services.Compute/ComputeService.cs(16,61): error CS0535: 'ComputeService' does not implement interface member 'IService.Capabilities' [/home/ubuntu/neo-service-layer/src/Services/NeoServiceLayer.Services.Compute/NeoServiceLayer.Services.Compute.csproj]
/home/ubuntu/neo-service-layer/src/Services/NeoServiceLayer.Services.Compute/ComputeService.cs(16,61): error CS0535: 'ComputeService' does not implement interface member 'IService.Metadata' [/home/ubuntu/neo-service-layer/src/Services/NeoServiceLayer.Services.Compute/NeoServiceLayer.Services.Compute.csproj]
/home/ubuntu/neo-service-layer/src/Services/NeoServiceLayer.Services.Compute/ComputeServiceCore.cs(15,44): error CS0102: The type 'ComputeService' already contains a definition for '_configuration' [/home/ubuntu/neo-service-layer/src/Services/NeoServiceLayer.Services.Compute/NeoServiceLayer.Services.Compute.csproj]
/home/ubuntu/neo-service-layer/src/Services/NeoServiceLayer.Services.Compute/ComputeServiceCore.cs(14,42): error CS0102: The type 'ComputeService' already contains a definition for '_enclaveManager' [/home/ubuntu/neo-service-layer/src/Services/NeoServiceLayer.Services.Compute/NeoServiceLayer.Services.Compute.csproj]
/home/ubuntu/neo-service-layer/src/Services/NeoServiceLayer.Services.Compute/ComputeServiceExecution.cs(13,42): error CS0111: Type 'ComputeService' already defines a member called 'ExecuteComputationAsync' with the same parameter types [/home/ubuntu/neo-service-layer/src/Services/NeoServiceLayer.Services.Compute/NeoServiceLayer.Services.Compute.csproj]
/home/ubuntu/neo-service-layer/src/Services/NeoServiceLayer.Services.Compute/ComputeServiceExecution.cs(137,42): error CS0111: Type 'ComputeService' already defines a member called 'GetComputationStatusAsync' with the same parameter types [/home/ubuntu/neo-service-layer/src/Services/NeoServiceLayer.Services.Compute/NeoServiceLayer.Services.Compute.csproj]
/home/ubuntu/neo-service-layer/src/Services/NeoServiceLayer.Services.Compute/ComputeServiceManagement.cs(13,29): error CS0111: Type 'ComputeService' already defines a member called 'RegisterComputationAsync' with the same parameter types [/home/ubuntu/neo-service-layer/src/Services/NeoServiceLayer.Services.Compute/NeoServiceLayer.Services.Compute.csproj]
/home/ubuntu/neo-service-layer/src/Services/NeoServiceLayer.Services.Compute/ComputeServiceManagement.cs(90,29): error CS0111: Type 'ComputeService' already defines a member called 'UnregisterComputationAsync' with the same parameter types [/home/ubuntu/neo-service-layer/src/Services/NeoServiceLayer.Services.Compute/NeoServiceLayer.Services.Compute.csproj]
/home/ubuntu/neo-service-layer/src/Services/NeoServiceLayer.Services.Compute/ComputeServiceManagement.cs(147,57): error CS0111: Type 'ComputeService' already defines a member called 'ListComputationsAsync' with the same parameter types [/home/ubuntu/neo-service-layer/src/Services/NeoServiceLayer.Services.Compute/NeoServiceLayer.Services.Compute.csproj]
/home/ubuntu/neo-service-layer/src/Services/NeoServiceLayer.Services.Compute/ComputeServiceManagement.cs(200,44): error CS0111: Type 'ComputeService' already defines a member called 'GetComputationMetadataAsync' with the same parameter types [/home/ubuntu/neo-service-layer/src/Services/NeoServiceLayer.Services.Compute/NeoServiceLayer.Services.Compute.csproj]
/home/ubuntu/neo-service-layer/src/Services/NeoServiceLayer.Services.Compute/ComputeServiceCore.cs(248,29): error CS0111: Type 'ComputeService' already defines a member called 'VerifyComputationResultAsync' with the same parameter types [/home/ubuntu/neo-service-layer/src/Services/NeoServiceLayer.Services.Compute/NeoServiceLayer.Services.Compute.csproj]
/home/ubuntu/neo-service-layer/src/Services/NeoServiceLayer.Services.ProofOfReserve/ProofOfReserveConfigurationService.cs(302,39): error CS1001: Identifier expected [/home/ubuntu/neo-service-layer/src/Services/NeoServiceLayer.Services.ProofOfReserve/NeoServiceLayer.Services.ProofOfReserve.csproj]
/home/ubuntu/neo-service-layer/src/Services/NeoServiceLayer.Services.NetworkSecurity/NetworkSecurityService.cs(21,47): error CS0104: 'EnclaveBlockchainServiceBase' is an ambiguous reference between 'NeoServiceLayer.Core.EnclaveBlockchainServiceBase' and 'NeoServiceLayer.ServiceFramework.EnclaveBlockchainServiceBase' [/home/ubuntu/neo-service-layer/src/Services/NeoServiceLayer.Services.NetworkSecurity/NeoServiceLayer.Services.NetworkSecurity.csproj]
/home/ubuntu/neo-service-layer/src/Services/NeoServiceLayer.Services.NetworkSecurity/NetworkSecurityService.cs(21,77): error CS0535: 'NetworkSecurityService' does not implement interface member 'IService.InitializeAsync()' [/home/ubuntu/neo-service-layer/src/Services/NeoServiceLayer.Services.NetworkSecurity/NeoServiceLayer.Services.NetworkSecurity.csproj]
/home/ubuntu/neo-service-layer/src/Services/NeoServiceLayer.Services.NetworkSecurity/NetworkSecurityService.cs(21,77): error CS0535: 'NetworkSecurityService' does not implement interface member 'IService.StartAsync()' [/home/ubuntu/neo-service-layer/src/Services/NeoServiceLayer.Services.NetworkSecurity/NeoServiceLayer.Services.NetworkSecurity.csproj]
/home/ubuntu/neo-service-layer/src/Services/NeoServiceLayer.Services.NetworkSecurity/NetworkSecurityService.cs(21,77): error CS0535: 'NetworkSecurityService' does not implement interface member 'IService.StopAsync()' [/home/ubuntu/neo-service-layer/src/Services/NeoServiceLayer.Services.NetworkSecurity/NeoServiceLayer.Services.NetworkSecurity.csproj]
/home/ubuntu/neo-service-layer/src/Services/NeoServiceLayer.Services.NetworkSecurity/NetworkSecurityService.cs(21,77): error CS0535: 'NetworkSecurityService' does not implement interface member 'IService.GetHealthAsync()' [/home/ubuntu/neo-service-layer/src/Services/NeoServiceLayer.Services.NetworkSecurity/NeoServiceLayer.Services.NetworkSecurity.csproj]
/home/ubuntu/neo-service-layer/src/Services/NeoServiceLayer.Services.NetworkSecurity/NetworkSecurityService.cs(21,77): error CS0535: 'NetworkSecurityService' does not implement interface member 'IService.GetMetricsAsync()' [/home/ubuntu/neo-service-layer/src/Services/NeoServiceLayer.Services.NetworkSecurity/NeoServiceLayer.Services.NetworkSecurity.csproj]
/home/ubuntu/neo-service-layer/src/Services/NeoServiceLayer.Services.NetworkSecurity/NetworkSecurityService.cs(21,77): error CS0535: 'NetworkSecurityService' does not implement interface member 'IService.ValidateDependenciesAsync(IEnumerable<IService>)' [/home/ubuntu/neo-service-layer/src/Services/NeoServiceLayer.Services.NetworkSecurity/NeoServiceLayer.Services.NetworkSecurity.csproj]
/home/ubuntu/neo-service-layer/src/Services/NeoServiceLayer.Services.NetworkSecurity/NetworkSecurityService.cs(21,77): error CS0535: 'NetworkSecurityService' does not implement interface member 'IService.Name' [/home/ubuntu/neo-service-layer/src/Services/NeoServiceLayer.Services.NetworkSecurity/NeoServiceLayer.Services.NetworkSecurity.csproj]
/home/ubuntu/neo-service-layer/src/Services/NeoServiceLayer.Services.NetworkSecurity/NetworkSecurityService.cs(21,77): error CS0535: 'NetworkSecurityService' does not implement interface member 'IService.Description' [/home/ubuntu/neo-service-layer/src/Services/NeoServiceLayer.Services.NetworkSecurity/NeoServiceLayer.Services.NetworkSecurity.csproj]
/home/ubuntu/neo-service-layer/src/Services/NeoServiceLayer.Services.NetworkSecurity/NetworkSecurityService.cs(21,77): error CS0535: 'NetworkSecurityService' does not implement interface member 'IService.Version' [/home/ubuntu/neo-service-layer/src/Services/NeoServiceLayer.Services.NetworkSecurity/NeoServiceLayer.Services.NetworkSecurity.csproj]
/home/ubuntu/neo-service-layer/src/Services/NeoServiceLayer.Services.NetworkSecurity/NetworkSecurityService.cs(21,77): error CS0535: 'NetworkSecurityService' does not implement interface member 'IService.IsRunning' [/home/ubuntu/neo-service-layer/src/Services/NeoServiceLayer.Services.NetworkSecurity/NeoServiceLayer.Services.NetworkSecurity.csproj]
/home/ubuntu/neo-service-layer/src/Services/NeoServiceLayer.Services.NetworkSecurity/NetworkSecurityService.cs(21,77): error CS0535: 'NetworkSecurityService' does not implement interface member 'IService.Dependencies' [/home/ubuntu/neo-service-layer/src/Services/NeoServiceLayer.Services.NetworkSecurity/NeoServiceLayer.Services.NetworkSecurity.csproj]
/home/ubuntu/neo-service-layer/src/Services/NeoServiceLayer.Services.NetworkSecurity/NetworkSecurityService.cs(21,77): error CS0535: 'NetworkSecurityService' does not implement interface member 'IService.Capabilities' [/home/ubuntu/neo-service-layer/src/Services/NeoServiceLayer.Services.NetworkSecurity/NeoServiceLayer.Services.NetworkSecurity.csproj]
/home/ubuntu/neo-service-layer/src/Services/NeoServiceLayer.Services.NetworkSecurity/NetworkSecurityService.cs(21,77): error CS0535: 'NetworkSecurityService' does not implement interface member 'IService.Metadata' [/home/ubuntu/neo-service-layer/src/Services/NeoServiceLayer.Services.NetworkSecurity/NeoServiceLayer.Services.NetworkSecurity.csproj]
/home/ubuntu/neo-service-layer/src/Services/NeoServiceLayer.Services.ZeroKnowledge/ZeroKnowledgeService.EnclaveOperations.cs(4,32): error CS0234: The type or namespace name 'Core' does not exist in the namespace 'NeoServiceLayer.Services' (are you missing an assembly reference?) [/home/ubuntu/neo-service-layer/src/Services/NeoServiceLayer.Services.ZeroKnowledge/NeoServiceLayer.Services.ZeroKnowledge.csproj]
/home/ubuntu/neo-service-layer/src/Services/NeoServiceLayer.Services.ZeroKnowledge/ZeroKnowledgeService.cs(13,45): error CS0104: 'EnclaveBlockchainServiceBase' is an ambiguous reference between 'NeoServiceLayer.Core.EnclaveBlockchainServiceBase' and 'NeoServiceLayer.ServiceFramework.EnclaveBlockchainServiceBase' [/home/ubuntu/neo-service-layer/src/Services/NeoServiceLayer.Services.ZeroKnowledge/NeoServiceLayer.Services.ZeroKnowledge.csproj]
/home/ubuntu/neo-service-layer/src/Services/NeoServiceLayer.Services.ZeroKnowledge/ZeroKnowledgeService.cs(13,75): error CS0535: 'ZeroKnowledgeService' does not implement interface member 'IEnclaveService.InitializeEnclaveAsync()' [/home/ubuntu/neo-service-layer/src/Services/NeoServiceLayer.Services.ZeroKnowledge/NeoServiceLayer.Services.ZeroKnowledge.csproj]
/home/ubuntu/neo-service-layer/src/Services/NeoServiceLayer.Services.ZeroKnowledge/ZeroKnowledgeService.cs(13,75): error CS0535: 'ZeroKnowledgeService' does not implement interface member 'IEnclaveService.GetAttestationAsync()' [/home/ubuntu/neo-service-layer/src/Services/NeoServiceLayer.Services.ZeroKnowledge/NeoServiceLayer.Services.ZeroKnowledge.csproj]
/home/ubuntu/neo-service-layer/src/Services/NeoServiceLayer.Services.ZeroKnowledge/ZeroKnowledgeService.cs(13,75): error CS0535: 'ZeroKnowledgeService' does not implement interface member 'IEnclaveService.ValidateEnclaveAsync()' [/home/ubuntu/neo-service-layer/src/Services/NeoServiceLayer.Services.ZeroKnowledge/NeoServiceLayer.Services.ZeroKnowledge.csproj]
/home/ubuntu/neo-service-layer/src/Services/NeoServiceLayer.Services.ZeroKnowledge/ZeroKnowledgeService.cs(13,75): error CS0535: 'ZeroKnowledgeService' does not implement interface member 'IEnclaveService.HasEnclaveCapabilities' [/home/ubuntu/neo-service-layer/src/Services/NeoServiceLayer.Services.ZeroKnowledge/NeoServiceLayer.Services.ZeroKnowledge.csproj]
/home/ubuntu/neo-service-layer/src/Services/NeoServiceLayer.Services.ZeroKnowledge/ZeroKnowledgeService.cs(13,75): error CS0535: 'ZeroKnowledgeService' does not implement interface member 'IEnclaveService.IsEnclaveInitialized' [/home/ubuntu/neo-service-layer/src/Services/NeoServiceLayer.Services.ZeroKnowledge/NeoServiceLayer.Services.ZeroKnowledge.csproj]
/home/ubuntu/neo-service-layer/src/Services/NeoServiceLayer.Services.ZeroKnowledge/ZeroKnowledgeService.cs(13,75): error CS0535: 'ZeroKnowledgeService' does not implement interface member 'IBlockchainService.SupportsBlockchain(BlockchainType)' [/home/ubuntu/neo-service-layer/src/Services/NeoServiceLayer.Services.ZeroKnowledge/NeoServiceLayer.Services.ZeroKnowledge.csproj]
/home/ubuntu/neo-service-layer/src/Services/NeoServiceLayer.Services.ZeroKnowledge/ZeroKnowledgeService.cs(13,75): error CS0535: 'ZeroKnowledgeService' does not implement interface member 'IBlockchainService.SupportedBlockchains' [/home/ubuntu/neo-service-layer/src/Services/NeoServiceLayer.Services.ZeroKnowledge/NeoServiceLayer.Services.ZeroKnowledge.csproj]
/home/ubuntu/neo-service-layer/src/Services/NeoServiceLayer.Services.ZeroKnowledge/ZeroKnowledgeService.cs(13,75): error CS0535: 'ZeroKnowledgeService' does not implement interface member 'IService.InitializeAsync()' [/home/ubuntu/neo-service-layer/src/Services/NeoServiceLayer.Services.ZeroKnowledge/NeoServiceLayer.Services.ZeroKnowledge.csproj]
/home/ubuntu/neo-service-layer/src/Services/NeoServiceLayer.Services.ZeroKnowledge/ZeroKnowledgeService.cs(13,75): error CS0535: 'ZeroKnowledgeService' does not implement interface member 'IService.StartAsync()' [/home/ubuntu/neo-service-layer/src/Services/NeoServiceLayer.Services.ZeroKnowledge/NeoServiceLayer.Services.ZeroKnowledge.csproj]
/home/ubuntu/neo-service-layer/src/Services/NeoServiceLayer.Services.ZeroKnowledge/ZeroKnowledgeService.cs(13,75): error CS0535: 'ZeroKnowledgeService' does not implement interface member 'IService.StopAsync()' [/home/ubuntu/neo-service-layer/src/Services/NeoServiceLayer.Services.ZeroKnowledge/NeoServiceLayer.Services.ZeroKnowledge.csproj]
/home/ubuntu/neo-service-layer/src/Services/NeoServiceLayer.Services.ZeroKnowledge/ZeroKnowledgeService.cs(13,75): error CS0535: 'ZeroKnowledgeService' does not implement interface member 'IService.GetHealthAsync()' [/home/ubuntu/neo-service-layer/src/Services/NeoServiceLayer.Services.ZeroKnowledge/NeoServiceLayer.Services.ZeroKnowledge.csproj]
/home/ubuntu/neo-service-layer/src/Services/NeoServiceLayer.Services.ZeroKnowledge/ZeroKnowledgeService.cs(13,75): error CS0535: 'ZeroKnowledgeService' does not implement interface member 'IService.GetMetricsAsync()' [/home/ubuntu/neo-service-layer/src/Services/NeoServiceLayer.Services.ZeroKnowledge/NeoServiceLayer.Services.ZeroKnowledge.csproj]
/home/ubuntu/neo-service-layer/src/Services/NeoServiceLayer.Services.ZeroKnowledge/ZeroKnowledgeService.cs(13,75): error CS0535: 'ZeroKnowledgeService' does not implement interface member 'IService.ValidateDependenciesAsync(IEnumerable<IService>)' [/home/ubuntu/neo-service-layer/src/Services/NeoServiceLayer.Services.ZeroKnowledge/NeoServiceLayer.Services.ZeroKnowledge.csproj]
/home/ubuntu/neo-service-layer/src/Services/NeoServiceLayer.Services.ZeroKnowledge/ZeroKnowledgeService.cs(13,75): error CS0535: 'ZeroKnowledgeService' does not implement interface member 'IService.Name' [/home/ubuntu/neo-service-layer/src/Services/NeoServiceLayer.Services.ZeroKnowledge/NeoServiceLayer.Services.ZeroKnowledge.csproj]
/home/ubuntu/neo-service-layer/src/Services/NeoServiceLayer.Services.ZeroKnowledge/ZeroKnowledgeService.cs(13,75): error CS0535: 'ZeroKnowledgeService' does not implement interface member 'IService.Description' [/home/ubuntu/neo-service-layer/src/Services/NeoServiceLayer.Services.ZeroKnowledge/NeoServiceLayer.Services.ZeroKnowledge.csproj]
/home/ubuntu/neo-service-layer/src/Services/NeoServiceLayer.Services.ZeroKnowledge/ZeroKnowledgeService.cs(13,75): error CS0535: 'ZeroKnowledgeService' does not implement interface member 'IService.Version' [/home/ubuntu/neo-service-layer/src/Services/NeoServiceLayer.Services.ZeroKnowledge/NeoServiceLayer.Services.ZeroKnowledge.csproj]
/home/ubuntu/neo-service-layer/src/Services/NeoServiceLayer.Services.ZeroKnowledge/ZeroKnowledgeService.cs(13,75): error CS0535: 'ZeroKnowledgeService' does not implement interface member 'IService.IsRunning' [/home/ubuntu/neo-service-layer/src/Services/NeoServiceLayer.Services.ZeroKnowledge/NeoServiceLayer.Services.ZeroKnowledge.csproj]
/home/ubuntu/neo-service-layer/src/Services/NeoServiceLayer.Services.ZeroKnowledge/ZeroKnowledgeService.cs(13,75): error CS0535: 'ZeroKnowledgeService' does not implement interface member 'IService.Dependencies' [/home/ubuntu/neo-service-layer/src/Services/NeoServiceLayer.Services.ZeroKnowledge/NeoServiceLayer.Services.ZeroKnowledge.csproj]
/home/ubuntu/neo-service-layer/src/Services/NeoServiceLayer.Services.ZeroKnowledge/ZeroKnowledgeService.cs(13,75): error CS0535: 'ZeroKnowledgeService' does not implement interface member 'IService.Capabilities' [/home/ubuntu/neo-service-layer/src/Services/NeoServiceLayer.Services.ZeroKnowledge/NeoServiceLayer.Services.ZeroKnowledge.csproj]
/home/ubuntu/neo-service-layer/src/Services/NeoServiceLayer.Services.ZeroKnowledge/ZeroKnowledgeService.cs(13,75): error CS0535: 'ZeroKnowledgeService' does not implement interface member 'IService.Metadata' [/home/ubuntu/neo-service-layer/src/Services/NeoServiceLayer.Services.ZeroKnowledge/NeoServiceLayer.Services.ZeroKnowledge.csproj]
/home/ubuntu/neo-service-layer/src/Services/NeoServiceLayer.Services.ZeroKnowledge/ZeroKnowledgeService.EnclaveOperations.cs(21,36): error CS0111: Type 'ZeroKnowledgeService' already defines a member called 'GenerateProofInEnclaveAsync' with the same parameter types [/home/ubuntu/neo-service-layer/src/Services/NeoServiceLayer.Services.ZeroKnowledge/NeoServiceLayer.Services.ZeroKnowledge.csproj]
/home/ubuntu/neo-service-layer/src/Services/NeoServiceLayer.Services.ZeroKnowledge/ZeroKnowledgeService.EnclaveOperations.cs(101,34): error CS0111: Type 'ZeroKnowledgeService' already defines a member called 'VerifyProofInEnclaveAsync' with the same parameter types [/home/ubuntu/neo-service-layer/src/Services/NeoServiceLayer.Services.ZeroKnowledge/NeoServiceLayer.Services.ZeroKnowledge.csproj]
/home/ubuntu/neo-service-layer/src/Services/NeoServiceLayer.Services.Backup/Models/BackupServiceModels.cs(173,1): warning CS1570: XML comment has badly formed XML -- 'Expected an end tag for element 'summary'.' [/home/ubuntu/neo-service-layer/src/Services/NeoServiceLayer.Services.Backup/NeoServiceLayer.Services.Backup.csproj]
/home/ubuntu/neo-service-layer/src/Services/NeoServiceLayer.Services.Backup/BackupService.Core.cs(14,38): error CS0104: 'EnclaveBlockchainServiceBase' is an ambiguous reference between 'NeoServiceLayer.Core.EnclaveBlockchainServiceBase' and 'NeoServiceLayer.ServiceFramework.EnclaveBlockchainServiceBase' [/home/ubuntu/neo-service-layer/src/Services/NeoServiceLayer.Services.Backup/NeoServiceLayer.Services.Backup.csproj]
/home/ubuntu/neo-service-layer/src/Services/NeoServiceLayer.Services.Backup/BackupService.Core.cs(14,68): error CS0535: 'BackupService' does not implement interface member 'IService.InitializeAsync()' [/home/ubuntu/neo-service-layer/src/Services/NeoServiceLayer.Services.Backup/NeoServiceLayer.Services.Backup.csproj]
/home/ubuntu/neo-service-layer/src/Services/NeoServiceLayer.Services.Backup/BackupService.Core.cs(14,68): error CS0535: 'BackupService' does not implement interface member 'IService.StartAsync()' [/home/ubuntu/neo-service-layer/src/Services/NeoServiceLayer.Services.Backup/NeoServiceLayer.Services.Backup.csproj]
/home/ubuntu/neo-service-layer/src/Services/NeoServiceLayer.Services.Backup/BackupService.Core.cs(14,68): error CS0535: 'BackupService' does not implement interface member 'IService.StopAsync()' [/home/ubuntu/neo-service-layer/src/Services/NeoServiceLayer.Services.Backup/NeoServiceLayer.Services.Backup.csproj]
/home/ubuntu/neo-service-layer/src/Services/NeoServiceLayer.Services.Backup/BackupService.Core.cs(14,68): error CS0535: 'BackupService' does not implement interface member 'IService.GetHealthAsync()' [/home/ubuntu/neo-service-layer/src/Services/NeoServiceLayer.Services.Backup/NeoServiceLayer.Services.Backup.csproj]
/home/ubuntu/neo-service-layer/src/Services/NeoServiceLayer.Services.Backup/BackupService.Core.cs(14,68): error CS0535: 'BackupService' does not implement interface member 'IService.GetMetricsAsync()' [/home/ubuntu/neo-service-layer/src/Services/NeoServiceLayer.Services.Backup/NeoServiceLayer.Services.Backup.csproj]
/home/ubuntu/neo-service-layer/src/Services/NeoServiceLayer.Services.Backup/BackupService.Core.cs(14,68): error CS0535: 'BackupService' does not implement interface member 'IService.ValidateDependenciesAsync(IEnumerable<IService>)' [/home/ubuntu/neo-service-layer/src/Services/NeoServiceLayer.Services.Backup/NeoServiceLayer.Services.Backup.csproj]
/home/ubuntu/neo-service-layer/src/Services/NeoServiceLayer.Services.Backup/BackupService.Core.cs(14,68): error CS0535: 'BackupService' does not implement interface member 'IService.Name' [/home/ubuntu/neo-service-layer/src/Services/NeoServiceLayer.Services.Backup/NeoServiceLayer.Services.Backup.csproj]
/home/ubuntu/neo-service-layer/src/Services/NeoServiceLayer.Services.Backup/BackupService.Core.cs(14,68): error CS0535: 'BackupService' does not implement interface member 'IService.Description' [/home/ubuntu/neo-service-layer/src/Services/NeoServiceLayer.Services.Backup/NeoServiceLayer.Services.Backup.csproj]
/home/ubuntu/neo-service-layer/src/Services/NeoServiceLayer.Services.Backup/BackupService.Core.cs(14,68): error CS0535: 'BackupService' does not implement interface member 'IService.Version' [/home/ubuntu/neo-service-layer/src/Services/NeoServiceLayer.Services.Backup/NeoServiceLayer.Services.Backup.csproj]
/home/ubuntu/neo-service-layer/src/Services/NeoServiceLayer.Services.Backup/BackupService.Core.cs(14,68): error CS0535: 'BackupService' does not implement interface member 'IService.IsRunning' [/home/ubuntu/neo-service-layer/src/Services/NeoServiceLayer.Services.Backup/NeoServiceLayer.Services.Backup.csproj]
/home/ubuntu/neo-service-layer/src/Services/NeoServiceLayer.Services.Backup/BackupService.Core.cs(14,68): error CS0535: 'BackupService' does not implement interface member 'IService.Dependencies' [/home/ubuntu/neo-service-layer/src/Services/NeoServiceLayer.Services.Backup/NeoServiceLayer.Services.Backup.csproj]
/home/ubuntu/neo-service-layer/src/Services/NeoServiceLayer.Services.Backup/BackupService.Core.cs(14,68): error CS0535: 'BackupService' does not implement interface member 'IService.Capabilities' [/home/ubuntu/neo-service-layer/src/Services/NeoServiceLayer.Services.Backup/NeoServiceLayer.Services.Backup.csproj]
/home/ubuntu/neo-service-layer/src/Services/NeoServiceLayer.Services.Backup/BackupService.Core.cs(14,68): error CS0535: 'BackupService' does not implement interface member 'IService.Metadata' [/home/ubuntu/neo-service-layer/src/Services/NeoServiceLayer.Services.Backup/NeoServiceLayer.Services.Backup.csproj]
/home/ubuntu/neo-service-layer/src/Services/NeoServiceLayer.Services.Automation/AutomationService.cs(14,42): error CS0104: 'EnclaveBlockchainServiceBase' is an ambiguous reference between 'NeoServiceLayer.Core.EnclaveBlockchainServiceBase' and 'NeoServiceLayer.ServiceFramework.EnclaveBlockchainServiceBase' [/home/ubuntu/neo-service-layer/src/Services/NeoServiceLayer.Services.Automation/NeoServiceLayer.Services.Automation.csproj]
/home/ubuntu/neo-service-layer/src/Services/NeoServiceLayer.Services.Automation/Services/ConditionEvaluationService.cs(70,37): error CS0246: The type or namespace name 'AutomationConditionType' could not be found (are you missing a using directive or an assembly reference?) [/home/ubuntu/neo-service-layer/src/Services/NeoServiceLayer.Services.Automation/NeoServiceLayer.Services.Automation.csproj]
/home/ubuntu/neo-service-layer/src/Services/NeoServiceLayer.Services.Automation/Services/ConditionEvaluationService.cs(78,46): error CS0246: The type or namespace name 'AutomationConditionType' could not be found (are you missing a using directive or an assembly reference?) [/home/ubuntu/neo-service-layer/src/Services/NeoServiceLayer.Services.Automation/NeoServiceLayer.Services.Automation.csproj]
/home/ubuntu/neo-service-layer/src/Services/NeoServiceLayer.Services.Automation/Services/IConditionEvaluationService.cs(23,30): error CS0246: The type or namespace name 'AutomationConditionType' could not be found (are you missing a using directive or an assembly reference?) [/home/ubuntu/neo-service-layer/src/Services/NeoServiceLayer.Services.Automation/NeoServiceLayer.Services.Automation.csproj]
/home/ubuntu/neo-service-layer/src/Services/NeoServiceLayer.Services.Automation/AutomationService.cs(14,72): error CS0535: 'AutomationService' does not implement interface member 'IService.InitializeAsync()' [/home/ubuntu/neo-service-layer/src/Services/NeoServiceLayer.Services.Automation/NeoServiceLayer.Services.Automation.csproj]
/home/ubuntu/neo-service-layer/src/Services/NeoServiceLayer.Services.Automation/AutomationService.cs(14,72): error CS0535: 'AutomationService' does not implement interface member 'IService.StartAsync()' [/home/ubuntu/neo-service-layer/src/Services/NeoServiceLayer.Services.Automation/NeoServiceLayer.Services.Automation.csproj]
/home/ubuntu/neo-service-layer/src/Services/NeoServiceLayer.Services.Automation/AutomationService.cs(14,72): error CS0535: 'AutomationService' does not implement interface member 'IService.StopAsync()' [/home/ubuntu/neo-service-layer/src/Services/NeoServiceLayer.Services.Automation/NeoServiceLayer.Services.Automation.csproj]
/home/ubuntu/neo-service-layer/src/Services/NeoServiceLayer.Services.Automation/AutomationService.cs(14,72): error CS0535: 'AutomationService' does not implement interface member 'IService.GetHealthAsync()' [/home/ubuntu/neo-service-layer/src/Services/NeoServiceLayer.Services.Automation/NeoServiceLayer.Services.Automation.csproj]
/home/ubuntu/neo-service-layer/src/Services/NeoServiceLayer.Services.Automation/AutomationService.cs(14,72): error CS0535: 'AutomationService' does not implement interface member 'IService.GetMetricsAsync()' [/home/ubuntu/neo-service-layer/src/Services/NeoServiceLayer.Services.Automation/NeoServiceLayer.Services.Automation.csproj]
/home/ubuntu/neo-service-layer/src/Services/NeoServiceLayer.Services.Automation/AutomationService.cs(14,72): error CS0535: 'AutomationService' does not implement interface member 'IService.ValidateDependenciesAsync(IEnumerable<IService>)' [/home/ubuntu/neo-service-layer/src/Services/NeoServiceLayer.Services.Automation/NeoServiceLayer.Services.Automation.csproj]
/home/ubuntu/neo-service-layer/src/Services/NeoServiceLayer.Services.Automation/AutomationService.cs(14,72): error CS0535: 'AutomationService' does not implement interface member 'IService.Name' [/home/ubuntu/neo-service-layer/src/Services/NeoServiceLayer.Services.Automation/NeoServiceLayer.Services.Automation.csproj]
/home/ubuntu/neo-service-layer/src/Services/NeoServiceLayer.Services.Automation/AutomationService.cs(14,72): error CS0535: 'AutomationService' does not implement interface member 'IService.Description' [/home/ubuntu/neo-service-layer/src/Services/NeoServiceLayer.Services.Automation/NeoServiceLayer.Services.Automation.csproj]
/home/ubuntu/neo-service-layer/src/Services/NeoServiceLayer.Services.Automation/AutomationService.cs(14,72): error CS0535: 'AutomationService' does not implement interface member 'IService.Version' [/home/ubuntu/neo-service-layer/src/Services/NeoServiceLayer.Services.Automation/NeoServiceLayer.Services.Automation.csproj]
/home/ubuntu/neo-service-layer/src/Services/NeoServiceLayer.Services.Automation/AutomationService.cs(14,72): error CS0535: 'AutomationService' does not implement interface member 'IService.IsRunning' [/home/ubuntu/neo-service-layer/src/Services/NeoServiceLayer.Services.Automation/NeoServiceLayer.Services.Automation.csproj]
/home/ubuntu/neo-service-layer/src/Services/NeoServiceLayer.Services.Automation/AutomationService.cs(14,72): error CS0535: 'AutomationService' does not implement interface member 'IService.Dependencies' [/home/ubuntu/neo-service-layer/src/Services/NeoServiceLayer.Services.Automation/NeoServiceLayer.Services.Automation.csproj]
/home/ubuntu/neo-service-layer/src/Services/NeoServiceLayer.Services.Automation/AutomationService.cs(14,72): error CS0535: 'AutomationService' does not implement interface member 'IService.Capabilities' [/home/ubuntu/neo-service-layer/src/Services/NeoServiceLayer.Services.Automation/NeoServiceLayer.Services.Automation.csproj]
/home/ubuntu/neo-service-layer/src/Services/NeoServiceLayer.Services.Automation/AutomationService.cs(14,72): error CS0535: 'AutomationService' does not implement interface member 'IService.Metadata' [/home/ubuntu/neo-service-layer/src/Services/NeoServiceLayer.Services.Automation/NeoServiceLayer.Services.Automation.csproj]
/home/ubuntu/neo-service-layer/src/Services/NeoServiceLayer.Services.Automation/Services/ConditionEvaluationService.cs(116,25): error CS0246: The type or namespace name 'AutomationConditionType' could not be found (are you missing a using directive or an assembly reference?) [/home/ubuntu/neo-service-layer/src/Services/NeoServiceLayer.Services.Automation/NeoServiceLayer.Services.Automation.csproj]
/home/ubuntu/neo-service-layer/src/Services/NeoServiceLayer.Services.Automation/Handlers/BlockchainConditionHandler.cs(24,25): error CS0246: The type or namespace name 'AutomationConditionType' could not be found (are you missing a using directive or an assembly reference?) [/home/ubuntu/neo-service-layer/src/Services/NeoServiceLayer.Services.Automation/NeoServiceLayer.Services.Automation.csproj]
/home/ubuntu/neo-service-layer/src/Services/NeoServiceLayer.Services.Automation/Services/IConditionEvaluationService.cs(28,39): error CS0246: The type or namespace name 'AutomationConditionType' could not be found (are you missing a using directive or an assembly reference?) [/home/ubuntu/neo-service-layer/src/Services/NeoServiceLayer.Services.Automation/NeoServiceLayer.Services.Automation.csproj]
/home/ubuntu/neo-service-layer/src/Services/NeoServiceLayer.Services.Automation/Services/IConditionEvaluationService.cs(44,9): error CS0246: The type or namespace name 'AutomationConditionType' could not be found (are you missing a using directive or an assembly reference?) [/home/ubuntu/neo-service-layer/src/Services/NeoServiceLayer.Services.Automation/NeoServiceLayer.Services.Automation.csproj]
/home/ubuntu/neo-service-layer/src/Services/NeoServiceLayer.Services.Automation/Services/ConditionEvaluationService.cs(15,37): error CS0246: The type or namespace name 'AutomationConditionType' could not be found (are you missing a using directive or an assembly reference?) [/home/ubuntu/neo-service-layer/src/Services/NeoServiceLayer.Services.Automation/NeoServiceLayer.Services.Automation.csproj]
/home/ubuntu/neo-service-layer/src/Services/NeoServiceLayer.Services.KeyManagement/KeyManagementService.EnclaveOperations.cs(4,32): error CS0234: The type or namespace name 'Core' does not exist in the namespace 'NeoServiceLayer.Services' (are you missing an assembly reference?) [/home/ubuntu/neo-service-layer/src/Services/NeoServiceLayer.Services.KeyManagement/NeoServiceLayer.Services.KeyManagement.csproj]
/home/ubuntu/neo-service-layer/src/Services/NeoServiceLayer.Services.KeyManagement/KeyManagementService.cs(12,45): error CS0104: 'EnclaveBlockchainServiceBase' is an ambiguous reference between 'NeoServiceLayer.Core.EnclaveBlockchainServiceBase' and 'NeoServiceLayer.ServiceFramework.EnclaveBlockchainServiceBase' [/home/ubuntu/neo-service-layer/src/Services/NeoServiceLayer.Services.KeyManagement/NeoServiceLayer.Services.KeyManagement.csproj]
/home/ubuntu/neo-service-layer/src/Services/NeoServiceLayer.Services.KeyManagement/KeyManagementService.cs(12,75): error CS0535: 'KeyManagementService' does not implement interface member 'IEnclaveService.InitializeEnclaveAsync()' [/home/ubuntu/neo-service-layer/src/Services/NeoServiceLayer.Services.KeyManagement/NeoServiceLayer.Services.KeyManagement.csproj]
/home/ubuntu/neo-service-layer/src/Services/NeoServiceLayer.Services.KeyManagement/KeyManagementService.cs(12,75): error CS0535: 'KeyManagementService' does not implement interface member 'IEnclaveService.GetAttestationAsync()' [/home/ubuntu/neo-service-layer/src/Services/NeoServiceLayer.Services.KeyManagement/NeoServiceLayer.Services.KeyManagement.csproj]
/home/ubuntu/neo-service-layer/src/Services/NeoServiceLayer.Services.KeyManagement/KeyManagementService.cs(12,75): error CS0535: 'KeyManagementService' does not implement interface member 'IEnclaveService.ValidateEnclaveAsync()' [/home/ubuntu/neo-service-layer/src/Services/NeoServiceLayer.Services.KeyManagement/NeoServiceLayer.Services.KeyManagement.csproj]
/home/ubuntu/neo-service-layer/src/Services/NeoServiceLayer.Services.KeyManagement/KeyManagementService.cs(12,75): error CS0535: 'KeyManagementService' does not implement interface member 'IEnclaveService.HasEnclaveCapabilities' [/home/ubuntu/neo-service-layer/src/Services/NeoServiceLayer.Services.KeyManagement/NeoServiceLayer.Services.KeyManagement.csproj]
/home/ubuntu/neo-service-layer/src/Services/NeoServiceLayer.Services.KeyManagement/KeyManagementService.cs(12,75): error CS0535: 'KeyManagementService' does not implement interface member 'IEnclaveService.IsEnclaveInitialized' [/home/ubuntu/neo-service-layer/src/Services/NeoServiceLayer.Services.KeyManagement/NeoServiceLayer.Services.KeyManagement.csproj]
/home/ubuntu/neo-service-layer/src/Services/NeoServiceLayer.Services.KeyManagement/KeyManagementService.cs(12,75): error CS0535: 'KeyManagementService' does not implement interface member 'IBlockchainService.SupportsBlockchain(BlockchainType)' [/home/ubuntu/neo-service-layer/src/Services/NeoServiceLayer.Services.KeyManagement/NeoServiceLayer.Services.KeyManagement.csproj]
/home/ubuntu/neo-service-layer/src/Services/NeoServiceLayer.Services.KeyManagement/KeyManagementService.cs(12,75): error CS0535: 'KeyManagementService' does not implement interface member 'IBlockchainService.SupportedBlockchains' [/home/ubuntu/neo-service-layer/src/Services/NeoServiceLayer.Services.KeyManagement/NeoServiceLayer.Services.KeyManagement.csproj]
/home/ubuntu/neo-service-layer/src/Services/NeoServiceLayer.Services.KeyManagement/KeyManagementService.cs(12,75): error CS0535: 'KeyManagementService' does not implement interface member 'IService.InitializeAsync()' [/home/ubuntu/neo-service-layer/src/Services/NeoServiceLayer.Services.KeyManagement/NeoServiceLayer.Services.KeyManagement.csproj]
/home/ubuntu/neo-service-layer/src/Services/NeoServiceLayer.Services.KeyManagement/KeyManagementService.cs(12,75): error CS0535: 'KeyManagementService' does not implement interface member 'IService.StartAsync()' [/home/ubuntu/neo-service-layer/src/Services/NeoServiceLayer.Services.KeyManagement/NeoServiceLayer.Services.KeyManagement.csproj]
/home/ubuntu/neo-service-layer/src/Services/NeoServiceLayer.Services.KeyManagement/KeyManagementService.cs(12,75): error CS0535: 'KeyManagementService' does not implement interface member 'IService.StopAsync()' [/home/ubuntu/neo-service-layer/src/Services/NeoServiceLayer.Services.KeyManagement/NeoServiceLayer.Services.KeyManagement.csproj]
/home/ubuntu/neo-service-layer/src/Services/NeoServiceLayer.Services.KeyManagement/KeyManagementService.cs(12,75): error CS0535: 'KeyManagementService' does not implement interface member 'IService.GetHealthAsync()' [/home/ubuntu/neo-service-layer/src/Services/NeoServiceLayer.Services.KeyManagement/NeoServiceLayer.Services.KeyManagement.csproj]
/home/ubuntu/neo-service-layer/src/Services/NeoServiceLayer.Services.KeyManagement/KeyManagementService.cs(12,75): error CS0535: 'KeyManagementService' does not implement interface member 'IService.GetMetricsAsync()' [/home/ubuntu/neo-service-layer/src/Services/NeoServiceLayer.Services.KeyManagement/NeoServiceLayer.Services.KeyManagement.csproj]
/home/ubuntu/neo-service-layer/src/Services/NeoServiceLayer.Services.KeyManagement/KeyManagementService.cs(12,75): error CS0535: 'KeyManagementService' does not implement interface member 'IService.ValidateDependenciesAsync(IEnumerable<IService>)' [/home/ubuntu/neo-service-layer/src/Services/NeoServiceLayer.Services.KeyManagement/NeoServiceLayer.Services.KeyManagement.csproj]
/home/ubuntu/neo-service-layer/src/Services/NeoServiceLayer.Services.KeyManagement/KeyManagementService.cs(12,75): error CS0535: 'KeyManagementService' does not implement interface member 'IService.Name' [/home/ubuntu/neo-service-layer/src/Services/NeoServiceLayer.Services.KeyManagement/NeoServiceLayer.Services.KeyManagement.csproj]
/home/ubuntu/neo-service-layer/src/Services/NeoServiceLayer.Services.KeyManagement/KeyManagementService.cs(12,75): error CS0535: 'KeyManagementService' does not implement interface member 'IService.Description' [/home/ubuntu/neo-service-layer/src/Services/NeoServiceLayer.Services.KeyManagement/NeoServiceLayer.Services.KeyManagement.csproj]
/home/ubuntu/neo-service-layer/src/Services/NeoServiceLayer.Services.KeyManagement/KeyManagementService.cs(12,75): error CS0535: 'KeyManagementService' does not implement interface member 'IService.Version' [/home/ubuntu/neo-service-layer/src/Services/NeoServiceLayer.Services.KeyManagement/NeoServiceLayer.Services.KeyManagement.csproj]
/home/ubuntu/neo-service-layer/src/Services/NeoServiceLayer.Services.KeyManagement/KeyManagementService.cs(12,75): error CS0535: 'KeyManagementService' does not implement interface member 'IService.IsRunning' [/home/ubuntu/neo-service-layer/src/Services/NeoServiceLayer.Services.KeyManagement/NeoServiceLayer.Services.KeyManagement.csproj]
/home/ubuntu/neo-service-layer/src/Services/NeoServiceLayer.Services.KeyManagement/KeyManagementService.cs(12,75): error CS0535: 'KeyManagementService' does not implement interface member 'IService.Dependencies' [/home/ubuntu/neo-service-layer/src/Services/NeoServiceLayer.Services.KeyManagement/NeoServiceLayer.Services.KeyManagement.csproj]
/home/ubuntu/neo-service-layer/src/Services/NeoServiceLayer.Services.KeyManagement/KeyManagementService.cs(12,75): error CS0535: 'KeyManagementService' does not implement interface member 'IService.Capabilities' [/home/ubuntu/neo-service-layer/src/Services/NeoServiceLayer.Services.KeyManagement/NeoServiceLayer.Services.KeyManagement.csproj]
/home/ubuntu/neo-service-layer/src/Services/NeoServiceLayer.Services.KeyManagement/KeyManagementService.cs(12,75): error CS0535: 'KeyManagementService' does not implement interface member 'IService.Metadata' [/home/ubuntu/neo-service-layer/src/Services/NeoServiceLayer.Services.KeyManagement/NeoServiceLayer.Services.KeyManagement.csproj]
/home/ubuntu/neo-service-layer/src/Advanced/NeoServiceLayer.Advanced.FairOrdering/FairOrderingService.cs(16,44): error CS0104: 'EnclaveBlockchainServiceBase' is an ambiguous reference between 'NeoServiceLayer.Core.EnclaveBlockchainServiceBase' and 'NeoServiceLayer.ServiceFramework.EnclaveBlockchainServiceBase' [/home/ubuntu/neo-service-layer/src/Advanced/NeoServiceLayer.Advanced.FairOrdering/NeoServiceLayer.Advanced.FairOrdering.csproj]
/home/ubuntu/neo-service-layer/src/Advanced/NeoServiceLayer.Advanced.FairOrdering/FairOrderingService.cs(16,74): error CS0535: 'FairOrderingService' does not implement interface member 'IEnclaveService.InitializeEnclaveAsync()' [/home/ubuntu/neo-service-layer/src/Advanced/NeoServiceLayer.Advanced.FairOrdering/NeoServiceLayer.Advanced.FairOrdering.csproj]
/home/ubuntu/neo-service-layer/src/Advanced/NeoServiceLayer.Advanced.FairOrdering/FairOrderingService.cs(16,74): error CS0535: 'FairOrderingService' does not implement interface member 'IEnclaveService.GetAttestationAsync()' [/home/ubuntu/neo-service-layer/src/Advanced/NeoServiceLayer.Advanced.FairOrdering/NeoServiceLayer.Advanced.FairOrdering.csproj]
/home/ubuntu/neo-service-layer/src/Advanced/NeoServiceLayer.Advanced.FairOrdering/FairOrderingService.cs(16,74): error CS0535: 'FairOrderingService' does not implement interface member 'IEnclaveService.ValidateEnclaveAsync()' [/home/ubuntu/neo-service-layer/src/Advanced/NeoServiceLayer.Advanced.FairOrdering/NeoServiceLayer.Advanced.FairOrdering.csproj]
/home/ubuntu/neo-service-layer/src/Advanced/NeoServiceLayer.Advanced.FairOrdering/FairOrderingService.cs(16,74): error CS0535: 'FairOrderingService' does not implement interface member 'IEnclaveService.HasEnclaveCapabilities' [/home/ubuntu/neo-service-layer/src/Advanced/NeoServiceLayer.Advanced.FairOrdering/NeoServiceLayer.Advanced.FairOrdering.csproj]
/home/ubuntu/neo-service-layer/src/Advanced/NeoServiceLayer.Advanced.FairOrdering/FairOrderingService.cs(16,74): error CS0535: 'FairOrderingService' does not implement interface member 'IEnclaveService.IsEnclaveInitialized' [/home/ubuntu/neo-service-layer/src/Advanced/NeoServiceLayer.Advanced.FairOrdering/NeoServiceLayer.Advanced.FairOrdering.csproj]
/home/ubuntu/neo-service-layer/src/Advanced/NeoServiceLayer.Advanced.FairOrdering/FairOrderingService.cs(16,74): error CS0535: 'FairOrderingService' does not implement interface member 'IBlockchainService.SupportsBlockchain(BlockchainType)' [/home/ubuntu/neo-service-layer/src/Advanced/NeoServiceLayer.Advanced.FairOrdering/NeoServiceLayer.Advanced.FairOrdering.csproj]
/home/ubuntu/neo-service-layer/src/Advanced/NeoServiceLayer.Advanced.FairOrdering/FairOrderingService.cs(16,74): error CS0535: 'FairOrderingService' does not implement interface member 'IBlockchainService.SupportedBlockchains' [/home/ubuntu/neo-service-layer/src/Advanced/NeoServiceLayer.Advanced.FairOrdering/NeoServiceLayer.Advanced.FairOrdering.csproj]
/home/ubuntu/neo-service-layer/src/Advanced/NeoServiceLayer.Advanced.FairOrdering/FairOrderingService.cs(16,74): error CS0535: 'FairOrderingService' does not implement interface member 'IService.InitializeAsync()' [/home/ubuntu/neo-service-layer/src/Advanced/NeoServiceLayer.Advanced.FairOrdering/NeoServiceLayer.Advanced.FairOrdering.csproj]
/home/ubuntu/neo-service-layer/src/Advanced/NeoServiceLayer.Advanced.FairOrdering/FairOrderingService.cs(16,74): error CS0535: 'FairOrderingService' does not implement interface member 'IService.StartAsync()' [/home/ubuntu/neo-service-layer/src/Advanced/NeoServiceLayer.Advanced.FairOrdering/NeoServiceLayer.Advanced.FairOrdering.csproj]
/home/ubuntu/neo-service-layer/src/Advanced/NeoServiceLayer.Advanced.FairOrdering/FairOrderingService.cs(16,74): error CS0535: 'FairOrderingService' does not implement interface member 'IService.StopAsync()' [/home/ubuntu/neo-service-layer/src/Advanced/NeoServiceLayer.Advanced.FairOrdering/NeoServiceLayer.Advanced.FairOrdering.csproj]
/home/ubuntu/neo-service-layer/src/Advanced/NeoServiceLayer.Advanced.FairOrdering/FairOrderingService.cs(16,74): error CS0535: 'FairOrderingService' does not implement interface member 'IService.GetHealthAsync()' [/home/ubuntu/neo-service-layer/src/Advanced/NeoServiceLayer.Advanced.FairOrdering/NeoServiceLayer.Advanced.FairOrdering.csproj]
/home/ubuntu/neo-service-layer/src/Advanced/NeoServiceLayer.Advanced.FairOrdering/FairOrderingService.cs(16,74): error CS0535: 'FairOrderingService' does not implement interface member 'IService.GetMetricsAsync()' [/home/ubuntu/neo-service-layer/src/Advanced/NeoServiceLayer.Advanced.FairOrdering/NeoServiceLayer.Advanced.FairOrdering.csproj]
/home/ubuntu/neo-service-layer/src/Advanced/NeoServiceLayer.Advanced.FairOrdering/FairOrderingService.cs(16,74): error CS0535: 'FairOrderingService' does not implement interface member 'IService.ValidateDependenciesAsync(IEnumerable<IService>)' [/home/ubuntu/neo-service-layer/src/Advanced/NeoServiceLayer.Advanced.FairOrdering/NeoServiceLayer.Advanced.FairOrdering.csproj]
/home/ubuntu/neo-service-layer/src/Advanced/NeoServiceLayer.Advanced.FairOrdering/FairOrderingService.cs(16,74): error CS0535: 'FairOrderingService' does not implement interface member 'IService.Name' [/home/ubuntu/neo-service-layer/src/Advanced/NeoServiceLayer.Advanced.FairOrdering/NeoServiceLayer.Advanced.FairOrdering.csproj]
/home/ubuntu/neo-service-layer/src/Advanced/NeoServiceLayer.Advanced.FairOrdering/FairOrderingService.cs(16,74): error CS0535: 'FairOrderingService' does not implement interface member 'IService.Description' [/home/ubuntu/neo-service-layer/src/Advanced/NeoServiceLayer.Advanced.FairOrdering/NeoServiceLayer.Advanced.FairOrdering.csproj]
/home/ubuntu/neo-service-layer/src/Advanced/NeoServiceLayer.Advanced.FairOrdering/FairOrderingService.cs(16,74): error CS0535: 'FairOrderingService' does not implement interface member 'IService.Version' [/home/ubuntu/neo-service-layer/src/Advanced/NeoServiceLayer.Advanced.FairOrdering/NeoServiceLayer.Advanced.FairOrdering.csproj]
/home/ubuntu/neo-service-layer/src/Advanced/NeoServiceLayer.Advanced.FairOrdering/FairOrderingService.cs(16,74): error CS0535: 'FairOrderingService' does not implement interface member 'IService.IsRunning' [/home/ubuntu/neo-service-layer/src/Advanced/NeoServiceLayer.Advanced.FairOrdering/NeoServiceLayer.Advanced.FairOrdering.csproj]
/home/ubuntu/neo-service-layer/src/Advanced/NeoServiceLayer.Advanced.FairOrdering/FairOrderingService.cs(16,74): error CS0535: 'FairOrderingService' does not implement interface member 'IService.Dependencies' [/home/ubuntu/neo-service-layer/src/Advanced/NeoServiceLayer.Advanced.FairOrdering/NeoServiceLayer.Advanced.FairOrdering.csproj]
/home/ubuntu/neo-service-layer/src/Advanced/NeoServiceLayer.Advanced.FairOrdering/FairOrderingService.cs(16,74): error CS0535: 'FairOrderingService' does not implement interface member 'IService.Capabilities' [/home/ubuntu/neo-service-layer/src/Advanced/NeoServiceLayer.Advanced.FairOrdering/NeoServiceLayer.Advanced.FairOrdering.csproj]
/home/ubuntu/neo-service-layer/src/Advanced/NeoServiceLayer.Advanced.FairOrdering/FairOrderingService.cs(16,74): error CS0535: 'FairOrderingService' does not implement interface member 'IService.Metadata' [/home/ubuntu/neo-service-layer/src/Advanced/NeoServiceLayer.Advanced.FairOrdering/NeoServiceLayer.Advanced.FairOrdering.csproj]
/home/ubuntu/neo-service-layer/src/AI/NeoServiceLayer.AI.PatternRecognition/Models/PatternTypes.cs(24,18): error CS0101: The namespace 'NeoServiceLayer.AI.PatternRecognition' already contains a definition for 'PatternAnalysisResult' [/home/ubuntu/neo-service-layer/src/AI/NeoServiceLayer.AI.PatternRecognition/NeoServiceLayer.AI.PatternRecognition.csproj]
/home/ubuntu/neo-service-layer/src/AI/NeoServiceLayer.AI.PatternRecognition/Models/PatternTypes.cs(37,18): error CS0101: The namespace 'NeoServiceLayer.AI.PatternRecognition' already contains a definition for 'PatternAnalysisRequest' [/home/ubuntu/neo-service-layer/src/AI/NeoServiceLayer.AI.PatternRecognition/NeoServiceLayer.AI.PatternRecognition.csproj]
/home/ubuntu/neo-service-layer/src/AI/NeoServiceLayer.AI.PatternRecognition/Models/PatternTypes.cs(47,22): error CS0101: The namespace 'NeoServiceLayer.AI.PatternRecognition' already contains a definition for 'IMetricsCollector' [/home/ubuntu/neo-service-layer/src/AI/NeoServiceLayer.AI.PatternRecognition/NeoServiceLayer.AI.PatternRecognition.csproj]
/home/ubuntu/neo-service-layer/src/AI/NeoServiceLayer.AI.PatternRecognition/Models/PatternTypes.cs(56,22): error CS0101: The namespace 'NeoServiceLayer.AI.PatternRecognition' already contains a definition for 'IPatternAnalyzer' [/home/ubuntu/neo-service-layer/src/AI/NeoServiceLayer.AI.PatternRecognition/NeoServiceLayer.AI.PatternRecognition.csproj]
/home/ubuntu/neo-service-layer/src/AI/NeoServiceLayer.AI.PatternRecognition/Models/PatternTypes.cs(9,17): error CS0101: The namespace 'NeoServiceLayer.AI.PatternRecognition' already contains a definition for 'PatternType' [/home/ubuntu/neo-service-layer/src/AI/NeoServiceLayer.AI.PatternRecognition/NeoServiceLayer.AI.PatternRecognition.csproj]
/home/ubuntu/neo-service-layer/src/AI/NeoServiceLayer.AI.PatternRecognition/Models/PatternTypes.cs(49,14): error CS0111: Type 'IMetricsCollector' already defines a member called 'RecordMetric' with the same parameter types [/home/ubuntu/neo-service-layer/src/AI/NeoServiceLayer.AI.PatternRecognition/NeoServiceLayer.AI.PatternRecognition.csproj]
/home/ubuntu/neo-service-layer/src/AI/NeoServiceLayer.AI.PatternRecognition/Models/PatternTypes.cs(50,14): error CS0111: Type 'IMetricsCollector' already defines a member called 'RecordEvent' with the same parameter types [/home/ubuntu/neo-service-layer/src/AI/NeoServiceLayer.AI.PatternRecognition/NeoServiceLayer.AI.PatternRecognition.csproj]
/home/ubuntu/neo-service-layer/src/AI/NeoServiceLayer.AI.PatternRecognition/Analyzers/IPatternAnalyzer.cs(52,62): error CS0246: The type or namespace name 'TrainingData' could not be found (are you missing a using directive or an assembly reference?) [/home/ubuntu/neo-service-layer/src/AI/NeoServiceLayer.AI.PatternRecognition/NeoServiceLayer.AI.PatternRecognition.csproj]
/home/ubuntu/neo-service-layer/src/AI/NeoServiceLayer.AI.PatternRecognition/Analyzers/IPatternAnalyzer.cs(52,51): error CS0050: Inconsistent accessibility: return type 'Task<TrainingResult>' is less accessible than method 'PatternAnalyzerBase.TrainAsync(TrainingData)' [/home/ubuntu/neo-service-layer/src/AI/NeoServiceLayer.AI.PatternRecognition/NeoServiceLayer.AI.PatternRecognition.csproj]
/home/ubuntu/neo-service-layer/src/AI/NeoServiceLayer.AI.PatternRecognition/Analyzers/IPatternAnalyzer.cs(26,41): error CS0246: The type or namespace name 'TrainingData' could not be found (are you missing a using directive or an assembly reference?) [/home/ubuntu/neo-service-layer/src/AI/NeoServiceLayer.AI.PatternRecognition/NeoServiceLayer.AI.PatternRecognition.csproj]
/home/ubuntu/neo-service-layer/src/AI/NeoServiceLayer.AI.PatternRecognition/Analyzers/IPatternAnalyzer.cs(26,30): error CS0050: Inconsistent accessibility: return type 'Task<TrainingResult>' is less accessible than method 'IPatternAnalyzer.TrainAsync(TrainingData)' [/home/ubuntu/neo-service-layer/src/AI/NeoServiceLayer.AI.PatternRecognition/NeoServiceLayer.AI.PatternRecognition.csproj]
/home/ubuntu/neo-service-layer/src/AI/NeoServiceLayer.AI.PatternRecognition/Analyzers/BehavioralPatternAnalyzer.cs(73,63): error CS0246: The type or namespace name 'TrainingData' could not be found (are you missing a using directive or an assembly reference?) [/home/ubuntu/neo-service-layer/src/AI/NeoServiceLayer.AI.PatternRecognition/NeoServiceLayer.AI.PatternRecognition.csproj]
/home/ubuntu/neo-service-layer/src/AI/NeoServiceLayer.AI.PatternRecognition/Analyzers/BehavioralPatternAnalyzer.cs(73,52): error CS0050: Inconsistent accessibility: return type 'Task<TrainingResult>' is less accessible than method 'BehavioralPatternAnalyzer.TrainAsync(TrainingData)' [/home/ubuntu/neo-service-layer/src/AI/NeoServiceLayer.AI.PatternRecognition/NeoServiceLayer.AI.PatternRecognition.csproj]
/home/ubuntu/neo-service-layer/src/AI/NeoServiceLayer.AI.PatternRecognition/Analyzers/AnomalyPatternAnalyzer.cs(67,63): error CS0246: The type or namespace name 'TrainingData' could not be found (are you missing a using directive or an assembly reference?) [/home/ubuntu/neo-service-layer/src/AI/NeoServiceLayer.AI.PatternRecognition/NeoServiceLayer.AI.PatternRecognition.csproj]
/home/ubuntu/neo-service-layer/src/AI/NeoServiceLayer.AI.PatternRecognition/Analyzers/AnomalyPatternAnalyzer.cs(67,52): error CS0050: Inconsistent accessibility: return type 'Task<TrainingResult>' is less accessible than method 'AnomalyPatternAnalyzer.TrainAsync(TrainingData)' [/home/ubuntu/neo-service-layer/src/AI/NeoServiceLayer.AI.PatternRecognition/NeoServiceLayer.AI.PatternRecognition.csproj]
/home/ubuntu/neo-service-layer/src/AI/NeoServiceLayer.AI.PatternRecognition/Models/PatternTypes.cs(59,37): error CS0111: Type 'IPatternAnalyzer' already defines a member called 'AnalyzeAsync' with the same parameter types [/home/ubuntu/neo-service-layer/src/AI/NeoServiceLayer.AI.PatternRecognition/NeoServiceLayer.AI.PatternRecognition.csproj]
/home/ubuntu/neo-service-layer/src/AI/NeoServiceLayer.AI.PatternRecognition/Analyzers/AnomalyPatternAnalyzer.cs(126,22): error CS0246: The type or namespace name 'DetectedPattern' could not be found (are you missing a using directive or an assembly reference?) [/home/ubuntu/neo-service-layer/src/AI/NeoServiceLayer.AI.PatternRecognition/NeoServiceLayer.AI.PatternRecognition.csproj]
/home/ubuntu/neo-service-layer/src/AI/NeoServiceLayer.AI.PatternRecognition/Analyzers/BehavioralPatternAnalyzer.cs(122,22): error CS0246: The type or namespace name 'DetectedPattern' could not be found (are you missing a using directive or an assembly reference?) [/home/ubuntu/neo-service-layer/src/AI/NeoServiceLayer.AI.PatternRecognition/NeoServiceLayer.AI.PatternRecognition.csproj]
/home/ubuntu/neo-service-layer/src/AI/NeoServiceLayer.AI.PatternRecognition/Analyzers/AnomalyPatternAnalyzer.cs(159,22): error CS0246: The type or namespace name 'DetectedPattern' could not be found (are you missing a using directive or an assembly reference?) [/home/ubuntu/neo-service-layer/src/AI/NeoServiceLayer.AI.PatternRecognition/NeoServiceLayer.AI.PatternRecognition.csproj]
/home/ubuntu/neo-service-layer/src/AI/NeoServiceLayer.AI.PatternRecognition/Analyzers/BehavioralPatternAnalyzer.cs(222,22): error CS0246: The type or namespace name 'DetectedPattern' could not be found (are you missing a using directive or an assembly reference?) [/home/ubuntu/neo-service-layer/src/AI/NeoServiceLayer.AI.PatternRecognition/NeoServiceLayer.AI.PatternRecognition.csproj]
/home/ubuntu/neo-service-layer/src/AI/NeoServiceLayer.AI.PatternRecognition/Analyzers/SequencePatternAnalyzer.cs(86,63): error CS0246: The type or namespace name 'TrainingData' could not be found (are you missing a using directive or an assembly reference?) [/home/ubuntu/neo-service-layer/src/AI/NeoServiceLayer.AI.PatternRecognition/NeoServiceLayer.AI.PatternRecognition.csproj]
/home/ubuntu/neo-service-layer/src/AI/NeoServiceLayer.AI.PatternRecognition/Analyzers/SequencePatternAnalyzer.cs(86,52): error CS0050: Inconsistent accessibility: return type 'Task<TrainingResult>' is less accessible than method 'SequencePatternAnalyzer.TrainAsync(TrainingData)' [/home/ubuntu/neo-service-layer/src/AI/NeoServiceLayer.AI.PatternRecognition/NeoServiceLayer.AI.PatternRecognition.csproj]
/home/ubuntu/neo-service-layer/src/AI/NeoServiceLayer.AI.PatternRecognition/Analyzers/AnomalyPatternAnalyzer.cs(199,22): error CS0246: The type or namespace name 'DetectedPattern' could not be found (are you missing a using directive or an assembly reference?) [/home/ubuntu/neo-service-layer/src/AI/NeoServiceLayer.AI.PatternRecognition/NeoServiceLayer.AI.PatternRecognition.csproj]
/home/ubuntu/neo-service-layer/src/AI/NeoServiceLayer.AI.PatternRecognition/Analyzers/BehavioralPatternAnalyzer.cs(256,22): error CS0246: The type or namespace name 'DetectedPattern' could not be found (are you missing a using directive or an assembly reference?) [/home/ubuntu/neo-service-layer/src/AI/NeoServiceLayer.AI.PatternRecognition/NeoServiceLayer.AI.PatternRecognition.csproj]
/home/ubuntu/neo-service-layer/src/AI/NeoServiceLayer.AI.PatternRecognition/Analyzers/BehavioralPatternAnalyzer.cs(288,22): error CS0246: The type or namespace name 'DetectedPattern' could not be found (are you missing a using directive or an assembly reference?) [/home/ubuntu/neo-service-layer/src/AI/NeoServiceLayer.AI.PatternRecognition/NeoServiceLayer.AI.PatternRecognition.csproj]
/home/ubuntu/neo-service-layer/src/AI/NeoServiceLayer.AI.PatternRecognition/Analyzers/SequencePatternAnalyzer.cs(144,22): error CS0246: The type or namespace name 'DetectedPattern' could not be found (are you missing a using directive or an assembly reference?) [/home/ubuntu/neo-service-layer/src/AI/NeoServiceLayer.AI.PatternRecognition/NeoServiceLayer.AI.PatternRecognition.csproj]
/home/ubuntu/neo-service-layer/src/AI/NeoServiceLayer.AI.PatternRecognition/Analyzers/TrendPatternAnalyzer.cs(90,22): error CS0246: The type or namespace name 'DetectedPattern' could not be found (are you missing a using directive or an assembly reference?) [/home/ubuntu/neo-service-layer/src/AI/NeoServiceLayer.AI.PatternRecognition/NeoServiceLayer.AI.PatternRecognition.csproj]
/home/ubuntu/neo-service-layer/src/AI/NeoServiceLayer.AI.PatternRecognition/Analyzers/TrendPatternAnalyzer.cs(124,22): error CS0246: The type or namespace name 'DetectedPattern' could not be found (are you missing a using directive or an assembly reference?) [/home/ubuntu/neo-service-layer/src/AI/NeoServiceLayer.AI.PatternRecognition/NeoServiceLayer.AI.PatternRecognition.csproj]
/home/ubuntu/neo-service-layer/src/AI/NeoServiceLayer.AI.PatternRecognition/Analyzers/TrendPatternAnalyzer.cs(165,22): error CS0246: The type or namespace name 'DetectedPattern' could not be found (are you missing a using directive or an assembly reference?) [/home/ubuntu/neo-service-layer/src/AI/NeoServiceLayer.AI.PatternRecognition/NeoServiceLayer.AI.PatternRecognition.csproj]
/home/ubuntu/neo-service-layer/src/AI/NeoServiceLayer.AI.PatternRecognition/Analyzers/TrendPatternAnalyzer.cs(205,22): error CS0246: The type or namespace name 'DetectedPattern' could not be found (are you missing a using directive or an assembly reference?) [/home/ubuntu/neo-service-layer/src/AI/NeoServiceLayer.AI.PatternRecognition/NeoServiceLayer.AI.PatternRecognition.csproj]
/home/ubuntu/neo-service-layer/src/AI/NeoServiceLayer.AI.PatternRecognition/Analyzers/TrendPatternAnalyzer.cs(325,67): error CS0246: The type or namespace name 'DetectedPattern' could not be found (are you missing a using directive or an assembly reference?) [/home/ubuntu/neo-service-layer/src/AI/NeoServiceLayer.AI.PatternRecognition/NeoServiceLayer.AI.PatternRecognition.csproj]
/home/ubuntu/neo-service-layer/src/AI/NeoServiceLayer.AI.PatternRecognition/Analyzers/TrendPatternAnalyzer.cs(325,22): error CS0246: The type or namespace name 'DetectedPattern' could not be found (are you missing a using directive or an assembly reference?) [/home/ubuntu/neo-service-layer/src/AI/NeoServiceLayer.AI.PatternRecognition/NeoServiceLayer.AI.PatternRecognition.csproj]
/home/ubuntu/neo-service-layer/src/AI/NeoServiceLayer.AI.PatternRecognition/Services/PatternRecognitionOrchestrator.cs(15,51): error CS0104: 'ServiceBase' is an ambiguous reference between 'NeoServiceLayer.Core.ServiceBase' and 'NeoServiceLayer.ServiceFramework.ServiceBase' [/home/ubuntu/neo-service-layer/src/AI/NeoServiceLayer.AI.PatternRecognition/NeoServiceLayer.AI.PatternRecognition.csproj]
/home/ubuntu/neo-service-layer/src/AI/NeoServiceLayer.AI.PatternRecognition/Services/PatternRecognitionOrchestrator.cs(125,59): error CS0246: The type or namespace name 'TrainingData' could not be found (are you missing a using directive or an assembly reference?) [/home/ubuntu/neo-service-layer/src/AI/NeoServiceLayer.AI.PatternRecognition/NeoServiceLayer.AI.PatternRecognition.csproj]
/home/ubuntu/neo-service-layer/src/AI/NeoServiceLayer.AI.PatternRecognition/Services/PatternRecognitionOrchestrator.cs(125,43): error CS0050: Inconsistent accessibility: return type 'Task<TrainingResult>' is less accessible than method 'PatternRecognitionOrchestrator.TrainModelAsync(TrainingData)' [/home/ubuntu/neo-service-layer/src/AI/NeoServiceLayer.AI.PatternRecognition/NeoServiceLayer.AI.PatternRecognition.csproj]
/home/ubuntu/neo-service-layer/src/AI/NeoServiceLayer.AI.PatternRecognition/Services/PatternRecognitionOrchestrator.cs(160,39): error CS0246: The type or namespace name 'DetectedPattern' could not be found (are you missing a using directive or an assembly reference?) [/home/ubuntu/neo-service-layer/src/AI/NeoServiceLayer.AI.PatternRecognition/NeoServiceLayer.AI.PatternRecognition.csproj]
/home/ubuntu/neo-service-layer/src/AI/NeoServiceLayer.AI.PatternRecognition/Services/PatternRecognitionOrchestrator.cs(274,64): error CS0246: The type or namespace name 'DetectedPattern' could not be found (are you missing a using directive or an assembly reference?) [/home/ubuntu/neo-service-layer/src/AI/NeoServiceLayer.AI.PatternRecognition/NeoServiceLayer.AI.PatternRecognition.csproj]
/home/ubuntu/neo-service-layer/src/AI/NeoServiceLayer.AI.PatternRecognition/Services/PatternRecognitionOrchestrator.cs(274,22): error CS0246: The type or namespace name 'DetectedPattern' could not be found (are you missing a using directive or an assembly reference?) [/home/ubuntu/neo-service-layer/src/AI/NeoServiceLayer.AI.PatternRecognition/NeoServiceLayer.AI.PatternRecognition.csproj]
/home/ubuntu/neo-service-layer/src/AI/NeoServiceLayer.AI.PatternRecognition/Services/PatternRecognitionOrchestrator.cs(312,41): error CS0246: The type or namespace name 'DetectedPattern' could not be found (are you missing a using directive or an assembly reference?) [/home/ubuntu/neo-service-layer/src/AI/NeoServiceLayer.AI.PatternRecognition/NeoServiceLayer.AI.PatternRecognition.csproj]
/home/ubuntu/neo-service-layer/src/AI/NeoServiceLayer.AI.PatternRecognition/Services/PatternRecognitionOrchestrator.cs(312,61): error CS0246: The type or namespace name 'DetectedPattern' could not be found (are you missing a using directive or an assembly reference?) [/home/ubuntu/neo-service-layer/src/AI/NeoServiceLayer.AI.PatternRecognition/NeoServiceLayer.AI.PatternRecognition.csproj]
/home/ubuntu/neo-service-layer/src/AI/NeoServiceLayer.AI.PatternRecognition/Services/PatternRecognitionOrchestrator.cs(15,64): error CS0535: 'PatternRecognitionOrchestrator' does not implement interface member 'IPatternRecognitionService.DetectFraudAsync(FraudDetectionRequest, BlockchainType)' [/home/ubuntu/neo-service-layer/src/AI/NeoServiceLayer.AI.PatternRecognition/NeoServiceLayer.AI.PatternRecognition.csproj]
/home/ubuntu/neo-service-layer/src/AI/NeoServiceLayer.AI.PatternRecognition/Services/PatternRecognitionOrchestrator.cs(15,64): error CS0535: 'PatternRecognitionOrchestrator' does not implement interface member 'IPatternRecognitionService.AnalyzePatternsAsync(PatternAnalysisRequest, BlockchainType)' [/home/ubuntu/neo-service-layer/src/AI/NeoServiceLayer.AI.PatternRecognition/NeoServiceLayer.AI.PatternRecognition.csproj]
/home/ubuntu/neo-service-layer/src/AI/NeoServiceLayer.AI.PatternRecognition/Services/PatternRecognitionOrchestrator.cs(15,64): error CS0535: 'PatternRecognitionOrchestrator' does not implement interface member 'IPatternRecognitionService.AnalyzeBehaviorAsync(BehaviorAnalysisRequest, BlockchainType)' [/home/ubuntu/neo-service-layer/src/AI/NeoServiceLayer.AI.PatternRecognition/NeoServiceLayer.AI.PatternRecognition.csproj]
/home/ubuntu/neo-service-layer/src/AI/NeoServiceLayer.AI.PatternRecognition/Services/PatternRecognitionOrchestrator.cs(15,64): error CS0535: 'PatternRecognitionOrchestrator' does not implement interface member 'IPatternRecognitionService.AssessRiskAsync(RiskAssessmentRequest, BlockchainType)' [/home/ubuntu/neo-service-layer/src/AI/NeoServiceLayer.AI.PatternRecognition/NeoServiceLayer.AI.PatternRecognition.csproj]
/home/ubuntu/neo-service-layer/src/AI/NeoServiceLayer.AI.PatternRecognition/Services/PatternRecognitionOrchestrator.cs(15,64): error CS0535: 'PatternRecognitionOrchestrator' does not implement interface member 'IPatternRecognitionService.CreateModelAsync(PatternModelDefinition, BlockchainType)' [/home/ubuntu/neo-service-layer/src/AI/NeoServiceLayer.AI.PatternRecognition/NeoServiceLayer.AI.PatternRecognition.csproj]
/home/ubuntu/neo-service-layer/src/AI/NeoServiceLayer.AI.PatternRecognition/Services/PatternRecognitionOrchestrator.cs(15,64): error CS0535: 'PatternRecognitionOrchestrator' does not implement interface member 'IPatternRecognitionService.GetModelsAsync(BlockchainType)' [/home/ubuntu/neo-service-layer/src/AI/NeoServiceLayer.AI.PatternRecognition/NeoServiceLayer.AI.PatternRecognition.csproj]
/home/ubuntu/neo-service-layer/src/AI/NeoServiceLayer.AI.PatternRecognition/Services/PatternRecognitionOrchestrator.cs(15,64): error CS0535: 'PatternRecognitionOrchestrator' does not implement interface member 'IPatternRecognitionService.GetModelAsync(string, BlockchainType)' [/home/ubuntu/neo-service-layer/src/AI/NeoServiceLayer.AI.PatternRecognition/NeoServiceLayer.AI.PatternRecognition.csproj]
/home/ubuntu/neo-service-layer/src/AI/NeoServiceLayer.AI.PatternRecognition/Services/PatternRecognitionOrchestrator.cs(15,64): error CS0535: 'PatternRecognitionOrchestrator' does not implement interface member 'IPatternRecognitionService.UpdateModelAsync(string, PatternModelDefinition, BlockchainType)' [/home/ubuntu/neo-service-layer/src/AI/NeoServiceLayer.AI.PatternRecognition/NeoServiceLayer.AI.PatternRecognition.csproj]
/home/ubuntu/neo-service-layer/src/AI/NeoServiceLayer.AI.PatternRecognition/Services/PatternRecognitionOrchestrator.cs(15,64): error CS0535: 'PatternRecognitionOrchestrator' does not implement interface member 'IPatternRecognitionService.DeleteModelAsync(string, BlockchainType)' [/home/ubuntu/neo-service-layer/src/AI/NeoServiceLayer.AI.PatternRecognition/NeoServiceLayer.AI.PatternRecognition.csproj]
/home/ubuntu/neo-service-layer/src/AI/NeoServiceLayer.AI.PatternRecognition/Services/PatternRecognitionOrchestrator.cs(15,64): error CS0535: 'PatternRecognitionOrchestrator' does not implement interface member 'IPatternRecognitionService.GetFraudDetectionHistoryAsync(string?, BlockchainType)' [/home/ubuntu/neo-service-layer/src/AI/NeoServiceLayer.AI.PatternRecognition/NeoServiceLayer.AI.PatternRecognition.csproj]
/home/ubuntu/neo-service-layer/src/AI/NeoServiceLayer.AI.PatternRecognition/Services/PatternRecognitionOrchestrator.cs(15,64): error CS0535: 'PatternRecognitionOrchestrator' does not implement interface member 'IPatternRecognitionService.GetBehaviorProfileAsync(string, BlockchainType)' [/home/ubuntu/neo-service-layer/src/AI/NeoServiceLayer.AI.PatternRecognition/NeoServiceLayer.AI.PatternRecognition.csproj]
/home/ubuntu/neo-service-layer/src/AI/NeoServiceLayer.AI.PatternRecognition/Services/PatternRecognitionOrchestrator.cs(15,64): error CS0535: 'PatternRecognitionOrchestrator' does not implement interface member 'IPatternRecognitionService.UpdateBehaviorProfileAsync(string, BehaviorProfile, BlockchainType)' [/home/ubuntu/neo-service-layer/src/AI/NeoServiceLayer.AI.PatternRecognition/NeoServiceLayer.AI.PatternRecognition.csproj]
/home/ubuntu/neo-service-layer/src/AI/NeoServiceLayer.AI.PatternRecognition/Services/PatternRecognitionOrchestrator.cs(15,64): error CS0535: 'PatternRecognitionOrchestrator' does not implement interface member 'IPatternRecognitionService.DetectFraudAsync(FraudDetectionRequest, BlockchainType)' [/home/ubuntu/neo-service-layer/src/AI/NeoServiceLayer.AI.PatternRecognition/NeoServiceLayer.AI.PatternRecognition.csproj]
/home/ubuntu/neo-service-layer/src/AI/NeoServiceLayer.AI.PatternRecognition/Services/PatternRecognitionOrchestrator.cs(15,64): error CS0535: 'PatternRecognitionOrchestrator' does not implement interface member 'IPatternRecognitionService.DetectAnomaliesAsync(AnomalyDetectionRequest, BlockchainType)' [/home/ubuntu/neo-service-layer/src/AI/NeoServiceLayer.AI.PatternRecognition/NeoServiceLayer.AI.PatternRecognition.csproj]
/home/ubuntu/neo-service-layer/src/AI/NeoServiceLayer.AI.PatternRecognition/Services/PatternRecognitionOrchestrator.cs(15,64): error CS0535: 'PatternRecognitionOrchestrator' does not implement interface member 'IPatternRecognitionService.ClassifyDataAsync(ClassificationRequest, BlockchainType)' [/home/ubuntu/neo-service-layer/src/AI/NeoServiceLayer.AI.PatternRecognition/NeoServiceLayer.AI.PatternRecognition.csproj]
/home/ubuntu/neo-service-layer/src/AI/NeoServiceLayer.AI.PatternRecognition/Services/PatternRecognitionOrchestrator.cs(15,64): error CS0535: 'PatternRecognitionOrchestrator' does not implement interface member 'IEnclaveService.InitializeEnclaveAsync()' [/home/ubuntu/neo-service-layer/src/AI/NeoServiceLayer.AI.PatternRecognition/NeoServiceLayer.AI.PatternRecognition.csproj]
/home/ubuntu/neo-service-layer/src/AI/NeoServiceLayer.AI.PatternRecognition/Services/PatternRecognitionOrchestrator.cs(15,64): error CS0535: 'PatternRecognitionOrchestrator' does not implement interface member 'IEnclaveService.GetAttestationAsync()' [/home/ubuntu/neo-service-layer/src/AI/NeoServiceLayer.AI.PatternRecognition/NeoServiceLayer.AI.PatternRecognition.csproj]
/home/ubuntu/neo-service-layer/src/AI/NeoServiceLayer.AI.PatternRecognition/Services/PatternRecognitionOrchestrator.cs(15,64): error CS0535: 'PatternRecognitionOrchestrator' does not implement interface member 'IEnclaveService.ValidateEnclaveAsync()' [/home/ubuntu/neo-service-layer/src/AI/NeoServiceLayer.AI.PatternRecognition/NeoServiceLayer.AI.PatternRecognition.csproj]
/home/ubuntu/neo-service-layer/src/AI/NeoServiceLayer.AI.PatternRecognition/Services/PatternRecognitionOrchestrator.cs(15,64): error CS0535: 'PatternRecognitionOrchestrator' does not implement interface member 'IEnclaveService.HasEnclaveCapabilities' [/home/ubuntu/neo-service-layer/src/AI/NeoServiceLayer.AI.PatternRecognition/NeoServiceLayer.AI.PatternRecognition.csproj]
/home/ubuntu/neo-service-layer/src/AI/NeoServiceLayer.AI.PatternRecognition/Services/PatternRecognitionOrchestrator.cs(15,64): error CS0535: 'PatternRecognitionOrchestrator' does not implement interface member 'IEnclaveService.IsEnclaveInitialized' [/home/ubuntu/neo-service-layer/src/AI/NeoServiceLayer.AI.PatternRecognition/NeoServiceLayer.AI.PatternRecognition.csproj]
/home/ubuntu/neo-service-layer/src/AI/NeoServiceLayer.AI.PatternRecognition/Services/PatternRecognitionOrchestrator.cs(15,64): error CS0535: 'PatternRecognitionOrchestrator' does not implement interface member 'IBlockchainService.SupportsBlockchain(BlockchainType)' [/home/ubuntu/neo-service-layer/src/AI/NeoServiceLayer.AI.PatternRecognition/NeoServiceLayer.AI.PatternRecognition.csproj]
/home/ubuntu/neo-service-layer/src/AI/NeoServiceLayer.AI.PatternRecognition/Services/PatternRecognitionOrchestrator.cs(15,64): error CS0535: 'PatternRecognitionOrchestrator' does not implement interface member 'IBlockchainService.SupportedBlockchains' [/home/ubuntu/neo-service-layer/src/AI/NeoServiceLayer.AI.PatternRecognition/NeoServiceLayer.AI.PatternRecognition.csproj]
/home/ubuntu/neo-service-layer/src/AI/NeoServiceLayer.AI.PatternRecognition/Services/PatternRecognitionOrchestrator.cs(15,64): error CS0535: 'PatternRecognitionOrchestrator' does not implement interface member 'IService.InitializeAsync()' [/home/ubuntu/neo-service-layer/src/AI/NeoServiceLayer.AI.PatternRecognition/NeoServiceLayer.AI.PatternRecognition.csproj]
/home/ubuntu/neo-service-layer/src/AI/NeoServiceLayer.AI.PatternRecognition/Services/PatternRecognitionOrchestrator.cs(15,64): error CS0535: 'PatternRecognitionOrchestrator' does not implement interface member 'IService.StartAsync()' [/home/ubuntu/neo-service-layer/src/AI/NeoServiceLayer.AI.PatternRecognition/NeoServiceLayer.AI.PatternRecognition.csproj]
/home/ubuntu/neo-service-layer/src/AI/NeoServiceLayer.AI.PatternRecognition/Services/PatternRecognitionOrchestrator.cs(15,64): error CS0535: 'PatternRecognitionOrchestrator' does not implement interface member 'IService.StopAsync()' [/home/ubuntu/neo-service-layer/src/AI/NeoServiceLayer.AI.PatternRecognition/NeoServiceLayer.AI.PatternRecognition.csproj]
/home/ubuntu/neo-service-layer/src/AI/NeoServiceLayer.AI.PatternRecognition/Services/PatternRecognitionOrchestrator.cs(15,64): error CS0535: 'PatternRecognitionOrchestrator' does not implement interface member 'IService.GetHealthAsync()' [/home/ubuntu/neo-service-layer/src/AI/NeoServiceLayer.AI.PatternRecognition/NeoServiceLayer.AI.PatternRecognition.csproj]
/home/ubuntu/neo-service-layer/src/AI/NeoServiceLayer.AI.PatternRecognition/Services/PatternRecognitionOrchestrator.cs(15,64): error CS0535: 'PatternRecognitionOrchestrator' does not implement interface member 'IService.GetMetricsAsync()' [/home/ubuntu/neo-service-layer/src/AI/NeoServiceLayer.AI.PatternRecognition/NeoServiceLayer.AI.PatternRecognition.csproj]
/home/ubuntu/neo-service-layer/src/AI/NeoServiceLayer.AI.PatternRecognition/Services/PatternRecognitionOrchestrator.cs(15,64): error CS0535: 'PatternRecognitionOrchestrator' does not implement interface member 'IService.ValidateDependenciesAsync(IEnumerable<IService>)' [/home/ubuntu/neo-service-layer/src/AI/NeoServiceLayer.AI.PatternRecognition/NeoServiceLayer.AI.PatternRecognition.csproj]
/home/ubuntu/neo-service-layer/src/AI/NeoServiceLayer.AI.PatternRecognition/Services/PatternRecognitionOrchestrator.cs(15,64): error CS0535: 'PatternRecognitionOrchestrator' does not implement interface member 'IService.Name' [/home/ubuntu/neo-service-layer/src/AI/NeoServiceLayer.AI.PatternRecognition/NeoServiceLayer.AI.PatternRecognition.csproj]
/home/ubuntu/neo-service-layer/src/AI/NeoServiceLayer.AI.PatternRecognition/Services/PatternRecognitionOrchestrator.cs(15,64): error CS0535: 'PatternRecognitionOrchestrator' does not implement interface member 'IService.Description' [/home/ubuntu/neo-service-layer/src/AI/NeoServiceLayer.AI.PatternRecognition/NeoServiceLayer.AI.PatternRecognition.csproj]
/home/ubuntu/neo-service-layer/src/AI/NeoServiceLayer.AI.PatternRecognition/Services/PatternRecognitionOrchestrator.cs(15,64): error CS0535: 'PatternRecognitionOrchestrator' does not implement interface member 'IService.Version' [/home/ubuntu/neo-service-layer/src/AI/NeoServiceLayer.AI.PatternRecognition/NeoServiceLayer.AI.PatternRecognition.csproj]
/home/ubuntu/neo-service-layer/src/AI/NeoServiceLayer.AI.PatternRecognition/Services/PatternRecognitionOrchestrator.cs(15,64): error CS0535: 'PatternRecognitionOrchestrator' does not implement interface member 'IService.IsRunning' [/home/ubuntu/neo-service-layer/src/AI/NeoServiceLayer.AI.PatternRecognition/NeoServiceLayer.AI.PatternRecognition.csproj]
/home/ubuntu/neo-service-layer/src/AI/NeoServiceLayer.AI.PatternRecognition/Services/PatternRecognitionOrchestrator.cs(15,64): error CS0535: 'PatternRecognitionOrchestrator' does not implement interface member 'IService.Dependencies' [/home/ubuntu/neo-service-layer/src/AI/NeoServiceLayer.AI.PatternRecognition/NeoServiceLayer.AI.PatternRecognition.csproj]
/home/ubuntu/neo-service-layer/src/AI/NeoServiceLayer.AI.PatternRecognition/Services/PatternRecognitionOrchestrator.cs(15,64): error CS0535: 'PatternRecognitionOrchestrator' does not implement interface member 'IService.Capabilities' [/home/ubuntu/neo-service-layer/src/AI/NeoServiceLayer.AI.PatternRecognition/NeoServiceLayer.AI.PatternRecognition.csproj]
/home/ubuntu/neo-service-layer/src/AI/NeoServiceLayer.AI.PatternRecognition/Services/PatternRecognitionOrchestrator.cs(15,64): error CS0535: 'PatternRecognitionOrchestrator' does not implement interface member 'IService.Metadata' [/home/ubuntu/neo-service-layer/src/AI/NeoServiceLayer.AI.PatternRecognition/NeoServiceLayer.AI.PatternRecognition.csproj]
/home/ubuntu/neo-service-layer/src/AI/NeoServiceLayer.AI.PatternRecognition/PatternRecognitionService.cs(18,65): error CS0535: 'PatternRecognitionService' does not implement interface member 'IPatternRecognitionService.AnalyzePatternsAsync(PatternAnalysisRequest, BlockchainType)' [/home/ubuntu/neo-service-layer/src/AI/NeoServiceLayer.AI.PatternRecognition/NeoServiceLayer.AI.PatternRecognition.csproj]
  NeoServiceLayer.TestInfrastructure -> /home/ubuntu/neo-service-layer/tests/TestInfrastructure/bin/Debug/net9.0/NeoServiceLayer.TestInfrastructure.dll
/home/ubuntu/neo-service-layer/src/Services/NeoServiceLayer.Services.Oracle/OracleService.EnclaveOperations.cs(4,32): error CS0234: The type or namespace name 'Core' does not exist in the namespace 'NeoServiceLayer.Services' (are you missing an assembly reference?) [/home/ubuntu/neo-service-layer/src/Services/NeoServiceLayer.Services.Oracle/NeoServiceLayer.Services.Oracle.csproj]
/home/ubuntu/neo-service-layer/src/Services/NeoServiceLayer.Services.Oracle/OracleService.Core.cs(17,38): error CS0104: 'EnclaveBlockchainServiceBase' is an ambiguous reference between 'NeoServiceLayer.Core.EnclaveBlockchainServiceBase' and 'NeoServiceLayer.ServiceFramework.EnclaveBlockchainServiceBase' [/home/ubuntu/neo-service-layer/src/Services/NeoServiceLayer.Services.Oracle/NeoServiceLayer.Services.Oracle.csproj]
/home/ubuntu/neo-service-layer/src/Services/NeoServiceLayer.Services.Oracle/OracleService.InterfaceImplementations.cs(677,42): error CS0050: Inconsistent accessibility: return type 'Task<OracleService.BatchOracleResult>' is less accessible than method 'OracleService.BatchRequestAsync(BatchOracleRequest, BlockchainType)' [/home/ubuntu/neo-service-layer/src/Services/NeoServiceLayer.Services.Oracle/NeoServiceLayer.Services.Oracle.csproj]
/home/ubuntu/neo-service-layer/src/Services/NeoServiceLayer.Services.Oracle/OracleService.Core.cs(17,68): error CS0738: 'OracleService' does not implement interface member 'IOracleService.BatchRequestAsync(BatchOracleRequest, BlockchainType)'. 'OracleService.BatchRequestAsync(BatchOracleRequest, BlockchainType)' cannot implement 'IOracleService.BatchRequestAsync(BatchOracleRequest, BlockchainType)' because it does not have the matching return type of 'Task<BatchOracleResult>'. [/home/ubuntu/neo-service-layer/src/Services/NeoServiceLayer.Services.Oracle/NeoServiceLayer.Services.Oracle.csproj]
/home/ubuntu/neo-service-layer/src/Services/NeoServiceLayer.Services.Oracle/OracleService.Core.cs(17,68): error CS0535: 'OracleService' does not implement interface member 'IEnclaveService.InitializeEnclaveAsync()' [/home/ubuntu/neo-service-layer/src/Services/NeoServiceLayer.Services.Oracle/NeoServiceLayer.Services.Oracle.csproj]
/home/ubuntu/neo-service-layer/src/Services/NeoServiceLayer.Services.Oracle/OracleService.Core.cs(17,68): error CS0535: 'OracleService' does not implement interface member 'IEnclaveService.GetAttestationAsync()' [/home/ubuntu/neo-service-layer/src/Services/NeoServiceLayer.Services.Oracle/NeoServiceLayer.Services.Oracle.csproj]
/home/ubuntu/neo-service-layer/src/Services/NeoServiceLayer.Services.Oracle/OracleService.Core.cs(17,68): error CS0535: 'OracleService' does not implement interface member 'IEnclaveService.ValidateEnclaveAsync()' [/home/ubuntu/neo-service-layer/src/Services/NeoServiceLayer.Services.Oracle/NeoServiceLayer.Services.Oracle.csproj]
/home/ubuntu/neo-service-layer/src/Services/NeoServiceLayer.Services.Oracle/OracleService.Core.cs(17,68): error CS0535: 'OracleService' does not implement interface member 'IEnclaveService.HasEnclaveCapabilities' [/home/ubuntu/neo-service-layer/src/Services/NeoServiceLayer.Services.Oracle/NeoServiceLayer.Services.Oracle.csproj]
/home/ubuntu/neo-service-layer/src/Services/NeoServiceLayer.Services.Oracle/OracleService.Core.cs(17,68): error CS0535: 'OracleService' does not implement interface member 'IEnclaveService.IsEnclaveInitialized' [/home/ubuntu/neo-service-layer/src/Services/NeoServiceLayer.Services.Oracle/NeoServiceLayer.Services.Oracle.csproj]
/home/ubuntu/neo-service-layer/src/Services/NeoServiceLayer.Services.Oracle/OracleService.Core.cs(17,68): error CS0535: 'OracleService' does not implement interface member 'IBlockchainService.SupportsBlockchain(BlockchainType)' [/home/ubuntu/neo-service-layer/src/Services/NeoServiceLayer.Services.Oracle/NeoServiceLayer.Services.Oracle.csproj]
/home/ubuntu/neo-service-layer/src/Services/NeoServiceLayer.Services.Oracle/OracleService.Core.cs(17,68): error CS0535: 'OracleService' does not implement interface member 'IBlockchainService.SupportedBlockchains' [/home/ubuntu/neo-service-layer/src/Services/NeoServiceLayer.Services.Oracle/NeoServiceLayer.Services.Oracle.csproj]
/home/ubuntu/neo-service-layer/src/Services/NeoServiceLayer.Services.Oracle/OracleService.Core.cs(17,68): error CS0535: 'OracleService' does not implement interface member 'IService.InitializeAsync()' [/home/ubuntu/neo-service-layer/src/Services/NeoServiceLayer.Services.Oracle/NeoServiceLayer.Services.Oracle.csproj]
/home/ubuntu/neo-service-layer/src/Services/NeoServiceLayer.Services.Oracle/OracleService.Core.cs(17,68): error CS0535: 'OracleService' does not implement interface member 'IService.StartAsync()' [/home/ubuntu/neo-service-layer/src/Services/NeoServiceLayer.Services.Oracle/NeoServiceLayer.Services.Oracle.csproj]
/home/ubuntu/neo-service-layer/src/Services/NeoServiceLayer.Services.Oracle/OracleService.Core.cs(17,68): error CS0535: 'OracleService' does not implement interface member 'IService.StopAsync()' [/home/ubuntu/neo-service-layer/src/Services/NeoServiceLayer.Services.Oracle/NeoServiceLayer.Services.Oracle.csproj]
/home/ubuntu/neo-service-layer/src/Services/NeoServiceLayer.Services.Oracle/OracleService.Core.cs(17,68): error CS0535: 'OracleService' does not implement interface member 'IService.GetHealthAsync()' [/home/ubuntu/neo-service-layer/src/Services/NeoServiceLayer.Services.Oracle/NeoServiceLayer.Services.Oracle.csproj]
/home/ubuntu/neo-service-layer/src/Services/NeoServiceLayer.Services.Oracle/OracleService.Core.cs(17,68): error CS0535: 'OracleService' does not implement interface member 'IService.GetMetricsAsync()' [/home/ubuntu/neo-service-layer/src/Services/NeoServiceLayer.Services.Oracle/NeoServiceLayer.Services.Oracle.csproj]
/home/ubuntu/neo-service-layer/src/Services/NeoServiceLayer.Services.Oracle/OracleService.Core.cs(17,68): error CS0535: 'OracleService' does not implement interface member 'IService.ValidateDependenciesAsync(IEnumerable<IService>)' [/home/ubuntu/neo-service-layer/src/Services/NeoServiceLayer.Services.Oracle/NeoServiceLayer.Services.Oracle.csproj]
/home/ubuntu/neo-service-layer/src/Services/NeoServiceLayer.Services.Oracle/OracleService.Core.cs(17,68): error CS0535: 'OracleService' does not implement interface member 'IService.Name' [/home/ubuntu/neo-service-layer/src/Services/NeoServiceLayer.Services.Oracle/NeoServiceLayer.Services.Oracle.csproj]
/home/ubuntu/neo-service-layer/src/Services/NeoServiceLayer.Services.Oracle/OracleService.Core.cs(17,68): error CS0535: 'OracleService' does not implement interface member 'IService.Description' [/home/ubuntu/neo-service-layer/src/Services/NeoServiceLayer.Services.Oracle/NeoServiceLayer.Services.Oracle.csproj]
/home/ubuntu/neo-service-layer/src/Services/NeoServiceLayer.Services.Oracle/OracleService.Core.cs(17,68): error CS0535: 'OracleService' does not implement interface member 'IService.Version' [/home/ubuntu/neo-service-layer/src/Services/NeoServiceLayer.Services.Oracle/NeoServiceLayer.Services.Oracle.csproj]
/home/ubuntu/neo-service-layer/src/Services/NeoServiceLayer.Services.Oracle/OracleService.Core.cs(17,68): error CS0535: 'OracleService' does not implement interface member 'IService.IsRunning' [/home/ubuntu/neo-service-layer/src/Services/NeoServiceLayer.Services.Oracle/NeoServiceLayer.Services.Oracle.csproj]
/home/ubuntu/neo-service-layer/src/Services/NeoServiceLayer.Services.Oracle/OracleService.Core.cs(17,68): error CS0535: 'OracleService' does not implement interface member 'IService.Dependencies' [/home/ubuntu/neo-service-layer/src/Services/NeoServiceLayer.Services.Oracle/NeoServiceLayer.Services.Oracle.csproj]
/home/ubuntu/neo-service-layer/src/Services/NeoServiceLayer.Services.Oracle/OracleService.Core.cs(17,68): error CS0535: 'OracleService' does not implement interface member 'IService.Capabilities' [/home/ubuntu/neo-service-layer/src/Services/NeoServiceLayer.Services.Oracle/NeoServiceLayer.Services.Oracle.csproj]
/home/ubuntu/neo-service-layer/src/Services/NeoServiceLayer.Services.Oracle/OracleService.Core.cs(17,68): error CS0535: 'OracleService' does not implement interface member 'IService.Metadata' [/home/ubuntu/neo-service-layer/src/Services/NeoServiceLayer.Services.Oracle/NeoServiceLayer.Services.Oracle.csproj]
  NeoServiceLayer.Services.CrossChain -> /home/ubuntu/neo-service-layer/src/Services/NeoServiceLayer.Services.CrossChain/bin/Debug/net9.0/NeoServiceLayer.Services.CrossChain.dll
  NeoServiceLayer.Infrastructure.Tests -> /home/ubuntu/neo-service-layer/tests/Infrastructure/NeoServiceLayer.Infrastructure.Tests/bin/Debug/net9.0/NeoServiceLayer.Infrastructure.Tests.dll
/home/ubuntu/neo-service-layer/src/Services/NeoServiceLayer.Services.EnclaveStorage/EnclaveStorageService.cs(21,38): error CS0104: 'EnclaveBlockchainServiceBase' is an ambiguous reference between 'NeoServiceLayer.Core.EnclaveBlockchainServiceBase' and 'NeoServiceLayer.ServiceFramework.EnclaveBlockchainServiceBase' [/home/ubuntu/neo-service-layer/src/Services/NeoServiceLayer.Services.EnclaveStorage/NeoServiceLayer.Services.EnclaveStorage.csproj]
/home/ubuntu/neo-service-layer/src/Services/NeoServiceLayer.Services.EnclaveStorage/EnclaveStorageService.cs(21,68): error CS0535: 'EnclaveStorageService' does not implement interface member 'IService.InitializeAsync()' [/home/ubuntu/neo-service-layer/src/Services/NeoServiceLayer.Services.EnclaveStorage/NeoServiceLayer.Services.EnclaveStorage.csproj]
/home/ubuntu/neo-service-layer/src/Services/NeoServiceLayer.Services.EnclaveStorage/EnclaveStorageService.cs(21,68): error CS0535: 'EnclaveStorageService' does not implement interface member 'IService.StartAsync()' [/home/ubuntu/neo-service-layer/src/Services/NeoServiceLayer.Services.EnclaveStorage/NeoServiceLayer.Services.EnclaveStorage.csproj]
/home/ubuntu/neo-service-layer/src/Services/NeoServiceLayer.Services.EnclaveStorage/EnclaveStorageService.cs(21,68): error CS0535: 'EnclaveStorageService' does not implement interface member 'IService.StopAsync()' [/home/ubuntu/neo-service-layer/src/Services/NeoServiceLayer.Services.EnclaveStorage/NeoServiceLayer.Services.EnclaveStorage.csproj]
/home/ubuntu/neo-service-layer/src/Services/NeoServiceLayer.Services.EnclaveStorage/EnclaveStorageService.cs(21,68): error CS0535: 'EnclaveStorageService' does not implement interface member 'IService.GetHealthAsync()' [/home/ubuntu/neo-service-layer/src/Services/NeoServiceLayer.Services.EnclaveStorage/NeoServiceLayer.Services.EnclaveStorage.csproj]
/home/ubuntu/neo-service-layer/src/Services/NeoServiceLayer.Services.EnclaveStorage/EnclaveStorageService.cs(21,68): error CS0535: 'EnclaveStorageService' does not implement interface member 'IService.GetMetricsAsync()' [/home/ubuntu/neo-service-layer/src/Services/NeoServiceLayer.Services.EnclaveStorage/NeoServiceLayer.Services.EnclaveStorage.csproj]
/home/ubuntu/neo-service-layer/src/Services/NeoServiceLayer.Services.EnclaveStorage/EnclaveStorageService.cs(21,68): error CS0535: 'EnclaveStorageService' does not implement interface member 'IService.ValidateDependenciesAsync(IEnumerable<IService>)' [/home/ubuntu/neo-service-layer/src/Services/NeoServiceLayer.Services.EnclaveStorage/NeoServiceLayer.Services.EnclaveStorage.csproj]
/home/ubuntu/neo-service-layer/src/Services/NeoServiceLayer.Services.EnclaveStorage/EnclaveStorageService.cs(21,68): error CS0535: 'EnclaveStorageService' does not implement interface member 'IService.Name' [/home/ubuntu/neo-service-layer/src/Services/NeoServiceLayer.Services.EnclaveStorage/NeoServiceLayer.Services.EnclaveStorage.csproj]
/home/ubuntu/neo-service-layer/src/Services/NeoServiceLayer.Services.EnclaveStorage/EnclaveStorageService.cs(21,68): error CS0535: 'EnclaveStorageService' does not implement interface member 'IService.Description' [/home/ubuntu/neo-service-layer/src/Services/NeoServiceLayer.Services.EnclaveStorage/NeoServiceLayer.Services.EnclaveStorage.csproj]
/home/ubuntu/neo-service-layer/src/Services/NeoServiceLayer.Services.EnclaveStorage/EnclaveStorageService.cs(21,68): error CS0535: 'EnclaveStorageService' does not implement interface member 'IService.Version' [/home/ubuntu/neo-service-layer/src/Services/NeoServiceLayer.Services.EnclaveStorage/NeoServiceLayer.Services.EnclaveStorage.csproj]
/home/ubuntu/neo-service-layer/src/Services/NeoServiceLayer.Services.EnclaveStorage/EnclaveStorageService.cs(21,68): error CS0535: 'EnclaveStorageService' does not implement interface member 'IService.IsRunning' [/home/ubuntu/neo-service-layer/src/Services/NeoServiceLayer.Services.EnclaveStorage/NeoServiceLayer.Services.EnclaveStorage.csproj]
/home/ubuntu/neo-service-layer/src/Services/NeoServiceLayer.Services.EnclaveStorage/EnclaveStorageService.cs(21,68): error CS0535: 'EnclaveStorageService' does not implement interface member 'IService.Dependencies' [/home/ubuntu/neo-service-layer/src/Services/NeoServiceLayer.Services.EnclaveStorage/NeoServiceLayer.Services.EnclaveStorage.csproj]
/home/ubuntu/neo-service-layer/src/Services/NeoServiceLayer.Services.EnclaveStorage/EnclaveStorageService.cs(21,68): error CS0535: 'EnclaveStorageService' does not implement interface member 'IService.Capabilities' [/home/ubuntu/neo-service-layer/src/Services/NeoServiceLayer.Services.EnclaveStorage/NeoServiceLayer.Services.EnclaveStorage.csproj]
/home/ubuntu/neo-service-layer/src/Services/NeoServiceLayer.Services.EnclaveStorage/EnclaveStorageService.cs(21,68): error CS0535: 'EnclaveStorageService' does not implement interface member 'IService.Metadata' [/home/ubuntu/neo-service-layer/src/Services/NeoServiceLayer.Services.EnclaveStorage/NeoServiceLayer.Services.EnclaveStorage.csproj]
/home/ubuntu/neo-service-layer/src/Services/NeoServiceLayer.Services.EnclaveStorage/EnclaveStorageService.cs(26,22): error CS0246: The type or namespace name 'ISecurityService' could not be found (are you missing a using directive or an assembly reference?) [/home/ubuntu/neo-service-layer/src/Services/NeoServiceLayer.Services.EnclaveStorage/NeoServiceLayer.Services.EnclaveStorage.csproj]
/home/ubuntu/neo-service-layer/src/Services/NeoServiceLayer.Services.EnclaveStorage/EnclaveStorageService.cs(27,22): error CS0246: The type or namespace name 'IObservabilityService' could not be found (are you missing a using directive or an assembly reference?) [/home/ubuntu/neo-service-layer/src/Services/NeoServiceLayer.Services.EnclaveStorage/NeoServiceLayer.Services.EnclaveStorage.csproj]
  NeoServiceLayer.Services.CrossChain.Tests -> /home/ubuntu/neo-service-layer/tests/Services/NeoServiceLayer.Services.CrossChain.Tests/bin/Debug/net9.0/NeoServiceLayer.Services.CrossChain.Tests.dll
  NeoServiceLayer.Core.Tests -> /home/ubuntu/neo-service-layer/tests/Core/NeoServiceLayer.Core.Tests/bin/Debug/net9.0/NeoServiceLayer.Core.Tests.dll
  NeoServiceLayer.ServiceFramework.Tests -> /home/ubuntu/neo-service-layer/tests/Core/NeoServiceLayer.ServiceFramework.Tests/bin/Debug/net9.0/NeoServiceLayer.ServiceFramework.Tests.dll
  NeoServiceLayer.AI.Prediction.Tests -> /home/ubuntu/neo-service-layer/tests/AI/NeoServiceLayer.AI.Prediction.Tests/bin/Debug/net9.0/NeoServiceLayer.AI.Prediction.Tests.dll

Build FAILED.

/home/ubuntu/neo-service-layer/NeoServiceLayer.sln.metaproj : warning MSB4121: The project configuration for project "NeoServiceLayer.Infrastructure.Security" was not specified in the solution file for the solution configuration "Debug|Any CPU". [/home/ubuntu/neo-service-layer/NeoServiceLayer.sln]
/home/ubuntu/neo-service-layer/src/Infrastructure/NeoServiceLayer.Infrastructure.Observability/NeoServiceLayer.Infrastructure.Observability.csproj : warning NU1902: Package 'OpenTelemetry.Api' 1.10.0 has a known moderate severity vulnerability, https://github.com/advisories/GHSA-8785-wc3w-h8q6
/home/ubuntu/neo-service-layer/src/Infrastructure/NeoServiceLayer.Infrastructure.Security/SecurityService.cs(241,29): warning SYSLIB0053: 'AesGcm.AesGcm(byte[])' is obsolete: 'AesGcm should indicate the required tag size for encryption and decryption. Use a constructor that accepts the tag size.' (https://aka.ms/dotnet-warnings/SYSLIB0053) [/home/ubuntu/neo-service-layer/src/Infrastructure/NeoServiceLayer.Infrastructure.Security/NeoServiceLayer.Infrastructure.Security.csproj]
/home/ubuntu/neo-service-layer/src/Infrastructure/NeoServiceLayer.Infrastructure.Security/SecurityService.cs(306,29): warning SYSLIB0053: 'AesGcm.AesGcm(byte[])' is obsolete: 'AesGcm should indicate the required tag size for encryption and decryption. Use a constructor that accepts the tag size.' (https://aka.ms/dotnet-warnings/SYSLIB0053) [/home/ubuntu/neo-service-layer/src/Infrastructure/NeoServiceLayer.Infrastructure.Security/NeoServiceLayer.Infrastructure.Security.csproj]
/home/ubuntu/neo-service-layer/src/Infrastructure/NeoServiceLayer.Infrastructure.Security/SecurityService.cs(285,41): warning CS1998: This async method lacks 'await' operators and will run synchronously. Consider using the 'await' operator to await non-blocking API calls, or 'await Task.Run(...)' to do CPU-bound work on a background thread. [/home/ubuntu/neo-service-layer/src/Infrastructure/NeoServiceLayer.Infrastructure.Security/NeoServiceLayer.Infrastructure.Security.csproj]
/home/ubuntu/neo-service-layer/src/Infrastructure/NeoServiceLayer.Infrastructure.Security/SecurityService.cs(583,29): warning SYSLIB0053: 'AesGcm.AesGcm(byte[])' is obsolete: 'AesGcm should indicate the required tag size for encryption and decryption. Use a constructor that accepts the tag size.' (https://aka.ms/dotnet-warnings/SYSLIB0053) [/home/ubuntu/neo-service-layer/src/Infrastructure/NeoServiceLayer.Infrastructure.Security/NeoServiceLayer.Infrastructure.Security.csproj]
/home/ubuntu/neo-service-layer/src/Infrastructure/NeoServiceLayer.Infrastructure.Security/SecurityService.cs(24,26): warning CS0414: The field 'SecurityService._keyRotationIntervalHours' is assigned but its value is never used [/home/ubuntu/neo-service-layer/src/Infrastructure/NeoServiceLayer.Infrastructure.Security/NeoServiceLayer.Infrastructure.Security.csproj]
/home/ubuntu/neo-service-layer/src/Services/NeoServiceLayer.Services.Backup/Models/BackupServiceModels.cs(173,1): warning CS1570: XML comment has badly formed XML -- 'Expected an end tag for element 'summary'.' [/home/ubuntu/neo-service-layer/src/Services/NeoServiceLayer.Services.Backup/NeoServiceLayer.Services.Backup.csproj]
/home/ubuntu/neo-service-layer/tests/Tee/NeoServiceLayer.Tee.Enclave.Tests/ProductionSGXEnclaveWrapperTests.cs(263,17): error CS1002: ; expected [/home/ubuntu/neo-service-layer/tests/Tee/NeoServiceLayer.Tee.Enclave.Tests/NeoServiceLayer.Tee.Enclave.Tests.csproj]
/home/ubuntu/neo-service-layer/tests/Tee/NeoServiceLayer.Tee.Enclave.Tests/ProductionSGXEnclaveWrapperTests.cs(263,17): error CS1513: } expected [/home/ubuntu/neo-service-layer/tests/Tee/NeoServiceLayer.Tee.Enclave.Tests/NeoServiceLayer.Tee.Enclave.Tests.csproj]
/home/ubuntu/neo-service-layer/tests/Tee/NeoServiceLayer.Tee.Enclave.Tests/ProductionSGXEnclaveWrapperTests.cs(263,24): error CS1519: Invalid token '=' in class, record, struct, or interface member declaration [/home/ubuntu/neo-service-layer/tests/Tee/NeoServiceLayer.Tee.Enclave.Tests/NeoServiceLayer.Tee.Enclave.Tests.csproj]
/home/ubuntu/neo-service-layer/tests/Tee/NeoServiceLayer.Tee.Enclave.Tests/ProductionSGXEnclaveWrapperTests.cs(263,70): error CS1001: Identifier expected [/home/ubuntu/neo-service-layer/tests/Tee/NeoServiceLayer.Tee.Enclave.Tests/NeoServiceLayer.Tee.Enclave.Tests.csproj]
/home/ubuntu/neo-service-layer/tests/Tee/NeoServiceLayer.Tee.Enclave.Tests/ProductionSGXEnclaveWrapperTests.cs(264,66): error CS1026: ) expected [/home/ubuntu/neo-service-layer/tests/Tee/NeoServiceLayer.Tee.Enclave.Tests/NeoServiceLayer.Tee.Enclave.Tests.csproj]
/home/ubuntu/neo-service-layer/tests/Tee/NeoServiceLayer.Tee.Enclave.Tests/ProductionSGXEnclaveWrapperTests.cs(264,66): error CS1002: ; expected [/home/ubuntu/neo-service-layer/tests/Tee/NeoServiceLayer.Tee.Enclave.Tests/NeoServiceLayer.Tee.Enclave.Tests.csproj]
/home/ubuntu/neo-service-layer/tests/Tee/NeoServiceLayer.Tee.Enclave.Tests/ProductionSGXEnclaveWrapperTests.cs(264,72): error CS1519: Invalid token ')' in class, record, struct, or interface member declaration [/home/ubuntu/neo-service-layer/tests/Tee/NeoServiceLayer.Tee.Enclave.Tests/NeoServiceLayer.Tee.Enclave.Tests.csproj]
/home/ubuntu/neo-service-layer/tests/Tee/NeoServiceLayer.Tee.Enclave.Tests/ProductionSGXEnclaveWrapperTests.cs(265,25): error CS1519: Invalid token '(' in class, record, struct, or interface member declaration [/home/ubuntu/neo-service-layer/tests/Tee/NeoServiceLayer.Tee.Enclave.Tests/NeoServiceLayer.Tee.Enclave.Tests.csproj]
/home/ubuntu/neo-service-layer/tests/Tee/NeoServiceLayer.Tee.Enclave.Tests/ProductionSGXEnclaveWrapperTests.cs(265,45): error CS1519: Invalid token ';' in class, record, struct, or interface member declaration [/home/ubuntu/neo-service-layer/tests/Tee/NeoServiceLayer.Tee.Enclave.Tests/NeoServiceLayer.Tee.Enclave.Tests.csproj]
/home/ubuntu/neo-service-layer/tests/Tee/NeoServiceLayer.Tee.Enclave.Tests/ProductionSGXEnclaveWrapperTests.cs(266,9): error CS1519: Invalid token '}' in class, record, struct, or interface member declaration [/home/ubuntu/neo-service-layer/tests/Tee/NeoServiceLayer.Tee.Enclave.Tests/NeoServiceLayer.Tee.Enclave.Tests.csproj]
/home/ubuntu/neo-service-layer/tests/Tee/NeoServiceLayer.Tee.Enclave.Tests/ProductionSGXEnclaveWrapperTests.cs(270,68): error CS1513: } expected [/home/ubuntu/neo-service-layer/tests/Tee/NeoServiceLayer.Tee.Enclave.Tests/NeoServiceLayer.Tee.Enclave.Tests.csproj]
/home/ubuntu/neo-service-layer/tests/Tee/NeoServiceLayer.Tee.Enclave.Tests/ProductionSGXEnclaveWrapperTests.cs(273,16): error CS0116: A namespace cannot directly contain members such as fields, methods or statements [/home/ubuntu/neo-service-layer/tests/Tee/NeoServiceLayer.Tee.Enclave.Tests/NeoServiceLayer.Tee.Enclave.Tests.csproj]
/home/ubuntu/neo-service-layer/tests/Tee/NeoServiceLayer.Tee.Enclave.Tests/ProductionSGXEnclaveWrapperTests.cs(273,31): error CS1031: Type expected [/home/ubuntu/neo-service-layer/tests/Tee/NeoServiceLayer.Tee.Enclave.Tests/NeoServiceLayer.Tee.Enclave.Tests.csproj]
/home/ubuntu/neo-service-layer/tests/Tee/NeoServiceLayer.Tee.Enclave.Tests/ProductionSGXEnclaveWrapperTests.cs(273,37): error CS1031: Type expected [/home/ubuntu/neo-service-layer/tests/Tee/NeoServiceLayer.Tee.Enclave.Tests/NeoServiceLayer.Tee.Enclave.Tests.csproj]
/home/ubuntu/neo-service-layer/tests/Tee/NeoServiceLayer.Tee.Enclave.Tests/ProductionSGXEnclaveWrapperTests.cs(273,37): error CS1003: Syntax error, ',' expected [/home/ubuntu/neo-service-layer/tests/Tee/NeoServiceLayer.Tee.Enclave.Tests/NeoServiceLayer.Tee.Enclave.Tests.csproj]
/home/ubuntu/neo-service-layer/tests/Tee/NeoServiceLayer.Tee.Enclave.Tests/ProductionSGXEnclaveWrapperTests.cs(273,100): error CS1003: Syntax error, '>' expected [/home/ubuntu/neo-service-layer/tests/Tee/NeoServiceLayer.Tee.Enclave.Tests/NeoServiceLayer.Tee.Enclave.Tests.csproj]
/home/ubuntu/neo-service-layer/tests/Tee/NeoServiceLayer.Tee.Enclave.Tests/ProductionSGXEnclaveWrapperTests.cs(273,100): error CS8124: Tuple must contain at least two elements. [/home/ubuntu/neo-service-layer/tests/Tee/NeoServiceLayer.Tee.Enclave.Tests/NeoServiceLayer.Tee.Enclave.Tests.csproj]
/home/ubuntu/neo-service-layer/tests/Tee/NeoServiceLayer.Tee.Enclave.Tests/ProductionSGXEnclaveWrapperTests.cs(273,100): error CS1026: ) expected [/home/ubuntu/neo-service-layer/tests/Tee/NeoServiceLayer.Tee.Enclave.Tests/NeoServiceLayer.Tee.Enclave.Tests.csproj]
/home/ubuntu/neo-service-layer/tests/Tee/NeoServiceLayer.Tee.Enclave.Tests/ProductionSGXEnclaveWrapperTests.cs(273,100): error CS1022: Type or namespace definition, or end-of-file expected [/home/ubuntu/neo-service-layer/tests/Tee/NeoServiceLayer.Tee.Enclave.Tests/NeoServiceLayer.Tee.Enclave.Tests.csproj]
/home/ubuntu/neo-service-layer/tests/Tee/NeoServiceLayer.Tee.Enclave.Tests/ProductionSGXEnclaveWrapperTests.cs(275,17): error CS0116: A namespace cannot directly contain members such as fields, methods or statements [/home/ubuntu/neo-service-layer/tests/Tee/NeoServiceLayer.Tee.Enclave.Tests/NeoServiceLayer.Tee.Enclave.Tests.csproj]
/home/ubuntu/neo-service-layer/tests/Tee/NeoServiceLayer.Tee.Enclave.Tests/ProductionSGXEnclaveWrapperTests.cs(275,27): error CS1031: Type expected [/home/ubuntu/neo-service-layer/tests/Tee/NeoServiceLayer.Tee.Enclave.Tests/NeoServiceLayer.Tee.Enclave.Tests.csproj]
/home/ubuntu/neo-service-layer/tests/Tee/NeoServiceLayer.Tee.Enclave.Tests/ProductionSGXEnclaveWrapperTests.cs(275,27): error CS8124: Tuple must contain at least two elements. [/home/ubuntu/neo-service-layer/tests/Tee/NeoServiceLayer.Tee.Enclave.Tests/NeoServiceLayer.Tee.Enclave.Tests.csproj]
/home/ubuntu/neo-service-layer/tests/Tee/NeoServiceLayer.Tee.Enclave.Tests/ProductionSGXEnclaveWrapperTests.cs(275,27): error CS1026: ) expected [/home/ubuntu/neo-service-layer/tests/Tee/NeoServiceLayer.Tee.Enclave.Tests/NeoServiceLayer.Tee.Enclave.Tests.csproj]
/home/ubuntu/neo-service-layer/tests/Tee/NeoServiceLayer.Tee.Enclave.Tests/ProductionSGXEnclaveWrapperTests.cs(275,27): error CS1022: Type or namespace definition, or end-of-file expected [/home/ubuntu/neo-service-layer/tests/Tee/NeoServiceLayer.Tee.Enclave.Tests/NeoServiceLayer.Tee.Enclave.Tests.csproj]
/home/ubuntu/neo-service-layer/tests/Tee/NeoServiceLayer.Tee.Enclave.Tests/ProductionSGXEnclaveWrapperTests.cs(276,17): error CS0116: A namespace cannot directly contain members such as fields, methods or statements [/home/ubuntu/neo-service-layer/tests/Tee/NeoServiceLayer.Tee.Enclave.Tests/NeoServiceLayer.Tee.Enclave.Tests.csproj]
/home/ubuntu/neo-service-layer/tests/Tee/NeoServiceLayer.Tee.Enclave.Tests/ProductionSGXEnclaveWrapperTests.cs(276,27): error CS1031: Type expected [/home/ubuntu/neo-service-layer/tests/Tee/NeoServiceLayer.Tee.Enclave.Tests/NeoServiceLayer.Tee.Enclave.Tests.csproj]
/home/ubuntu/neo-service-layer/tests/Tee/NeoServiceLayer.Tee.Enclave.Tests/ProductionSGXEnclaveWrapperTests.cs(276,27): error CS8124: Tuple must contain at least two elements. [/home/ubuntu/neo-service-layer/tests/Tee/NeoServiceLayer.Tee.Enclave.Tests/NeoServiceLayer.Tee.Enclave.Tests.csproj]
/home/ubuntu/neo-service-layer/tests/Tee/NeoServiceLayer.Tee.Enclave.Tests/ProductionSGXEnclaveWrapperTests.cs(276,27): error CS1026: ) expected [/home/ubuntu/neo-service-layer/tests/Tee/NeoServiceLayer.Tee.Enclave.Tests/NeoServiceLayer.Tee.Enclave.Tests.csproj]
/home/ubuntu/neo-service-layer/tests/Tee/NeoServiceLayer.Tee.Enclave.Tests/ProductionSGXEnclaveWrapperTests.cs(276,27): error CS1022: Type or namespace definition, or end-of-file expected [/home/ubuntu/neo-service-layer/tests/Tee/NeoServiceLayer.Tee.Enclave.Tests/NeoServiceLayer.Tee.Enclave.Tests.csproj]
/home/ubuntu/neo-service-layer/tests/Tee/NeoServiceLayer.Tee.Enclave.Tests/ProductionSGXEnclaveWrapperTests.cs(277,5): error CS1022: Type or namespace definition, or end-of-file expected [/home/ubuntu/neo-service-layer/tests/Tee/NeoServiceLayer.Tee.Enclave.Tests/NeoServiceLayer.Tee.Enclave.Tests.csproj]
/home/ubuntu/neo-service-layer/tests/Tee/NeoServiceLayer.Tee.Enclave.Tests/ProductionSGXEnclaveWrapperTests.cs(279,5): error CS8803: Top-level statements must precede namespace and type declarations. [/home/ubuntu/neo-service-layer/tests/Tee/NeoServiceLayer.Tee.Enclave.Tests/NeoServiceLayer.Tee.Enclave.Tests.csproj]
/home/ubuntu/neo-service-layer/tests/Tee/NeoServiceLayer.Tee.Enclave.Tests/ProductionSGXEnclaveWrapperTests.cs(280,5): error CS0106: The modifier 'public' is not valid for this item [/home/ubuntu/neo-service-layer/tests/Tee/NeoServiceLayer.Tee.Enclave.Tests/NeoServiceLayer.Tee.Enclave.Tests.csproj]
/home/ubuntu/neo-service-layer/tests/Tee/NeoServiceLayer.Tee.Enclave.Tests/ProductionSGXEnclaveWrapperTests.cs(289,17): error CS1002: ; expected [/home/ubuntu/neo-service-layer/tests/Tee/NeoServiceLayer.Tee.Enclave.Tests/NeoServiceLayer.Tee.Enclave.Tests.csproj]
/home/ubuntu/neo-service-layer/tests/Tee/NeoServiceLayer.Tee.Enclave.Tests/ProductionSGXEnclaveWrapperTests.cs(289,17): error CS1513: } expected [/home/ubuntu/neo-service-layer/tests/Tee/NeoServiceLayer.Tee.Enclave.Tests/NeoServiceLayer.Tee.Enclave.Tests.csproj]
/home/ubuntu/neo-service-layer/tests/Tee/NeoServiceLayer.Tee.Enclave.Tests/ProductionSGXEnclaveWrapperTests.cs(289,17): error CS0116: A namespace cannot directly contain members such as fields, methods or statements [/home/ubuntu/neo-service-layer/tests/Tee/NeoServiceLayer.Tee.Enclave.Tests/NeoServiceLayer.Tee.Enclave.Tests.csproj]
/home/ubuntu/neo-service-layer/tests/Tee/NeoServiceLayer.Tee.Enclave.Tests/ProductionSGXEnclaveWrapperTests.cs(289,24): error CS1525: Invalid expression term '=' [/home/ubuntu/neo-service-layer/tests/Tee/NeoServiceLayer.Tee.Enclave.Tests/NeoServiceLayer.Tee.Enclave.Tests.csproj]
/home/ubuntu/neo-service-layer/tests/Tee/NeoServiceLayer.Tee.Enclave.Tests/ProductionSGXEnclaveWrapperTests.cs(290,66): error CS1026: ) expected [/home/ubuntu/neo-service-layer/tests/Tee/NeoServiceLayer.Tee.Enclave.Tests/NeoServiceLayer.Tee.Enclave.Tests.csproj]
/home/ubuntu/neo-service-layer/tests/Tee/NeoServiceLayer.Tee.Enclave.Tests/ProductionSGXEnclaveWrapperTests.cs(290,66): error CS1002: ; expected [/home/ubuntu/neo-service-layer/tests/Tee/NeoServiceLayer.Tee.Enclave.Tests/NeoServiceLayer.Tee.Enclave.Tests.csproj]
/home/ubuntu/neo-service-layer/tests/Tee/NeoServiceLayer.Tee.Enclave.Tests/ProductionSGXEnclaveWrapperTests.cs(290,66): error CS0116: A namespace cannot directly contain members such as fields, methods or statements [/home/ubuntu/neo-service-layer/tests/Tee/NeoServiceLayer.Tee.Enclave.Tests/NeoServiceLayer.Tee.Enclave.Tests.csproj]
/home/ubuntu/neo-service-layer/tests/Tee/NeoServiceLayer.Tee.Enclave.Tests/ProductionSGXEnclaveWrapperTests.cs(290,72): error CS1022: Type or namespace definition, or end-of-file expected [/home/ubuntu/neo-service-layer/tests/Tee/NeoServiceLayer.Tee.Enclave.Tests/NeoServiceLayer.Tee.Enclave.Tests.csproj]
/home/ubuntu/neo-service-layer/tests/Tee/NeoServiceLayer.Tee.Enclave.Tests/ProductionSGXEnclaveWrapperTests.cs(291,9): error CS1022: Type or namespace definition, or end-of-file expected [/home/ubuntu/neo-service-layer/tests/Tee/NeoServiceLayer.Tee.Enclave.Tests/NeoServiceLayer.Tee.Enclave.Tests.csproj]
/home/ubuntu/neo-service-layer/tests/Tee/NeoServiceLayer.Tee.Enclave.Tests/ProductionSGXEnclaveWrapperTests.cs(306,5): error CS1022: Type or namespace definition, or end-of-file expected [/home/ubuntu/neo-service-layer/tests/Tee/NeoServiceLayer.Tee.Enclave.Tests/NeoServiceLayer.Tee.Enclave.Tests.csproj]
/home/ubuntu/neo-service-layer/tests/Tee/NeoServiceLayer.Tee.Enclave.Tests/ProductionSGXEnclaveWrapperTests.cs(308,5): error CS0106: The modifier 'public' is not valid for this item [/home/ubuntu/neo-service-layer/tests/Tee/NeoServiceLayer.Tee.Enclave.Tests/NeoServiceLayer.Tee.Enclave.Tests.csproj]
/home/ubuntu/neo-service-layer/tests/Tee/NeoServiceLayer.Tee.Enclave.Tests/ProductionSGXEnclaveWrapperTests.cs(312,1): error CS1022: Type or namespace definition, or end-of-file expected [/home/ubuntu/neo-service-layer/tests/Tee/NeoServiceLayer.Tee.Enclave.Tests/NeoServiceLayer.Tee.Enclave.Tests.csproj]
/home/ubuntu/neo-service-layer/src/Services/NeoServiceLayer.Services.Monitoring/MonitoringService.Core.cs(14,42): error CS0104: 'EnclaveBlockchainServiceBase' is an ambiguous reference between 'NeoServiceLayer.Core.EnclaveBlockchainServiceBase' and 'NeoServiceLayer.ServiceFramework.EnclaveBlockchainServiceBase' [/home/ubuntu/neo-service-layer/src/Services/NeoServiceLayer.Services.Monitoring/NeoServiceLayer.Services.Monitoring.csproj]
/home/ubuntu/neo-service-layer/src/Services/NeoServiceLayer.Services.Monitoring/MonitoringService.Core.cs(14,72): error CS0535: 'MonitoringService' does not implement interface member 'IService.InitializeAsync()' [/home/ubuntu/neo-service-layer/src/Services/NeoServiceLayer.Services.Monitoring/NeoServiceLayer.Services.Monitoring.csproj]
/home/ubuntu/neo-service-layer/src/Services/NeoServiceLayer.Services.Monitoring/MonitoringService.Core.cs(14,72): error CS0535: 'MonitoringService' does not implement interface member 'IService.StartAsync()' [/home/ubuntu/neo-service-layer/src/Services/NeoServiceLayer.Services.Monitoring/NeoServiceLayer.Services.Monitoring.csproj]
/home/ubuntu/neo-service-layer/src/Services/NeoServiceLayer.Services.Monitoring/MonitoringService.Core.cs(14,72): error CS0535: 'MonitoringService' does not implement interface member 'IService.StopAsync()' [/home/ubuntu/neo-service-layer/src/Services/NeoServiceLayer.Services.Monitoring/NeoServiceLayer.Services.Monitoring.csproj]
/home/ubuntu/neo-service-layer/src/Services/NeoServiceLayer.Services.Monitoring/MonitoringService.Core.cs(14,72): error CS0535: 'MonitoringService' does not implement interface member 'IService.GetHealthAsync()' [/home/ubuntu/neo-service-layer/src/Services/NeoServiceLayer.Services.Monitoring/NeoServiceLayer.Services.Monitoring.csproj]
/home/ubuntu/neo-service-layer/src/Services/NeoServiceLayer.Services.Monitoring/MonitoringService.Core.cs(14,72): error CS0535: 'MonitoringService' does not implement interface member 'IService.GetMetricsAsync()' [/home/ubuntu/neo-service-layer/src/Services/NeoServiceLayer.Services.Monitoring/NeoServiceLayer.Services.Monitoring.csproj]
/home/ubuntu/neo-service-layer/src/Services/NeoServiceLayer.Services.Monitoring/MonitoringService.Core.cs(14,72): error CS0535: 'MonitoringService' does not implement interface member 'IService.ValidateDependenciesAsync(IEnumerable<IService>)' [/home/ubuntu/neo-service-layer/src/Services/NeoServiceLayer.Services.Monitoring/NeoServiceLayer.Services.Monitoring.csproj]
/home/ubuntu/neo-service-layer/src/Services/NeoServiceLayer.Services.Monitoring/MonitoringService.Core.cs(14,72): error CS0535: 'MonitoringService' does not implement interface member 'IService.Name' [/home/ubuntu/neo-service-layer/src/Services/NeoServiceLayer.Services.Monitoring/NeoServiceLayer.Services.Monitoring.csproj]
/home/ubuntu/neo-service-layer/src/Services/NeoServiceLayer.Services.Monitoring/MonitoringService.Core.cs(14,72): error CS0535: 'MonitoringService' does not implement interface member 'IService.Description' [/home/ubuntu/neo-service-layer/src/Services/NeoServiceLayer.Services.Monitoring/NeoServiceLayer.Services.Monitoring.csproj]
/home/ubuntu/neo-service-layer/src/Services/NeoServiceLayer.Services.Monitoring/MonitoringService.Core.cs(14,72): error CS0535: 'MonitoringService' does not implement interface member 'IService.Version' [/home/ubuntu/neo-service-layer/src/Services/NeoServiceLayer.Services.Monitoring/NeoServiceLayer.Services.Monitoring.csproj]
/home/ubuntu/neo-service-layer/src/Services/NeoServiceLayer.Services.Monitoring/MonitoringService.Core.cs(14,72): error CS0535: 'MonitoringService' does not implement interface member 'IService.IsRunning' [/home/ubuntu/neo-service-layer/src/Services/NeoServiceLayer.Services.Monitoring/NeoServiceLayer.Services.Monitoring.csproj]
/home/ubuntu/neo-service-layer/src/Services/NeoServiceLayer.Services.Monitoring/MonitoringService.Core.cs(14,72): error CS0535: 'MonitoringService' does not implement interface member 'IService.Dependencies' [/home/ubuntu/neo-service-layer/src/Services/NeoServiceLayer.Services.Monitoring/NeoServiceLayer.Services.Monitoring.csproj]
/home/ubuntu/neo-service-layer/src/Services/NeoServiceLayer.Services.Monitoring/MonitoringService.Core.cs(14,72): error CS0535: 'MonitoringService' does not implement interface member 'IService.Capabilities' [/home/ubuntu/neo-service-layer/src/Services/NeoServiceLayer.Services.Monitoring/NeoServiceLayer.Services.Monitoring.csproj]
/home/ubuntu/neo-service-layer/src/Services/NeoServiceLayer.Services.Monitoring/MonitoringService.Core.cs(14,72): error CS0535: 'MonitoringService' does not implement interface member 'IService.Metadata' [/home/ubuntu/neo-service-layer/src/Services/NeoServiceLayer.Services.Monitoring/NeoServiceLayer.Services.Monitoring.csproj]
/home/ubuntu/neo-service-layer/src/Services/NeoServiceLayer.Services.Notification/NotificationService.EnclaveOperations.cs(4,32): error CS0234: The type or namespace name 'Core' does not exist in the namespace 'NeoServiceLayer.Services' (are you missing an assembly reference?) [/home/ubuntu/neo-service-layer/src/Services/NeoServiceLayer.Services.Notification/NeoServiceLayer.Services.Notification.csproj]
/home/ubuntu/neo-service-layer/src/Services/NeoServiceLayer.Services.Notification/NotificationService.cs(17,44): error CS0104: 'EnclaveBlockchainServiceBase' is an ambiguous reference between 'NeoServiceLayer.Core.EnclaveBlockchainServiceBase' and 'NeoServiceLayer.ServiceFramework.EnclaveBlockchainServiceBase' [/home/ubuntu/neo-service-layer/src/Services/NeoServiceLayer.Services.Notification/NeoServiceLayer.Services.Notification.csproj]
/home/ubuntu/neo-service-layer/src/Services/NeoServiceLayer.Services.Notification/NotificationService.cs(17,74): error CS0535: 'NotificationService' does not implement interface member 'IService.InitializeAsync()' [/home/ubuntu/neo-service-layer/src/Services/NeoServiceLayer.Services.Notification/NeoServiceLayer.Services.Notification.csproj]
/home/ubuntu/neo-service-layer/src/Services/NeoServiceLayer.Services.Notification/NotificationService.cs(17,74): error CS0535: 'NotificationService' does not implement interface member 'IService.StartAsync()' [/home/ubuntu/neo-service-layer/src/Services/NeoServiceLayer.Services.Notification/NeoServiceLayer.Services.Notification.csproj]
/home/ubuntu/neo-service-layer/src/Services/NeoServiceLayer.Services.Notification/NotificationService.cs(17,74): error CS0535: 'NotificationService' does not implement interface member 'IService.StopAsync()' [/home/ubuntu/neo-service-layer/src/Services/NeoServiceLayer.Services.Notification/NeoServiceLayer.Services.Notification.csproj]
/home/ubuntu/neo-service-layer/src/Services/NeoServiceLayer.Services.Notification/NotificationService.cs(17,74): error CS0535: 'NotificationService' does not implement interface member 'IService.GetHealthAsync()' [/home/ubuntu/neo-service-layer/src/Services/NeoServiceLayer.Services.Notification/NeoServiceLayer.Services.Notification.csproj]
/home/ubuntu/neo-service-layer/src/Services/NeoServiceLayer.Services.Notification/NotificationService.cs(17,74): error CS0535: 'NotificationService' does not implement interface member 'IService.GetMetricsAsync()' [/home/ubuntu/neo-service-layer/src/Services/NeoServiceLayer.Services.Notification/NeoServiceLayer.Services.Notification.csproj]
/home/ubuntu/neo-service-layer/src/Services/NeoServiceLayer.Services.Notification/NotificationService.cs(17,74): error CS0535: 'NotificationService' does not implement interface member 'IService.ValidateDependenciesAsync(IEnumerable<IService>)' [/home/ubuntu/neo-service-layer/src/Services/NeoServiceLayer.Services.Notification/NeoServiceLayer.Services.Notification.csproj]
/home/ubuntu/neo-service-layer/src/Services/NeoServiceLayer.Services.Notification/NotificationService.cs(17,74): error CS0535: 'NotificationService' does not implement interface member 'IService.Name' [/home/ubuntu/neo-service-layer/src/Services/NeoServiceLayer.Services.Notification/NeoServiceLayer.Services.Notification.csproj]
/home/ubuntu/neo-service-layer/src/Services/NeoServiceLayer.Services.Notification/NotificationService.cs(17,74): error CS0535: 'NotificationService' does not implement interface member 'IService.Description' [/home/ubuntu/neo-service-layer/src/Services/NeoServiceLayer.Services.Notification/NeoServiceLayer.Services.Notification.csproj]
/home/ubuntu/neo-service-layer/src/Services/NeoServiceLayer.Services.Notification/NotificationService.cs(17,74): error CS0535: 'NotificationService' does not implement interface member 'IService.Version' [/home/ubuntu/neo-service-layer/src/Services/NeoServiceLayer.Services.Notification/NeoServiceLayer.Services.Notification.csproj]
/home/ubuntu/neo-service-layer/src/Services/NeoServiceLayer.Services.Notification/NotificationService.cs(17,74): error CS0535: 'NotificationService' does not implement interface member 'IService.IsRunning' [/home/ubuntu/neo-service-layer/src/Services/NeoServiceLayer.Services.Notification/NeoServiceLayer.Services.Notification.csproj]
/home/ubuntu/neo-service-layer/src/Services/NeoServiceLayer.Services.Notification/NotificationService.cs(17,74): error CS0535: 'NotificationService' does not implement interface member 'IService.Dependencies' [/home/ubuntu/neo-service-layer/src/Services/NeoServiceLayer.Services.Notification/NeoServiceLayer.Services.Notification.csproj]
/home/ubuntu/neo-service-layer/src/Services/NeoServiceLayer.Services.Notification/NotificationService.cs(17,74): error CS0535: 'NotificationService' does not implement interface member 'IService.Capabilities' [/home/ubuntu/neo-service-layer/src/Services/NeoServiceLayer.Services.Notification/NeoServiceLayer.Services.Notification.csproj]
/home/ubuntu/neo-service-layer/src/Services/NeoServiceLayer.Services.Notification/NotificationService.cs(17,74): error CS0535: 'NotificationService' does not implement interface member 'IService.Metadata' [/home/ubuntu/neo-service-layer/src/Services/NeoServiceLayer.Services.Notification/NeoServiceLayer.Services.Notification.csproj]
/home/ubuntu/neo-service-layer/src/Services/NeoServiceLayer.Services.AbstractAccount/AbstractAccountService.cs(6,32): error CS0234: The type or namespace name 'EnclaveStorage' does not exist in the namespace 'NeoServiceLayer.Services' (are you missing an assembly reference?) [/home/ubuntu/neo-service-layer/src/Services/NeoServiceLayer.Services.AbstractAccount/NeoServiceLayer.Services.AbstractAccount.csproj]
/home/ubuntu/neo-service-layer/src/Services/NeoServiceLayer.Services.AbstractAccount/AbstractAccountService.EnclaveOperations.cs(3,32): error CS0234: The type or namespace name 'Core' does not exist in the namespace 'NeoServiceLayer.Services' (are you missing an assembly reference?) [/home/ubuntu/neo-service-layer/src/Services/NeoServiceLayer.Services.AbstractAccount/NeoServiceLayer.Services.AbstractAccount.csproj]
/home/ubuntu/neo-service-layer/src/Services/NeoServiceLayer.Services.AbstractAccount/AbstractAccountService.cs(30,9): error CS0246: The type or namespace name 'IEnclaveStorageService' could not be found (are you missing a using directive or an assembly reference?) [/home/ubuntu/neo-service-layer/src/Services/NeoServiceLayer.Services.AbstractAccount/NeoServiceLayer.Services.AbstractAccount.csproj]
/home/ubuntu/neo-service-layer/src/Services/NeoServiceLayer.Services.AbstractAccount/AbstractAccountService.cs(42,36): error CS0246: The type or namespace name 'SGXPersistenceBase' could not be found (are you missing a using directive or an assembly reference?) [/home/ubuntu/neo-service-layer/src/Services/NeoServiceLayer.Services.AbstractAccount/NeoServiceLayer.Services.AbstractAccount.csproj]
/home/ubuntu/neo-service-layer/src/Services/NeoServiceLayer.Services.AbstractAccount/AbstractAccountService.cs(44,51): error CS0246: The type or namespace name 'IEnclaveStorageService' could not be found (are you missing a using directive or an assembly reference?) [/home/ubuntu/neo-service-layer/src/Services/NeoServiceLayer.Services.AbstractAccount/NeoServiceLayer.Services.AbstractAccount.csproj]
/home/ubuntu/neo-service-layer/src/Services/NeoServiceLayer.Services.EventSubscription/EventSubscriptionService.Core.cs(14,49): error CS0104: 'EnclaveBlockchainServiceBase' is an ambiguous reference between 'NeoServiceLayer.Core.EnclaveBlockchainServiceBase' and 'NeoServiceLayer.ServiceFramework.EnclaveBlockchainServiceBase' [/home/ubuntu/neo-service-layer/src/Services/NeoServiceLayer.Services.EventSubscription/NeoServiceLayer.Services.EventSubscription.csproj]
/home/ubuntu/neo-service-layer/src/Services/NeoServiceLayer.Services.EventSubscription/EventSubscriptionService.Core.cs(14,79): error CS0535: 'EventSubscriptionService' does not implement interface member 'IEnclaveService.InitializeEnclaveAsync()' [/home/ubuntu/neo-service-layer/src/Services/NeoServiceLayer.Services.EventSubscription/NeoServiceLayer.Services.EventSubscription.csproj]
/home/ubuntu/neo-service-layer/src/Services/NeoServiceLayer.Services.EventSubscription/EventSubscriptionService.Core.cs(14,79): error CS0535: 'EventSubscriptionService' does not implement interface member 'IEnclaveService.GetAttestationAsync()' [/home/ubuntu/neo-service-layer/src/Services/NeoServiceLayer.Services.EventSubscription/NeoServiceLayer.Services.EventSubscription.csproj]
/home/ubuntu/neo-service-layer/src/Services/NeoServiceLayer.Services.EventSubscription/EventSubscriptionService.Core.cs(14,79): error CS0535: 'EventSubscriptionService' does not implement interface member 'IEnclaveService.ValidateEnclaveAsync()' [/home/ubuntu/neo-service-layer/src/Services/NeoServiceLayer.Services.EventSubscription/NeoServiceLayer.Services.EventSubscription.csproj]
/home/ubuntu/neo-service-layer/src/Services/NeoServiceLayer.Services.EventSubscription/EventSubscriptionService.Core.cs(14,79): error CS0535: 'EventSubscriptionService' does not implement interface member 'IEnclaveService.HasEnclaveCapabilities' [/home/ubuntu/neo-service-layer/src/Services/NeoServiceLayer.Services.EventSubscription/NeoServiceLayer.Services.EventSubscription.csproj]
/home/ubuntu/neo-service-layer/src/Services/NeoServiceLayer.Services.EventSubscription/EventSubscriptionService.Core.cs(14,79): error CS0535: 'EventSubscriptionService' does not implement interface member 'IEnclaveService.IsEnclaveInitialized' [/home/ubuntu/neo-service-layer/src/Services/NeoServiceLayer.Services.EventSubscription/NeoServiceLayer.Services.EventSubscription.csproj]
/home/ubuntu/neo-service-layer/src/Services/NeoServiceLayer.Services.EventSubscription/EventSubscriptionService.Core.cs(14,79): error CS0535: 'EventSubscriptionService' does not implement interface member 'IBlockchainService.SupportedBlockchains' [/home/ubuntu/neo-service-layer/src/Services/NeoServiceLayer.Services.EventSubscription/NeoServiceLayer.Services.EventSubscription.csproj]
/home/ubuntu/neo-service-layer/src/Services/NeoServiceLayer.Services.EventSubscription/EventSubscriptionService.Core.cs(14,79): error CS0535: 'EventSubscriptionService' does not implement interface member 'IService.InitializeAsync()' [/home/ubuntu/neo-service-layer/src/Services/NeoServiceLayer.Services.EventSubscription/NeoServiceLayer.Services.EventSubscription.csproj]
/home/ubuntu/neo-service-layer/src/Services/NeoServiceLayer.Services.EventSubscription/EventSubscriptionService.Core.cs(14,79): error CS0535: 'EventSubscriptionService' does not implement interface member 'IService.StartAsync()' [/home/ubuntu/neo-service-layer/src/Services/NeoServiceLayer.Services.EventSubscription/NeoServiceLayer.Services.EventSubscription.csproj]
/home/ubuntu/neo-service-layer/src/Services/NeoServiceLayer.Services.EventSubscription/EventSubscriptionService.Core.cs(14,79): error CS0535: 'EventSubscriptionService' does not implement interface member 'IService.StopAsync()' [/home/ubuntu/neo-service-layer/src/Services/NeoServiceLayer.Services.EventSubscription/NeoServiceLayer.Services.EventSubscription.csproj]
/home/ubuntu/neo-service-layer/src/Services/NeoServiceLayer.Services.EventSubscription/EventSubscriptionService.Core.cs(14,79): error CS0535: 'EventSubscriptionService' does not implement interface member 'IService.GetHealthAsync()' [/home/ubuntu/neo-service-layer/src/Services/NeoServiceLayer.Services.EventSubscription/NeoServiceLayer.Services.EventSubscription.csproj]
/home/ubuntu/neo-service-layer/src/Services/NeoServiceLayer.Services.EventSubscription/EventSubscriptionService.Core.cs(14,79): error CS0535: 'EventSubscriptionService' does not implement interface member 'IService.GetMetricsAsync()' [/home/ubuntu/neo-service-layer/src/Services/NeoServiceLayer.Services.EventSubscription/NeoServiceLayer.Services.EventSubscription.csproj]
/home/ubuntu/neo-service-layer/src/Services/NeoServiceLayer.Services.EventSubscription/EventSubscriptionService.Core.cs(14,79): error CS0535: 'EventSubscriptionService' does not implement interface member 'IService.ValidateDependenciesAsync(IEnumerable<IService>)' [/home/ubuntu/neo-service-layer/src/Services/NeoServiceLayer.Services.EventSubscription/NeoServiceLayer.Services.EventSubscription.csproj]
/home/ubuntu/neo-service-layer/src/Services/NeoServiceLayer.Services.EventSubscription/EventSubscriptionService.Core.cs(14,79): error CS0535: 'EventSubscriptionService' does not implement interface member 'IService.Name' [/home/ubuntu/neo-service-layer/src/Services/NeoServiceLayer.Services.EventSubscription/NeoServiceLayer.Services.EventSubscription.csproj]
/home/ubuntu/neo-service-layer/src/Services/NeoServiceLayer.Services.EventSubscription/EventSubscriptionService.Core.cs(14,79): error CS0535: 'EventSubscriptionService' does not implement interface member 'IService.Description' [/home/ubuntu/neo-service-layer/src/Services/NeoServiceLayer.Services.EventSubscription/NeoServiceLayer.Services.EventSubscription.csproj]
/home/ubuntu/neo-service-layer/src/Services/NeoServiceLayer.Services.EventSubscription/EventSubscriptionService.Core.cs(14,79): error CS0535: 'EventSubscriptionService' does not implement interface member 'IService.Version' [/home/ubuntu/neo-service-layer/src/Services/NeoServiceLayer.Services.EventSubscription/NeoServiceLayer.Services.EventSubscription.csproj]
/home/ubuntu/neo-service-layer/src/Services/NeoServiceLayer.Services.EventSubscription/EventSubscriptionService.Core.cs(14,79): error CS0535: 'EventSubscriptionService' does not implement interface member 'IService.IsRunning' [/home/ubuntu/neo-service-layer/src/Services/NeoServiceLayer.Services.EventSubscription/NeoServiceLayer.Services.EventSubscription.csproj]
/home/ubuntu/neo-service-layer/src/Services/NeoServiceLayer.Services.EventSubscription/EventSubscriptionService.Core.cs(14,79): error CS0535: 'EventSubscriptionService' does not implement interface member 'IService.Dependencies' [/home/ubuntu/neo-service-layer/src/Services/NeoServiceLayer.Services.EventSubscription/NeoServiceLayer.Services.EventSubscription.csproj]
/home/ubuntu/neo-service-layer/src/Services/NeoServiceLayer.Services.EventSubscription/EventSubscriptionService.Core.cs(14,79): error CS0535: 'EventSubscriptionService' does not implement interface member 'IService.Capabilities' [/home/ubuntu/neo-service-layer/src/Services/NeoServiceLayer.Services.EventSubscription/NeoServiceLayer.Services.EventSubscription.csproj]
/home/ubuntu/neo-service-layer/src/Services/NeoServiceLayer.Services.EventSubscription/EventSubscriptionService.Core.cs(14,79): error CS0535: 'EventSubscriptionService' does not implement interface member 'IService.Metadata' [/home/ubuntu/neo-service-layer/src/Services/NeoServiceLayer.Services.EventSubscription/NeoServiceLayer.Services.EventSubscription.csproj]
/home/ubuntu/neo-service-layer/src/Services/NeoServiceLayer.Services.Compliance/ComplianceService.cs(14,42): error CS0104: 'EnclaveBlockchainServiceBase' is an ambiguous reference between 'NeoServiceLayer.Core.EnclaveBlockchainServiceBase' and 'NeoServiceLayer.ServiceFramework.EnclaveBlockchainServiceBase' [/home/ubuntu/neo-service-layer/src/Services/NeoServiceLayer.Services.Compliance/NeoServiceLayer.Services.Compliance.csproj]
/home/ubuntu/neo-service-layer/src/Services/NeoServiceLayer.Services.Compliance/ComplianceService.cs(14,72): error CS0535: 'ComplianceService' does not implement interface member 'IEnclaveService.InitializeEnclaveAsync()' [/home/ubuntu/neo-service-layer/src/Services/NeoServiceLayer.Services.Compliance/NeoServiceLayer.Services.Compliance.csproj]
/home/ubuntu/neo-service-layer/src/Services/NeoServiceLayer.Services.Compliance/ComplianceService.cs(14,72): error CS0535: 'ComplianceService' does not implement interface member 'IEnclaveService.GetAttestationAsync()' [/home/ubuntu/neo-service-layer/src/Services/NeoServiceLayer.Services.Compliance/NeoServiceLayer.Services.Compliance.csproj]
/home/ubuntu/neo-service-layer/src/Services/NeoServiceLayer.Services.Compliance/ComplianceService.cs(14,72): error CS0535: 'ComplianceService' does not implement interface member 'IEnclaveService.ValidateEnclaveAsync()' [/home/ubuntu/neo-service-layer/src/Services/NeoServiceLayer.Services.Compliance/NeoServiceLayer.Services.Compliance.csproj]
/home/ubuntu/neo-service-layer/src/Services/NeoServiceLayer.Services.Compliance/ComplianceService.cs(14,72): error CS0535: 'ComplianceService' does not implement interface member 'IEnclaveService.HasEnclaveCapabilities' [/home/ubuntu/neo-service-layer/src/Services/NeoServiceLayer.Services.Compliance/NeoServiceLayer.Services.Compliance.csproj]
/home/ubuntu/neo-service-layer/src/Services/NeoServiceLayer.Services.Compliance/ComplianceService.cs(14,72): error CS0535: 'ComplianceService' does not implement interface member 'IEnclaveService.IsEnclaveInitialized' [/home/ubuntu/neo-service-layer/src/Services/NeoServiceLayer.Services.Compliance/NeoServiceLayer.Services.Compliance.csproj]
/home/ubuntu/neo-service-layer/src/Services/NeoServiceLayer.Services.Compliance/ComplianceService.cs(14,72): error CS0535: 'ComplianceService' does not implement interface member 'IBlockchainService.SupportsBlockchain(BlockchainType)' [/home/ubuntu/neo-service-layer/src/Services/NeoServiceLayer.Services.Compliance/NeoServiceLayer.Services.Compliance.csproj]
/home/ubuntu/neo-service-layer/src/Services/NeoServiceLayer.Services.Compliance/ComplianceService.cs(14,72): error CS0535: 'ComplianceService' does not implement interface member 'IBlockchainService.SupportedBlockchains' [/home/ubuntu/neo-service-layer/src/Services/NeoServiceLayer.Services.Compliance/NeoServiceLayer.Services.Compliance.csproj]
/home/ubuntu/neo-service-layer/src/Services/NeoServiceLayer.Services.Compliance/ComplianceService.cs(14,72): error CS0535: 'ComplianceService' does not implement interface member 'IService.InitializeAsync()' [/home/ubuntu/neo-service-layer/src/Services/NeoServiceLayer.Services.Compliance/NeoServiceLayer.Services.Compliance.csproj]
/home/ubuntu/neo-service-layer/src/Services/NeoServiceLayer.Services.Compliance/ComplianceService.cs(14,72): error CS0535: 'ComplianceService' does not implement interface member 'IService.StartAsync()' [/home/ubuntu/neo-service-layer/src/Services/NeoServiceLayer.Services.Compliance/NeoServiceLayer.Services.Compliance.csproj]
/home/ubuntu/neo-service-layer/src/Services/NeoServiceLayer.Services.Compliance/ComplianceService.cs(14,72): error CS0535: 'ComplianceService' does not implement interface member 'IService.StopAsync()' [/home/ubuntu/neo-service-layer/src/Services/NeoServiceLayer.Services.Compliance/NeoServiceLayer.Services.Compliance.csproj]
/home/ubuntu/neo-service-layer/src/Services/NeoServiceLayer.Services.Compliance/ComplianceService.cs(14,72): error CS0535: 'ComplianceService' does not implement interface member 'IService.GetHealthAsync()' [/home/ubuntu/neo-service-layer/src/Services/NeoServiceLayer.Services.Compliance/NeoServiceLayer.Services.Compliance.csproj]
/home/ubuntu/neo-service-layer/src/Services/NeoServiceLayer.Services.Compliance/ComplianceService.cs(14,72): error CS0535: 'ComplianceService' does not implement interface member 'IService.GetMetricsAsync()' [/home/ubuntu/neo-service-layer/src/Services/NeoServiceLayer.Services.Compliance/NeoServiceLayer.Services.Compliance.csproj]
/home/ubuntu/neo-service-layer/src/Services/NeoServiceLayer.Services.Compliance/ComplianceService.cs(14,72): error CS0535: 'ComplianceService' does not implement interface member 'IService.ValidateDependenciesAsync(IEnumerable<IService>)' [/home/ubuntu/neo-service-layer/src/Services/NeoServiceLayer.Services.Compliance/NeoServiceLayer.Services.Compliance.csproj]
/home/ubuntu/neo-service-layer/src/Services/NeoServiceLayer.Services.Compliance/ComplianceService.cs(14,72): error CS0535: 'ComplianceService' does not implement interface member 'IService.Name' [/home/ubuntu/neo-service-layer/src/Services/NeoServiceLayer.Services.Compliance/NeoServiceLayer.Services.Compliance.csproj]
/home/ubuntu/neo-service-layer/src/Services/NeoServiceLayer.Services.Compliance/ComplianceService.cs(14,72): error CS0535: 'ComplianceService' does not implement interface member 'IService.Description' [/home/ubuntu/neo-service-layer/src/Services/NeoServiceLayer.Services.Compliance/NeoServiceLayer.Services.Compliance.csproj]
/home/ubuntu/neo-service-layer/src/Services/NeoServiceLayer.Services.Compliance/ComplianceService.cs(14,72): error CS0535: 'ComplianceService' does not implement interface member 'IService.Version' [/home/ubuntu/neo-service-layer/src/Services/NeoServiceLayer.Services.Compliance/NeoServiceLayer.Services.Compliance.csproj]
/home/ubuntu/neo-service-layer/src/Services/NeoServiceLayer.Services.Compliance/ComplianceService.cs(14,72): error CS0535: 'ComplianceService' does not implement interface member 'IService.IsRunning' [/home/ubuntu/neo-service-layer/src/Services/NeoServiceLayer.Services.Compliance/NeoServiceLayer.Services.Compliance.csproj]
/home/ubuntu/neo-service-layer/src/Services/NeoServiceLayer.Services.Compliance/ComplianceService.cs(14,72): error CS0535: 'ComplianceService' does not implement interface member 'IService.Dependencies' [/home/ubuntu/neo-service-layer/src/Services/NeoServiceLayer.Services.Compliance/NeoServiceLayer.Services.Compliance.csproj]
/home/ubuntu/neo-service-layer/src/Services/NeoServiceLayer.Services.Compliance/ComplianceService.cs(14,72): error CS0535: 'ComplianceService' does not implement interface member 'IService.Capabilities' [/home/ubuntu/neo-service-layer/src/Services/NeoServiceLayer.Services.Compliance/NeoServiceLayer.Services.Compliance.csproj]
/home/ubuntu/neo-service-layer/src/Services/NeoServiceLayer.Services.Compliance/ComplianceService.cs(14,72): error CS0535: 'ComplianceService' does not implement interface member 'IService.Metadata' [/home/ubuntu/neo-service-layer/src/Services/NeoServiceLayer.Services.Compliance/NeoServiceLayer.Services.Compliance.csproj]
/home/ubuntu/neo-service-layer/src/Services/NeoServiceLayer.Services.Storage/StorageService.Core.cs(14,39): error CS0104: 'EnclaveBlockchainServiceBase' is an ambiguous reference between 'NeoServiceLayer.Core.EnclaveBlockchainServiceBase' and 'NeoServiceLayer.ServiceFramework.EnclaveBlockchainServiceBase' [/home/ubuntu/neo-service-layer/src/Services/NeoServiceLayer.Services.Storage/NeoServiceLayer.Services.Storage.csproj]
/home/ubuntu/neo-service-layer/src/Services/NeoServiceLayer.Services.Storage/StorageService.Core.cs(14,69): error CS0535: 'StorageService' does not implement interface member 'IEnclaveService.InitializeEnclaveAsync()' [/home/ubuntu/neo-service-layer/src/Services/NeoServiceLayer.Services.Storage/NeoServiceLayer.Services.Storage.csproj]
/home/ubuntu/neo-service-layer/src/Services/NeoServiceLayer.Services.Storage/StorageService.Core.cs(14,69): error CS0535: 'StorageService' does not implement interface member 'IEnclaveService.GetAttestationAsync()' [/home/ubuntu/neo-service-layer/src/Services/NeoServiceLayer.Services.Storage/NeoServiceLayer.Services.Storage.csproj]
/home/ubuntu/neo-service-layer/src/Services/NeoServiceLayer.Services.Storage/StorageService.Core.cs(14,69): error CS0535: 'StorageService' does not implement interface member 'IEnclaveService.ValidateEnclaveAsync()' [/home/ubuntu/neo-service-layer/src/Services/NeoServiceLayer.Services.Storage/NeoServiceLayer.Services.Storage.csproj]
/home/ubuntu/neo-service-layer/src/Services/NeoServiceLayer.Services.Storage/StorageService.Core.cs(14,69): error CS0535: 'StorageService' does not implement interface member 'IEnclaveService.HasEnclaveCapabilities' [/home/ubuntu/neo-service-layer/src/Services/NeoServiceLayer.Services.Storage/NeoServiceLayer.Services.Storage.csproj]
/home/ubuntu/neo-service-layer/src/Services/NeoServiceLayer.Services.Storage/StorageService.Core.cs(14,69): error CS0535: 'StorageService' does not implement interface member 'IEnclaveService.IsEnclaveInitialized' [/home/ubuntu/neo-service-layer/src/Services/NeoServiceLayer.Services.Storage/NeoServiceLayer.Services.Storage.csproj]
/home/ubuntu/neo-service-layer/src/Services/NeoServiceLayer.Services.Storage/StorageService.Core.cs(14,69): error CS0535: 'StorageService' does not implement interface member 'IBlockchainService.SupportedBlockchains' [/home/ubuntu/neo-service-layer/src/Services/NeoServiceLayer.Services.Storage/NeoServiceLayer.Services.Storage.csproj]
/home/ubuntu/neo-service-layer/src/Services/NeoServiceLayer.Services.Storage/StorageService.Core.cs(14,69): error CS0535: 'StorageService' does not implement interface member 'IService.InitializeAsync()' [/home/ubuntu/neo-service-layer/src/Services/NeoServiceLayer.Services.Storage/NeoServiceLayer.Services.Storage.csproj]
/home/ubuntu/neo-service-layer/src/Services/NeoServiceLayer.Services.Storage/StorageService.Core.cs(14,69): error CS0535: 'StorageService' does not implement interface member 'IService.StartAsync()' [/home/ubuntu/neo-service-layer/src/Services/NeoServiceLayer.Services.Storage/NeoServiceLayer.Services.Storage.csproj]
/home/ubuntu/neo-service-layer/src/Services/NeoServiceLayer.Services.Storage/StorageService.Core.cs(14,69): error CS0535: 'StorageService' does not implement interface member 'IService.StopAsync()' [/home/ubuntu/neo-service-layer/src/Services/NeoServiceLayer.Services.Storage/NeoServiceLayer.Services.Storage.csproj]
/home/ubuntu/neo-service-layer/src/Services/NeoServiceLayer.Services.Storage/StorageService.Core.cs(14,69): error CS0535: 'StorageService' does not implement interface member 'IService.GetHealthAsync()' [/home/ubuntu/neo-service-layer/src/Services/NeoServiceLayer.Services.Storage/NeoServiceLayer.Services.Storage.csproj]
/home/ubuntu/neo-service-layer/src/Services/NeoServiceLayer.Services.Storage/StorageService.Core.cs(14,69): error CS0535: 'StorageService' does not implement interface member 'IService.GetMetricsAsync()' [/home/ubuntu/neo-service-layer/src/Services/NeoServiceLayer.Services.Storage/NeoServiceLayer.Services.Storage.csproj]
/home/ubuntu/neo-service-layer/src/Services/NeoServiceLayer.Services.Storage/StorageService.Core.cs(14,69): error CS0535: 'StorageService' does not implement interface member 'IService.ValidateDependenciesAsync(IEnumerable<IService>)' [/home/ubuntu/neo-service-layer/src/Services/NeoServiceLayer.Services.Storage/NeoServiceLayer.Services.Storage.csproj]
/home/ubuntu/neo-service-layer/src/Services/NeoServiceLayer.Services.Storage/StorageService.Core.cs(14,69): error CS0535: 'StorageService' does not implement interface member 'IService.Name' [/home/ubuntu/neo-service-layer/src/Services/NeoServiceLayer.Services.Storage/NeoServiceLayer.Services.Storage.csproj]
/home/ubuntu/neo-service-layer/src/Services/NeoServiceLayer.Services.Storage/StorageService.Core.cs(14,69): error CS0535: 'StorageService' does not implement interface member 'IService.Description' [/home/ubuntu/neo-service-layer/src/Services/NeoServiceLayer.Services.Storage/NeoServiceLayer.Services.Storage.csproj]
/home/ubuntu/neo-service-layer/src/Services/NeoServiceLayer.Services.Storage/StorageService.Core.cs(14,69): error CS0535: 'StorageService' does not implement interface member 'IService.Version' [/home/ubuntu/neo-service-layer/src/Services/NeoServiceLayer.Services.Storage/NeoServiceLayer.Services.Storage.csproj]
/home/ubuntu/neo-service-layer/src/Services/NeoServiceLayer.Services.Storage/StorageService.Core.cs(14,69): error CS0535: 'StorageService' does not implement interface member 'IService.IsRunning' [/home/ubuntu/neo-service-layer/src/Services/NeoServiceLayer.Services.Storage/NeoServiceLayer.Services.Storage.csproj]
/home/ubuntu/neo-service-layer/src/Services/NeoServiceLayer.Services.Storage/StorageService.Core.cs(14,69): error CS0535: 'StorageService' does not implement interface member 'IService.Dependencies' [/home/ubuntu/neo-service-layer/src/Services/NeoServiceLayer.Services.Storage/NeoServiceLayer.Services.Storage.csproj]
/home/ubuntu/neo-service-layer/src/Services/NeoServiceLayer.Services.Storage/StorageService.Core.cs(14,69): error CS0535: 'StorageService' does not implement interface member 'IService.Capabilities' [/home/ubuntu/neo-service-layer/src/Services/NeoServiceLayer.Services.Storage/NeoServiceLayer.Services.Storage.csproj]
/home/ubuntu/neo-service-layer/src/Services/NeoServiceLayer.Services.Storage/StorageService.Core.cs(14,69): error CS0535: 'StorageService' does not implement interface member 'IService.Metadata' [/home/ubuntu/neo-service-layer/src/Services/NeoServiceLayer.Services.Storage/NeoServiceLayer.Services.Storage.csproj]
/home/ubuntu/neo-service-layer/src/Services/NeoServiceLayer.Services.Compute/ComputeService.cs(16,14): error CS0260: Missing partial modifier on declaration of type 'ComputeService'; another partial declaration of this type exists [/home/ubuntu/neo-service-layer/src/Services/NeoServiceLayer.Services.Compute/NeoServiceLayer.Services.Compute.csproj]
/home/ubuntu/neo-service-layer/src/Services/NeoServiceLayer.Services.Compute/ComputeService.cs(16,31): error CS0104: 'EnclaveBlockchainServiceBase' is an ambiguous reference between 'NeoServiceLayer.Core.EnclaveBlockchainServiceBase' and 'NeoServiceLayer.ServiceFramework.EnclaveBlockchainServiceBase' [/home/ubuntu/neo-service-layer/src/Services/NeoServiceLayer.Services.Compute/NeoServiceLayer.Services.Compute.csproj]
/home/ubuntu/neo-service-layer/src/Services/NeoServiceLayer.Services.Compute/ComputeServiceCore.cs(12,39): error CS0104: 'EnclaveBlockchainServiceBase' is an ambiguous reference between 'NeoServiceLayer.Core.EnclaveBlockchainServiceBase' and 'NeoServiceLayer.ServiceFramework.EnclaveBlockchainServiceBase' [/home/ubuntu/neo-service-layer/src/Services/NeoServiceLayer.Services.Compute/NeoServiceLayer.Services.Compute.csproj]
/home/ubuntu/neo-service-layer/src/Services/NeoServiceLayer.Services.Compute/ComputeService.cs(16,61): error CS0535: 'ComputeService' does not implement interface member 'IEnclaveService.InitializeEnclaveAsync()' [/home/ubuntu/neo-service-layer/src/Services/NeoServiceLayer.Services.Compute/NeoServiceLayer.Services.Compute.csproj]
/home/ubuntu/neo-service-layer/src/Services/NeoServiceLayer.Services.Compute/ComputeService.cs(16,61): error CS0535: 'ComputeService' does not implement interface member 'IEnclaveService.GetAttestationAsync()' [/home/ubuntu/neo-service-layer/src/Services/NeoServiceLayer.Services.Compute/NeoServiceLayer.Services.Compute.csproj]
/home/ubuntu/neo-service-layer/src/Services/NeoServiceLayer.Services.Compute/ComputeService.cs(16,61): error CS0535: 'ComputeService' does not implement interface member 'IEnclaveService.ValidateEnclaveAsync()' [/home/ubuntu/neo-service-layer/src/Services/NeoServiceLayer.Services.Compute/NeoServiceLayer.Services.Compute.csproj]
/home/ubuntu/neo-service-layer/src/Services/NeoServiceLayer.Services.Compute/ComputeService.cs(16,61): error CS0535: 'ComputeService' does not implement interface member 'IEnclaveService.HasEnclaveCapabilities' [/home/ubuntu/neo-service-layer/src/Services/NeoServiceLayer.Services.Compute/NeoServiceLayer.Services.Compute.csproj]
/home/ubuntu/neo-service-layer/src/Services/NeoServiceLayer.Services.Compute/ComputeService.cs(16,61): error CS0535: 'ComputeService' does not implement interface member 'IEnclaveService.IsEnclaveInitialized' [/home/ubuntu/neo-service-layer/src/Services/NeoServiceLayer.Services.Compute/NeoServiceLayer.Services.Compute.csproj]
/home/ubuntu/neo-service-layer/src/Services/NeoServiceLayer.Services.Compute/ComputeService.cs(16,61): error CS0535: 'ComputeService' does not implement interface member 'IBlockchainService.SupportsBlockchain(BlockchainType)' [/home/ubuntu/neo-service-layer/src/Services/NeoServiceLayer.Services.Compute/NeoServiceLayer.Services.Compute.csproj]
/home/ubuntu/neo-service-layer/src/Services/NeoServiceLayer.Services.Compute/ComputeService.cs(16,61): error CS0535: 'ComputeService' does not implement interface member 'IBlockchainService.SupportedBlockchains' [/home/ubuntu/neo-service-layer/src/Services/NeoServiceLayer.Services.Compute/NeoServiceLayer.Services.Compute.csproj]
/home/ubuntu/neo-service-layer/src/Services/NeoServiceLayer.Services.Compute/ComputeService.cs(16,61): error CS0535: 'ComputeService' does not implement interface member 'IService.InitializeAsync()' [/home/ubuntu/neo-service-layer/src/Services/NeoServiceLayer.Services.Compute/NeoServiceLayer.Services.Compute.csproj]
/home/ubuntu/neo-service-layer/src/Services/NeoServiceLayer.Services.Compute/ComputeService.cs(16,61): error CS0535: 'ComputeService' does not implement interface member 'IService.StartAsync()' [/home/ubuntu/neo-service-layer/src/Services/NeoServiceLayer.Services.Compute/NeoServiceLayer.Services.Compute.csproj]
/home/ubuntu/neo-service-layer/src/Services/NeoServiceLayer.Services.Compute/ComputeService.cs(16,61): error CS0535: 'ComputeService' does not implement interface member 'IService.StopAsync()' [/home/ubuntu/neo-service-layer/src/Services/NeoServiceLayer.Services.Compute/NeoServiceLayer.Services.Compute.csproj]
/home/ubuntu/neo-service-layer/src/Services/NeoServiceLayer.Services.Compute/ComputeService.cs(16,61): error CS0535: 'ComputeService' does not implement interface member 'IService.GetHealthAsync()' [/home/ubuntu/neo-service-layer/src/Services/NeoServiceLayer.Services.Compute/NeoServiceLayer.Services.Compute.csproj]
/home/ubuntu/neo-service-layer/src/Services/NeoServiceLayer.Services.Compute/ComputeService.cs(16,61): error CS0535: 'ComputeService' does not implement interface member 'IService.GetMetricsAsync()' [/home/ubuntu/neo-service-layer/src/Services/NeoServiceLayer.Services.Compute/NeoServiceLayer.Services.Compute.csproj]
/home/ubuntu/neo-service-layer/src/Services/NeoServiceLayer.Services.Compute/ComputeService.cs(16,61): error CS0535: 'ComputeService' does not implement interface member 'IService.ValidateDependenciesAsync(IEnumerable<IService>)' [/home/ubuntu/neo-service-layer/src/Services/NeoServiceLayer.Services.Compute/NeoServiceLayer.Services.Compute.csproj]
/home/ubuntu/neo-service-layer/src/Services/NeoServiceLayer.Services.Compute/ComputeService.cs(16,61): error CS0535: 'ComputeService' does not implement interface member 'IService.Name' [/home/ubuntu/neo-service-layer/src/Services/NeoServiceLayer.Services.Compute/NeoServiceLayer.Services.Compute.csproj]
/home/ubuntu/neo-service-layer/src/Services/NeoServiceLayer.Services.Compute/ComputeService.cs(16,61): error CS0535: 'ComputeService' does not implement interface member 'IService.Description' [/home/ubuntu/neo-service-layer/src/Services/NeoServiceLayer.Services.Compute/NeoServiceLayer.Services.Compute.csproj]
/home/ubuntu/neo-service-layer/src/Services/NeoServiceLayer.Services.Compute/ComputeService.cs(16,61): error CS0535: 'ComputeService' does not implement interface member 'IService.Version' [/home/ubuntu/neo-service-layer/src/Services/NeoServiceLayer.Services.Compute/NeoServiceLayer.Services.Compute.csproj]
/home/ubuntu/neo-service-layer/src/Services/NeoServiceLayer.Services.Compute/ComputeService.cs(16,61): error CS0535: 'ComputeService' does not implement interface member 'IService.IsRunning' [/home/ubuntu/neo-service-layer/src/Services/NeoServiceLayer.Services.Compute/NeoServiceLayer.Services.Compute.csproj]
/home/ubuntu/neo-service-layer/src/Services/NeoServiceLayer.Services.Compute/ComputeService.cs(16,61): error CS0535: 'ComputeService' does not implement interface member 'IService.Dependencies' [/home/ubuntu/neo-service-layer/src/Services/NeoServiceLayer.Services.Compute/NeoServiceLayer.Services.Compute.csproj]
/home/ubuntu/neo-service-layer/src/Services/NeoServiceLayer.Services.Compute/ComputeService.cs(16,61): error CS0535: 'ComputeService' does not implement interface member 'IService.Capabilities' [/home/ubuntu/neo-service-layer/src/Services/NeoServiceLayer.Services.Compute/NeoServiceLayer.Services.Compute.csproj]
/home/ubuntu/neo-service-layer/src/Services/NeoServiceLayer.Services.Compute/ComputeService.cs(16,61): error CS0535: 'ComputeService' does not implement interface member 'IService.Metadata' [/home/ubuntu/neo-service-layer/src/Services/NeoServiceLayer.Services.Compute/NeoServiceLayer.Services.Compute.csproj]
/home/ubuntu/neo-service-layer/src/Services/NeoServiceLayer.Services.Compute/ComputeServiceCore.cs(15,44): error CS0102: The type 'ComputeService' already contains a definition for '_configuration' [/home/ubuntu/neo-service-layer/src/Services/NeoServiceLayer.Services.Compute/NeoServiceLayer.Services.Compute.csproj]
/home/ubuntu/neo-service-layer/src/Services/NeoServiceLayer.Services.Compute/ComputeServiceCore.cs(14,42): error CS0102: The type 'ComputeService' already contains a definition for '_enclaveManager' [/home/ubuntu/neo-service-layer/src/Services/NeoServiceLayer.Services.Compute/NeoServiceLayer.Services.Compute.csproj]
/home/ubuntu/neo-service-layer/src/Services/NeoServiceLayer.Services.Compute/ComputeServiceExecution.cs(13,42): error CS0111: Type 'ComputeService' already defines a member called 'ExecuteComputationAsync' with the same parameter types [/home/ubuntu/neo-service-layer/src/Services/NeoServiceLayer.Services.Compute/NeoServiceLayer.Services.Compute.csproj]
/home/ubuntu/neo-service-layer/src/Services/NeoServiceLayer.Services.Compute/ComputeServiceExecution.cs(137,42): error CS0111: Type 'ComputeService' already defines a member called 'GetComputationStatusAsync' with the same parameter types [/home/ubuntu/neo-service-layer/src/Services/NeoServiceLayer.Services.Compute/NeoServiceLayer.Services.Compute.csproj]
/home/ubuntu/neo-service-layer/src/Services/NeoServiceLayer.Services.Compute/ComputeServiceManagement.cs(13,29): error CS0111: Type 'ComputeService' already defines a member called 'RegisterComputationAsync' with the same parameter types [/home/ubuntu/neo-service-layer/src/Services/NeoServiceLayer.Services.Compute/NeoServiceLayer.Services.Compute.csproj]
/home/ubuntu/neo-service-layer/src/Services/NeoServiceLayer.Services.Compute/ComputeServiceManagement.cs(90,29): error CS0111: Type 'ComputeService' already defines a member called 'UnregisterComputationAsync' with the same parameter types [/home/ubuntu/neo-service-layer/src/Services/NeoServiceLayer.Services.Compute/NeoServiceLayer.Services.Compute.csproj]
/home/ubuntu/neo-service-layer/src/Services/NeoServiceLayer.Services.Compute/ComputeServiceManagement.cs(147,57): error CS0111: Type 'ComputeService' already defines a member called 'ListComputationsAsync' with the same parameter types [/home/ubuntu/neo-service-layer/src/Services/NeoServiceLayer.Services.Compute/NeoServiceLayer.Services.Compute.csproj]
/home/ubuntu/neo-service-layer/src/Services/NeoServiceLayer.Services.Compute/ComputeServiceManagement.cs(200,44): error CS0111: Type 'ComputeService' already defines a member called 'GetComputationMetadataAsync' with the same parameter types [/home/ubuntu/neo-service-layer/src/Services/NeoServiceLayer.Services.Compute/NeoServiceLayer.Services.Compute.csproj]
/home/ubuntu/neo-service-layer/src/Services/NeoServiceLayer.Services.Compute/ComputeServiceCore.cs(248,29): error CS0111: Type 'ComputeService' already defines a member called 'VerifyComputationResultAsync' with the same parameter types [/home/ubuntu/neo-service-layer/src/Services/NeoServiceLayer.Services.Compute/NeoServiceLayer.Services.Compute.csproj]
/home/ubuntu/neo-service-layer/src/Services/NeoServiceLayer.Services.ProofOfReserve/ProofOfReserveConfigurationService.cs(302,39): error CS1001: Identifier expected [/home/ubuntu/neo-service-layer/src/Services/NeoServiceLayer.Services.ProofOfReserve/NeoServiceLayer.Services.ProofOfReserve.csproj]
/home/ubuntu/neo-service-layer/src/Services/NeoServiceLayer.Services.NetworkSecurity/NetworkSecurityService.cs(21,47): error CS0104: 'EnclaveBlockchainServiceBase' is an ambiguous reference between 'NeoServiceLayer.Core.EnclaveBlockchainServiceBase' and 'NeoServiceLayer.ServiceFramework.EnclaveBlockchainServiceBase' [/home/ubuntu/neo-service-layer/src/Services/NeoServiceLayer.Services.NetworkSecurity/NeoServiceLayer.Services.NetworkSecurity.csproj]
/home/ubuntu/neo-service-layer/src/Services/NeoServiceLayer.Services.NetworkSecurity/NetworkSecurityService.cs(21,77): error CS0535: 'NetworkSecurityService' does not implement interface member 'IService.InitializeAsync()' [/home/ubuntu/neo-service-layer/src/Services/NeoServiceLayer.Services.NetworkSecurity/NeoServiceLayer.Services.NetworkSecurity.csproj]
/home/ubuntu/neo-service-layer/src/Services/NeoServiceLayer.Services.NetworkSecurity/NetworkSecurityService.cs(21,77): error CS0535: 'NetworkSecurityService' does not implement interface member 'IService.StartAsync()' [/home/ubuntu/neo-service-layer/src/Services/NeoServiceLayer.Services.NetworkSecurity/NeoServiceLayer.Services.NetworkSecurity.csproj]
/home/ubuntu/neo-service-layer/src/Services/NeoServiceLayer.Services.NetworkSecurity/NetworkSecurityService.cs(21,77): error CS0535: 'NetworkSecurityService' does not implement interface member 'IService.StopAsync()' [/home/ubuntu/neo-service-layer/src/Services/NeoServiceLayer.Services.NetworkSecurity/NeoServiceLayer.Services.NetworkSecurity.csproj]
/home/ubuntu/neo-service-layer/src/Services/NeoServiceLayer.Services.NetworkSecurity/NetworkSecurityService.cs(21,77): error CS0535: 'NetworkSecurityService' does not implement interface member 'IService.GetHealthAsync()' [/home/ubuntu/neo-service-layer/src/Services/NeoServiceLayer.Services.NetworkSecurity/NeoServiceLayer.Services.NetworkSecurity.csproj]
/home/ubuntu/neo-service-layer/src/Services/NeoServiceLayer.Services.NetworkSecurity/NetworkSecurityService.cs(21,77): error CS0535: 'NetworkSecurityService' does not implement interface member 'IService.GetMetricsAsync()' [/home/ubuntu/neo-service-layer/src/Services/NeoServiceLayer.Services.NetworkSecurity/NeoServiceLayer.Services.NetworkSecurity.csproj]
/home/ubuntu/neo-service-layer/src/Services/NeoServiceLayer.Services.NetworkSecurity/NetworkSecurityService.cs(21,77): error CS0535: 'NetworkSecurityService' does not implement interface member 'IService.ValidateDependenciesAsync(IEnumerable<IService>)' [/home/ubuntu/neo-service-layer/src/Services/NeoServiceLayer.Services.NetworkSecurity/NeoServiceLayer.Services.NetworkSecurity.csproj]
/home/ubuntu/neo-service-layer/src/Services/NeoServiceLayer.Services.NetworkSecurity/NetworkSecurityService.cs(21,77): error CS0535: 'NetworkSecurityService' does not implement interface member 'IService.Name' [/home/ubuntu/neo-service-layer/src/Services/NeoServiceLayer.Services.NetworkSecurity/NeoServiceLayer.Services.NetworkSecurity.csproj]
/home/ubuntu/neo-service-layer/src/Services/NeoServiceLayer.Services.NetworkSecurity/NetworkSecurityService.cs(21,77): error CS0535: 'NetworkSecurityService' does not implement interface member 'IService.Description' [/home/ubuntu/neo-service-layer/src/Services/NeoServiceLayer.Services.NetworkSecurity/NeoServiceLayer.Services.NetworkSecurity.csproj]
/home/ubuntu/neo-service-layer/src/Services/NeoServiceLayer.Services.NetworkSecurity/NetworkSecurityService.cs(21,77): error CS0535: 'NetworkSecurityService' does not implement interface member 'IService.Version' [/home/ubuntu/neo-service-layer/src/Services/NeoServiceLayer.Services.NetworkSecurity/NeoServiceLayer.Services.NetworkSecurity.csproj]
/home/ubuntu/neo-service-layer/src/Services/NeoServiceLayer.Services.NetworkSecurity/NetworkSecurityService.cs(21,77): error CS0535: 'NetworkSecurityService' does not implement interface member 'IService.IsRunning' [/home/ubuntu/neo-service-layer/src/Services/NeoServiceLayer.Services.NetworkSecurity/NeoServiceLayer.Services.NetworkSecurity.csproj]
/home/ubuntu/neo-service-layer/src/Services/NeoServiceLayer.Services.NetworkSecurity/NetworkSecurityService.cs(21,77): error CS0535: 'NetworkSecurityService' does not implement interface member 'IService.Dependencies' [/home/ubuntu/neo-service-layer/src/Services/NeoServiceLayer.Services.NetworkSecurity/NeoServiceLayer.Services.NetworkSecurity.csproj]
/home/ubuntu/neo-service-layer/src/Services/NeoServiceLayer.Services.NetworkSecurity/NetworkSecurityService.cs(21,77): error CS0535: 'NetworkSecurityService' does not implement interface member 'IService.Capabilities' [/home/ubuntu/neo-service-layer/src/Services/NeoServiceLayer.Services.NetworkSecurity/NeoServiceLayer.Services.NetworkSecurity.csproj]
/home/ubuntu/neo-service-layer/src/Services/NeoServiceLayer.Services.NetworkSecurity/NetworkSecurityService.cs(21,77): error CS0535: 'NetworkSecurityService' does not implement interface member 'IService.Metadata' [/home/ubuntu/neo-service-layer/src/Services/NeoServiceLayer.Services.NetworkSecurity/NeoServiceLayer.Services.NetworkSecurity.csproj]
/home/ubuntu/neo-service-layer/src/Services/NeoServiceLayer.Services.ZeroKnowledge/ZeroKnowledgeService.EnclaveOperations.cs(4,32): error CS0234: The type or namespace name 'Core' does not exist in the namespace 'NeoServiceLayer.Services' (are you missing an assembly reference?) [/home/ubuntu/neo-service-layer/src/Services/NeoServiceLayer.Services.ZeroKnowledge/NeoServiceLayer.Services.ZeroKnowledge.csproj]
/home/ubuntu/neo-service-layer/src/Services/NeoServiceLayer.Services.ZeroKnowledge/ZeroKnowledgeService.cs(13,45): error CS0104: 'EnclaveBlockchainServiceBase' is an ambiguous reference between 'NeoServiceLayer.Core.EnclaveBlockchainServiceBase' and 'NeoServiceLayer.ServiceFramework.EnclaveBlockchainServiceBase' [/home/ubuntu/neo-service-layer/src/Services/NeoServiceLayer.Services.ZeroKnowledge/NeoServiceLayer.Services.ZeroKnowledge.csproj]
/home/ubuntu/neo-service-layer/src/Services/NeoServiceLayer.Services.ZeroKnowledge/ZeroKnowledgeService.cs(13,75): error CS0535: 'ZeroKnowledgeService' does not implement interface member 'IEnclaveService.InitializeEnclaveAsync()' [/home/ubuntu/neo-service-layer/src/Services/NeoServiceLayer.Services.ZeroKnowledge/NeoServiceLayer.Services.ZeroKnowledge.csproj]
/home/ubuntu/neo-service-layer/src/Services/NeoServiceLayer.Services.ZeroKnowledge/ZeroKnowledgeService.cs(13,75): error CS0535: 'ZeroKnowledgeService' does not implement interface member 'IEnclaveService.GetAttestationAsync()' [/home/ubuntu/neo-service-layer/src/Services/NeoServiceLayer.Services.ZeroKnowledge/NeoServiceLayer.Services.ZeroKnowledge.csproj]
/home/ubuntu/neo-service-layer/src/Services/NeoServiceLayer.Services.ZeroKnowledge/ZeroKnowledgeService.cs(13,75): error CS0535: 'ZeroKnowledgeService' does not implement interface member 'IEnclaveService.ValidateEnclaveAsync()' [/home/ubuntu/neo-service-layer/src/Services/NeoServiceLayer.Services.ZeroKnowledge/NeoServiceLayer.Services.ZeroKnowledge.csproj]
/home/ubuntu/neo-service-layer/src/Services/NeoServiceLayer.Services.ZeroKnowledge/ZeroKnowledgeService.cs(13,75): error CS0535: 'ZeroKnowledgeService' does not implement interface member 'IEnclaveService.HasEnclaveCapabilities' [/home/ubuntu/neo-service-layer/src/Services/NeoServiceLayer.Services.ZeroKnowledge/NeoServiceLayer.Services.ZeroKnowledge.csproj]
/home/ubuntu/neo-service-layer/src/Services/NeoServiceLayer.Services.ZeroKnowledge/ZeroKnowledgeService.cs(13,75): error CS0535: 'ZeroKnowledgeService' does not implement interface member 'IEnclaveService.IsEnclaveInitialized' [/home/ubuntu/neo-service-layer/src/Services/NeoServiceLayer.Services.ZeroKnowledge/NeoServiceLayer.Services.ZeroKnowledge.csproj]
/home/ubuntu/neo-service-layer/src/Services/NeoServiceLayer.Services.ZeroKnowledge/ZeroKnowledgeService.cs(13,75): error CS0535: 'ZeroKnowledgeService' does not implement interface member 'IBlockchainService.SupportsBlockchain(BlockchainType)' [/home/ubuntu/neo-service-layer/src/Services/NeoServiceLayer.Services.ZeroKnowledge/NeoServiceLayer.Services.ZeroKnowledge.csproj]
/home/ubuntu/neo-service-layer/src/Services/NeoServiceLayer.Services.ZeroKnowledge/ZeroKnowledgeService.cs(13,75): error CS0535: 'ZeroKnowledgeService' does not implement interface member 'IBlockchainService.SupportedBlockchains' [/home/ubuntu/neo-service-layer/src/Services/NeoServiceLayer.Services.ZeroKnowledge/NeoServiceLayer.Services.ZeroKnowledge.csproj]
/home/ubuntu/neo-service-layer/src/Services/NeoServiceLayer.Services.ZeroKnowledge/ZeroKnowledgeService.cs(13,75): error CS0535: 'ZeroKnowledgeService' does not implement interface member 'IService.InitializeAsync()' [/home/ubuntu/neo-service-layer/src/Services/NeoServiceLayer.Services.ZeroKnowledge/NeoServiceLayer.Services.ZeroKnowledge.csproj]
/home/ubuntu/neo-service-layer/src/Services/NeoServiceLayer.Services.ZeroKnowledge/ZeroKnowledgeService.cs(13,75): error CS0535: 'ZeroKnowledgeService' does not implement interface member 'IService.StartAsync()' [/home/ubuntu/neo-service-layer/src/Services/NeoServiceLayer.Services.ZeroKnowledge/NeoServiceLayer.Services.ZeroKnowledge.csproj]
/home/ubuntu/neo-service-layer/src/Services/NeoServiceLayer.Services.ZeroKnowledge/ZeroKnowledgeService.cs(13,75): error CS0535: 'ZeroKnowledgeService' does not implement interface member 'IService.StopAsync()' [/home/ubuntu/neo-service-layer/src/Services/NeoServiceLayer.Services.ZeroKnowledge/NeoServiceLayer.Services.ZeroKnowledge.csproj]
/home/ubuntu/neo-service-layer/src/Services/NeoServiceLayer.Services.ZeroKnowledge/ZeroKnowledgeService.cs(13,75): error CS0535: 'ZeroKnowledgeService' does not implement interface member 'IService.GetHealthAsync()' [/home/ubuntu/neo-service-layer/src/Services/NeoServiceLayer.Services.ZeroKnowledge/NeoServiceLayer.Services.ZeroKnowledge.csproj]
/home/ubuntu/neo-service-layer/src/Services/NeoServiceLayer.Services.ZeroKnowledge/ZeroKnowledgeService.cs(13,75): error CS0535: 'ZeroKnowledgeService' does not implement interface member 'IService.GetMetricsAsync()' [/home/ubuntu/neo-service-layer/src/Services/NeoServiceLayer.Services.ZeroKnowledge/NeoServiceLayer.Services.ZeroKnowledge.csproj]
/home/ubuntu/neo-service-layer/src/Services/NeoServiceLayer.Services.ZeroKnowledge/ZeroKnowledgeService.cs(13,75): error CS0535: 'ZeroKnowledgeService' does not implement interface member 'IService.ValidateDependenciesAsync(IEnumerable<IService>)' [/home/ubuntu/neo-service-layer/src/Services/NeoServiceLayer.Services.ZeroKnowledge/NeoServiceLayer.Services.ZeroKnowledge.csproj]
/home/ubuntu/neo-service-layer/src/Services/NeoServiceLayer.Services.ZeroKnowledge/ZeroKnowledgeService.cs(13,75): error CS0535: 'ZeroKnowledgeService' does not implement interface member 'IService.Name' [/home/ubuntu/neo-service-layer/src/Services/NeoServiceLayer.Services.ZeroKnowledge/NeoServiceLayer.Services.ZeroKnowledge.csproj]
/home/ubuntu/neo-service-layer/src/Services/NeoServiceLayer.Services.ZeroKnowledge/ZeroKnowledgeService.cs(13,75): error CS0535: 'ZeroKnowledgeService' does not implement interface member 'IService.Description' [/home/ubuntu/neo-service-layer/src/Services/NeoServiceLayer.Services.ZeroKnowledge/NeoServiceLayer.Services.ZeroKnowledge.csproj]
/home/ubuntu/neo-service-layer/src/Services/NeoServiceLayer.Services.ZeroKnowledge/ZeroKnowledgeService.cs(13,75): error CS0535: 'ZeroKnowledgeService' does not implement interface member 'IService.Version' [/home/ubuntu/neo-service-layer/src/Services/NeoServiceLayer.Services.ZeroKnowledge/NeoServiceLayer.Services.ZeroKnowledge.csproj]
/home/ubuntu/neo-service-layer/src/Services/NeoServiceLayer.Services.ZeroKnowledge/ZeroKnowledgeService.cs(13,75): error CS0535: 'ZeroKnowledgeService' does not implement interface member 'IService.IsRunning' [/home/ubuntu/neo-service-layer/src/Services/NeoServiceLayer.Services.ZeroKnowledge/NeoServiceLayer.Services.ZeroKnowledge.csproj]
/home/ubuntu/neo-service-layer/src/Services/NeoServiceLayer.Services.ZeroKnowledge/ZeroKnowledgeService.cs(13,75): error CS0535: 'ZeroKnowledgeService' does not implement interface member 'IService.Dependencies' [/home/ubuntu/neo-service-layer/src/Services/NeoServiceLayer.Services.ZeroKnowledge/NeoServiceLayer.Services.ZeroKnowledge.csproj]
/home/ubuntu/neo-service-layer/src/Services/NeoServiceLayer.Services.ZeroKnowledge/ZeroKnowledgeService.cs(13,75): error CS0535: 'ZeroKnowledgeService' does not implement interface member 'IService.Capabilities' [/home/ubuntu/neo-service-layer/src/Services/NeoServiceLayer.Services.ZeroKnowledge/NeoServiceLayer.Services.ZeroKnowledge.csproj]
/home/ubuntu/neo-service-layer/src/Services/NeoServiceLayer.Services.ZeroKnowledge/ZeroKnowledgeService.cs(13,75): error CS0535: 'ZeroKnowledgeService' does not implement interface member 'IService.Metadata' [/home/ubuntu/neo-service-layer/src/Services/NeoServiceLayer.Services.ZeroKnowledge/NeoServiceLayer.Services.ZeroKnowledge.csproj]
/home/ubuntu/neo-service-layer/src/Services/NeoServiceLayer.Services.ZeroKnowledge/ZeroKnowledgeService.EnclaveOperations.cs(21,36): error CS0111: Type 'ZeroKnowledgeService' already defines a member called 'GenerateProofInEnclaveAsync' with the same parameter types [/home/ubuntu/neo-service-layer/src/Services/NeoServiceLayer.Services.ZeroKnowledge/NeoServiceLayer.Services.ZeroKnowledge.csproj]
/home/ubuntu/neo-service-layer/src/Services/NeoServiceLayer.Services.ZeroKnowledge/ZeroKnowledgeService.EnclaveOperations.cs(101,34): error CS0111: Type 'ZeroKnowledgeService' already defines a member called 'VerifyProofInEnclaveAsync' with the same parameter types [/home/ubuntu/neo-service-layer/src/Services/NeoServiceLayer.Services.ZeroKnowledge/NeoServiceLayer.Services.ZeroKnowledge.csproj]
/home/ubuntu/neo-service-layer/src/Services/NeoServiceLayer.Services.Backup/BackupService.Core.cs(14,38): error CS0104: 'EnclaveBlockchainServiceBase' is an ambiguous reference between 'NeoServiceLayer.Core.EnclaveBlockchainServiceBase' and 'NeoServiceLayer.ServiceFramework.EnclaveBlockchainServiceBase' [/home/ubuntu/neo-service-layer/src/Services/NeoServiceLayer.Services.Backup/NeoServiceLayer.Services.Backup.csproj]
/home/ubuntu/neo-service-layer/src/Services/NeoServiceLayer.Services.Backup/BackupService.Core.cs(14,68): error CS0535: 'BackupService' does not implement interface member 'IService.InitializeAsync()' [/home/ubuntu/neo-service-layer/src/Services/NeoServiceLayer.Services.Backup/NeoServiceLayer.Services.Backup.csproj]
/home/ubuntu/neo-service-layer/src/Services/NeoServiceLayer.Services.Backup/BackupService.Core.cs(14,68): error CS0535: 'BackupService' does not implement interface member 'IService.StartAsync()' [/home/ubuntu/neo-service-layer/src/Services/NeoServiceLayer.Services.Backup/NeoServiceLayer.Services.Backup.csproj]
/home/ubuntu/neo-service-layer/src/Services/NeoServiceLayer.Services.Backup/BackupService.Core.cs(14,68): error CS0535: 'BackupService' does not implement interface member 'IService.StopAsync()' [/home/ubuntu/neo-service-layer/src/Services/NeoServiceLayer.Services.Backup/NeoServiceLayer.Services.Backup.csproj]
/home/ubuntu/neo-service-layer/src/Services/NeoServiceLayer.Services.Backup/BackupService.Core.cs(14,68): error CS0535: 'BackupService' does not implement interface member 'IService.GetHealthAsync()' [/home/ubuntu/neo-service-layer/src/Services/NeoServiceLayer.Services.Backup/NeoServiceLayer.Services.Backup.csproj]
/home/ubuntu/neo-service-layer/src/Services/NeoServiceLayer.Services.Backup/BackupService.Core.cs(14,68): error CS0535: 'BackupService' does not implement interface member 'IService.GetMetricsAsync()' [/home/ubuntu/neo-service-layer/src/Services/NeoServiceLayer.Services.Backup/NeoServiceLayer.Services.Backup.csproj]
/home/ubuntu/neo-service-layer/src/Services/NeoServiceLayer.Services.Backup/BackupService.Core.cs(14,68): error CS0535: 'BackupService' does not implement interface member 'IService.ValidateDependenciesAsync(IEnumerable<IService>)' [/home/ubuntu/neo-service-layer/src/Services/NeoServiceLayer.Services.Backup/NeoServiceLayer.Services.Backup.csproj]
/home/ubuntu/neo-service-layer/src/Services/NeoServiceLayer.Services.Backup/BackupService.Core.cs(14,68): error CS0535: 'BackupService' does not implement interface member 'IService.Name' [/home/ubuntu/neo-service-layer/src/Services/NeoServiceLayer.Services.Backup/NeoServiceLayer.Services.Backup.csproj]
/home/ubuntu/neo-service-layer/src/Services/NeoServiceLayer.Services.Backup/BackupService.Core.cs(14,68): error CS0535: 'BackupService' does not implement interface member 'IService.Description' [/home/ubuntu/neo-service-layer/src/Services/NeoServiceLayer.Services.Backup/NeoServiceLayer.Services.Backup.csproj]
/home/ubuntu/neo-service-layer/src/Services/NeoServiceLayer.Services.Backup/BackupService.Core.cs(14,68): error CS0535: 'BackupService' does not implement interface member 'IService.Version' [/home/ubuntu/neo-service-layer/src/Services/NeoServiceLayer.Services.Backup/NeoServiceLayer.Services.Backup.csproj]
/home/ubuntu/neo-service-layer/src/Services/NeoServiceLayer.Services.Backup/BackupService.Core.cs(14,68): error CS0535: 'BackupService' does not implement interface member 'IService.IsRunning' [/home/ubuntu/neo-service-layer/src/Services/NeoServiceLayer.Services.Backup/NeoServiceLayer.Services.Backup.csproj]
/home/ubuntu/neo-service-layer/src/Services/NeoServiceLayer.Services.Backup/BackupService.Core.cs(14,68): error CS0535: 'BackupService' does not implement interface member 'IService.Dependencies' [/home/ubuntu/neo-service-layer/src/Services/NeoServiceLayer.Services.Backup/NeoServiceLayer.Services.Backup.csproj]
/home/ubuntu/neo-service-layer/src/Services/NeoServiceLayer.Services.Backup/BackupService.Core.cs(14,68): error CS0535: 'BackupService' does not implement interface member 'IService.Capabilities' [/home/ubuntu/neo-service-layer/src/Services/NeoServiceLayer.Services.Backup/NeoServiceLayer.Services.Backup.csproj]
/home/ubuntu/neo-service-layer/src/Services/NeoServiceLayer.Services.Backup/BackupService.Core.cs(14,68): error CS0535: 'BackupService' does not implement interface member 'IService.Metadata' [/home/ubuntu/neo-service-layer/src/Services/NeoServiceLayer.Services.Backup/NeoServiceLayer.Services.Backup.csproj]
/home/ubuntu/neo-service-layer/src/Services/NeoServiceLayer.Services.Automation/AutomationService.cs(14,42): error CS0104: 'EnclaveBlockchainServiceBase' is an ambiguous reference between 'NeoServiceLayer.Core.EnclaveBlockchainServiceBase' and 'NeoServiceLayer.ServiceFramework.EnclaveBlockchainServiceBase' [/home/ubuntu/neo-service-layer/src/Services/NeoServiceLayer.Services.Automation/NeoServiceLayer.Services.Automation.csproj]
/home/ubuntu/neo-service-layer/src/Services/NeoServiceLayer.Services.Automation/Services/ConditionEvaluationService.cs(70,37): error CS0246: The type or namespace name 'AutomationConditionType' could not be found (are you missing a using directive or an assembly reference?) [/home/ubuntu/neo-service-layer/src/Services/NeoServiceLayer.Services.Automation/NeoServiceLayer.Services.Automation.csproj]
/home/ubuntu/neo-service-layer/src/Services/NeoServiceLayer.Services.Automation/Services/ConditionEvaluationService.cs(78,46): error CS0246: The type or namespace name 'AutomationConditionType' could not be found (are you missing a using directive or an assembly reference?) [/home/ubuntu/neo-service-layer/src/Services/NeoServiceLayer.Services.Automation/NeoServiceLayer.Services.Automation.csproj]
/home/ubuntu/neo-service-layer/src/Services/NeoServiceLayer.Services.Automation/Services/IConditionEvaluationService.cs(23,30): error CS0246: The type or namespace name 'AutomationConditionType' could not be found (are you missing a using directive or an assembly reference?) [/home/ubuntu/neo-service-layer/src/Services/NeoServiceLayer.Services.Automation/NeoServiceLayer.Services.Automation.csproj]
/home/ubuntu/neo-service-layer/src/Services/NeoServiceLayer.Services.Automation/AutomationService.cs(14,72): error CS0535: 'AutomationService' does not implement interface member 'IService.InitializeAsync()' [/home/ubuntu/neo-service-layer/src/Services/NeoServiceLayer.Services.Automation/NeoServiceLayer.Services.Automation.csproj]
/home/ubuntu/neo-service-layer/src/Services/NeoServiceLayer.Services.Automation/AutomationService.cs(14,72): error CS0535: 'AutomationService' does not implement interface member 'IService.StartAsync()' [/home/ubuntu/neo-service-layer/src/Services/NeoServiceLayer.Services.Automation/NeoServiceLayer.Services.Automation.csproj]
/home/ubuntu/neo-service-layer/src/Services/NeoServiceLayer.Services.Automation/AutomationService.cs(14,72): error CS0535: 'AutomationService' does not implement interface member 'IService.StopAsync()' [/home/ubuntu/neo-service-layer/src/Services/NeoServiceLayer.Services.Automation/NeoServiceLayer.Services.Automation.csproj]
/home/ubuntu/neo-service-layer/src/Services/NeoServiceLayer.Services.Automation/AutomationService.cs(14,72): error CS0535: 'AutomationService' does not implement interface member 'IService.GetHealthAsync()' [/home/ubuntu/neo-service-layer/src/Services/NeoServiceLayer.Services.Automation/NeoServiceLayer.Services.Automation.csproj]
/home/ubuntu/neo-service-layer/src/Services/NeoServiceLayer.Services.Automation/AutomationService.cs(14,72): error CS0535: 'AutomationService' does not implement interface member 'IService.GetMetricsAsync()' [/home/ubuntu/neo-service-layer/src/Services/NeoServiceLayer.Services.Automation/NeoServiceLayer.Services.Automation.csproj]
/home/ubuntu/neo-service-layer/src/Services/NeoServiceLayer.Services.Automation/AutomationService.cs(14,72): error CS0535: 'AutomationService' does not implement interface member 'IService.ValidateDependenciesAsync(IEnumerable<IService>)' [/home/ubuntu/neo-service-layer/src/Services/NeoServiceLayer.Services.Automation/NeoServiceLayer.Services.Automation.csproj]
/home/ubuntu/neo-service-layer/src/Services/NeoServiceLayer.Services.Automation/AutomationService.cs(14,72): error CS0535: 'AutomationService' does not implement interface member 'IService.Name' [/home/ubuntu/neo-service-layer/src/Services/NeoServiceLayer.Services.Automation/NeoServiceLayer.Services.Automation.csproj]
/home/ubuntu/neo-service-layer/src/Services/NeoServiceLayer.Services.Automation/AutomationService.cs(14,72): error CS0535: 'AutomationService' does not implement interface member 'IService.Description' [/home/ubuntu/neo-service-layer/src/Services/NeoServiceLayer.Services.Automation/NeoServiceLayer.Services.Automation.csproj]
/home/ubuntu/neo-service-layer/src/Services/NeoServiceLayer.Services.Automation/AutomationService.cs(14,72): error CS0535: 'AutomationService' does not implement interface member 'IService.Version' [/home/ubuntu/neo-service-layer/src/Services/NeoServiceLayer.Services.Automation/NeoServiceLayer.Services.Automation.csproj]
/home/ubuntu/neo-service-layer/src/Services/NeoServiceLayer.Services.Automation/AutomationService.cs(14,72): error CS0535: 'AutomationService' does not implement interface member 'IService.IsRunning' [/home/ubuntu/neo-service-layer/src/Services/NeoServiceLayer.Services.Automation/NeoServiceLayer.Services.Automation.csproj]
/home/ubuntu/neo-service-layer/src/Services/NeoServiceLayer.Services.Automation/AutomationService.cs(14,72): error CS0535: 'AutomationService' does not implement interface member 'IService.Dependencies' [/home/ubuntu/neo-service-layer/src/Services/NeoServiceLayer.Services.Automation/NeoServiceLayer.Services.Automation.csproj]
/home/ubuntu/neo-service-layer/src/Services/NeoServiceLayer.Services.Automation/AutomationService.cs(14,72): error CS0535: 'AutomationService' does not implement interface member 'IService.Capabilities' [/home/ubuntu/neo-service-layer/src/Services/NeoServiceLayer.Services.Automation/NeoServiceLayer.Services.Automation.csproj]
/home/ubuntu/neo-service-layer/src/Services/NeoServiceLayer.Services.Automation/AutomationService.cs(14,72): error CS0535: 'AutomationService' does not implement interface member 'IService.Metadata' [/home/ubuntu/neo-service-layer/src/Services/NeoServiceLayer.Services.Automation/NeoServiceLayer.Services.Automation.csproj]
/home/ubuntu/neo-service-layer/src/Services/NeoServiceLayer.Services.Automation/Services/ConditionEvaluationService.cs(116,25): error CS0246: The type or namespace name 'AutomationConditionType' could not be found (are you missing a using directive or an assembly reference?) [/home/ubuntu/neo-service-layer/src/Services/NeoServiceLayer.Services.Automation/NeoServiceLayer.Services.Automation.csproj]
/home/ubuntu/neo-service-layer/src/Services/NeoServiceLayer.Services.Automation/Handlers/BlockchainConditionHandler.cs(24,25): error CS0246: The type or namespace name 'AutomationConditionType' could not be found (are you missing a using directive or an assembly reference?) [/home/ubuntu/neo-service-layer/src/Services/NeoServiceLayer.Services.Automation/NeoServiceLayer.Services.Automation.csproj]
/home/ubuntu/neo-service-layer/src/Services/NeoServiceLayer.Services.Automation/Services/IConditionEvaluationService.cs(28,39): error CS0246: The type or namespace name 'AutomationConditionType' could not be found (are you missing a using directive or an assembly reference?) [/home/ubuntu/neo-service-layer/src/Services/NeoServiceLayer.Services.Automation/NeoServiceLayer.Services.Automation.csproj]
/home/ubuntu/neo-service-layer/src/Services/NeoServiceLayer.Services.Automation/Services/IConditionEvaluationService.cs(44,9): error CS0246: The type or namespace name 'AutomationConditionType' could not be found (are you missing a using directive or an assembly reference?) [/home/ubuntu/neo-service-layer/src/Services/NeoServiceLayer.Services.Automation/NeoServiceLayer.Services.Automation.csproj]
/home/ubuntu/neo-service-layer/src/Services/NeoServiceLayer.Services.Automation/Services/ConditionEvaluationService.cs(15,37): error CS0246: The type or namespace name 'AutomationConditionType' could not be found (are you missing a using directive or an assembly reference?) [/home/ubuntu/neo-service-layer/src/Services/NeoServiceLayer.Services.Automation/NeoServiceLayer.Services.Automation.csproj]
/home/ubuntu/neo-service-layer/src/Services/NeoServiceLayer.Services.KeyManagement/KeyManagementService.EnclaveOperations.cs(4,32): error CS0234: The type or namespace name 'Core' does not exist in the namespace 'NeoServiceLayer.Services' (are you missing an assembly reference?) [/home/ubuntu/neo-service-layer/src/Services/NeoServiceLayer.Services.KeyManagement/NeoServiceLayer.Services.KeyManagement.csproj]
/home/ubuntu/neo-service-layer/src/Services/NeoServiceLayer.Services.KeyManagement/KeyManagementService.cs(12,45): error CS0104: 'EnclaveBlockchainServiceBase' is an ambiguous reference between 'NeoServiceLayer.Core.EnclaveBlockchainServiceBase' and 'NeoServiceLayer.ServiceFramework.EnclaveBlockchainServiceBase' [/home/ubuntu/neo-service-layer/src/Services/NeoServiceLayer.Services.KeyManagement/NeoServiceLayer.Services.KeyManagement.csproj]
/home/ubuntu/neo-service-layer/src/Services/NeoServiceLayer.Services.KeyManagement/KeyManagementService.cs(12,75): error CS0535: 'KeyManagementService' does not implement interface member 'IEnclaveService.InitializeEnclaveAsync()' [/home/ubuntu/neo-service-layer/src/Services/NeoServiceLayer.Services.KeyManagement/NeoServiceLayer.Services.KeyManagement.csproj]
/home/ubuntu/neo-service-layer/src/Services/NeoServiceLayer.Services.KeyManagement/KeyManagementService.cs(12,75): error CS0535: 'KeyManagementService' does not implement interface member 'IEnclaveService.GetAttestationAsync()' [/home/ubuntu/neo-service-layer/src/Services/NeoServiceLayer.Services.KeyManagement/NeoServiceLayer.Services.KeyManagement.csproj]
/home/ubuntu/neo-service-layer/src/Services/NeoServiceLayer.Services.KeyManagement/KeyManagementService.cs(12,75): error CS0535: 'KeyManagementService' does not implement interface member 'IEnclaveService.ValidateEnclaveAsync()' [/home/ubuntu/neo-service-layer/src/Services/NeoServiceLayer.Services.KeyManagement/NeoServiceLayer.Services.KeyManagement.csproj]
/home/ubuntu/neo-service-layer/src/Services/NeoServiceLayer.Services.KeyManagement/KeyManagementService.cs(12,75): error CS0535: 'KeyManagementService' does not implement interface member 'IEnclaveService.HasEnclaveCapabilities' [/home/ubuntu/neo-service-layer/src/Services/NeoServiceLayer.Services.KeyManagement/NeoServiceLayer.Services.KeyManagement.csproj]
/home/ubuntu/neo-service-layer/src/Services/NeoServiceLayer.Services.KeyManagement/KeyManagementService.cs(12,75): error CS0535: 'KeyManagementService' does not implement interface member 'IEnclaveService.IsEnclaveInitialized' [/home/ubuntu/neo-service-layer/src/Services/NeoServiceLayer.Services.KeyManagement/NeoServiceLayer.Services.KeyManagement.csproj]
/home/ubuntu/neo-service-layer/src/Services/NeoServiceLayer.Services.KeyManagement/KeyManagementService.cs(12,75): error CS0535: 'KeyManagementService' does not implement interface member 'IBlockchainService.SupportsBlockchain(BlockchainType)' [/home/ubuntu/neo-service-layer/src/Services/NeoServiceLayer.Services.KeyManagement/NeoServiceLayer.Services.KeyManagement.csproj]
/home/ubuntu/neo-service-layer/src/Services/NeoServiceLayer.Services.KeyManagement/KeyManagementService.cs(12,75): error CS0535: 'KeyManagementService' does not implement interface member 'IBlockchainService.SupportedBlockchains' [/home/ubuntu/neo-service-layer/src/Services/NeoServiceLayer.Services.KeyManagement/NeoServiceLayer.Services.KeyManagement.csproj]
/home/ubuntu/neo-service-layer/src/Services/NeoServiceLayer.Services.KeyManagement/KeyManagementService.cs(12,75): error CS0535: 'KeyManagementService' does not implement interface member 'IService.InitializeAsync()' [/home/ubuntu/neo-service-layer/src/Services/NeoServiceLayer.Services.KeyManagement/NeoServiceLayer.Services.KeyManagement.csproj]
/home/ubuntu/neo-service-layer/src/Services/NeoServiceLayer.Services.KeyManagement/KeyManagementService.cs(12,75): error CS0535: 'KeyManagementService' does not implement interface member 'IService.StartAsync()' [/home/ubuntu/neo-service-layer/src/Services/NeoServiceLayer.Services.KeyManagement/NeoServiceLayer.Services.KeyManagement.csproj]
/home/ubuntu/neo-service-layer/src/Services/NeoServiceLayer.Services.KeyManagement/KeyManagementService.cs(12,75): error CS0535: 'KeyManagementService' does not implement interface member 'IService.StopAsync()' [/home/ubuntu/neo-service-layer/src/Services/NeoServiceLayer.Services.KeyManagement/NeoServiceLayer.Services.KeyManagement.csproj]
/home/ubuntu/neo-service-layer/src/Services/NeoServiceLayer.Services.KeyManagement/KeyManagementService.cs(12,75): error CS0535: 'KeyManagementService' does not implement interface member 'IService.GetHealthAsync()' [/home/ubuntu/neo-service-layer/src/Services/NeoServiceLayer.Services.KeyManagement/NeoServiceLayer.Services.KeyManagement.csproj]
/home/ubuntu/neo-service-layer/src/Services/NeoServiceLayer.Services.KeyManagement/KeyManagementService.cs(12,75): error CS0535: 'KeyManagementService' does not implement interface member 'IService.GetMetricsAsync()' [/home/ubuntu/neo-service-layer/src/Services/NeoServiceLayer.Services.KeyManagement/NeoServiceLayer.Services.KeyManagement.csproj]
/home/ubuntu/neo-service-layer/src/Services/NeoServiceLayer.Services.KeyManagement/KeyManagementService.cs(12,75): error CS0535: 'KeyManagementService' does not implement interface member 'IService.ValidateDependenciesAsync(IEnumerable<IService>)' [/home/ubuntu/neo-service-layer/src/Services/NeoServiceLayer.Services.KeyManagement/NeoServiceLayer.Services.KeyManagement.csproj]
/home/ubuntu/neo-service-layer/src/Services/NeoServiceLayer.Services.KeyManagement/KeyManagementService.cs(12,75): error CS0535: 'KeyManagementService' does not implement interface member 'IService.Name' [/home/ubuntu/neo-service-layer/src/Services/NeoServiceLayer.Services.KeyManagement/NeoServiceLayer.Services.KeyManagement.csproj]
/home/ubuntu/neo-service-layer/src/Services/NeoServiceLayer.Services.KeyManagement/KeyManagementService.cs(12,75): error CS0535: 'KeyManagementService' does not implement interface member 'IService.Description' [/home/ubuntu/neo-service-layer/src/Services/NeoServiceLayer.Services.KeyManagement/NeoServiceLayer.Services.KeyManagement.csproj]
/home/ubuntu/neo-service-layer/src/Services/NeoServiceLayer.Services.KeyManagement/KeyManagementService.cs(12,75): error CS0535: 'KeyManagementService' does not implement interface member 'IService.Version' [/home/ubuntu/neo-service-layer/src/Services/NeoServiceLayer.Services.KeyManagement/NeoServiceLayer.Services.KeyManagement.csproj]
/home/ubuntu/neo-service-layer/src/Services/NeoServiceLayer.Services.KeyManagement/KeyManagementService.cs(12,75): error CS0535: 'KeyManagementService' does not implement interface member 'IService.IsRunning' [/home/ubuntu/neo-service-layer/src/Services/NeoServiceLayer.Services.KeyManagement/NeoServiceLayer.Services.KeyManagement.csproj]
/home/ubuntu/neo-service-layer/src/Services/NeoServiceLayer.Services.KeyManagement/KeyManagementService.cs(12,75): error CS0535: 'KeyManagementService' does not implement interface member 'IService.Dependencies' [/home/ubuntu/neo-service-layer/src/Services/NeoServiceLayer.Services.KeyManagement/NeoServiceLayer.Services.KeyManagement.csproj]
/home/ubuntu/neo-service-layer/src/Services/NeoServiceLayer.Services.KeyManagement/KeyManagementService.cs(12,75): error CS0535: 'KeyManagementService' does not implement interface member 'IService.Capabilities' [/home/ubuntu/neo-service-layer/src/Services/NeoServiceLayer.Services.KeyManagement/NeoServiceLayer.Services.KeyManagement.csproj]
/home/ubuntu/neo-service-layer/src/Services/NeoServiceLayer.Services.KeyManagement/KeyManagementService.cs(12,75): error CS0535: 'KeyManagementService' does not implement interface member 'IService.Metadata' [/home/ubuntu/neo-service-layer/src/Services/NeoServiceLayer.Services.KeyManagement/NeoServiceLayer.Services.KeyManagement.csproj]
/home/ubuntu/neo-service-layer/src/Advanced/NeoServiceLayer.Advanced.FairOrdering/FairOrderingService.cs(16,44): error CS0104: 'EnclaveBlockchainServiceBase' is an ambiguous reference between 'NeoServiceLayer.Core.EnclaveBlockchainServiceBase' and 'NeoServiceLayer.ServiceFramework.EnclaveBlockchainServiceBase' [/home/ubuntu/neo-service-layer/src/Advanced/NeoServiceLayer.Advanced.FairOrdering/NeoServiceLayer.Advanced.FairOrdering.csproj]
/home/ubuntu/neo-service-layer/src/Advanced/NeoServiceLayer.Advanced.FairOrdering/FairOrderingService.cs(16,74): error CS0535: 'FairOrderingService' does not implement interface member 'IEnclaveService.InitializeEnclaveAsync()' [/home/ubuntu/neo-service-layer/src/Advanced/NeoServiceLayer.Advanced.FairOrdering/NeoServiceLayer.Advanced.FairOrdering.csproj]
/home/ubuntu/neo-service-layer/src/Advanced/NeoServiceLayer.Advanced.FairOrdering/FairOrderingService.cs(16,74): error CS0535: 'FairOrderingService' does not implement interface member 'IEnclaveService.GetAttestationAsync()' [/home/ubuntu/neo-service-layer/src/Advanced/NeoServiceLayer.Advanced.FairOrdering/NeoServiceLayer.Advanced.FairOrdering.csproj]
/home/ubuntu/neo-service-layer/src/Advanced/NeoServiceLayer.Advanced.FairOrdering/FairOrderingService.cs(16,74): error CS0535: 'FairOrderingService' does not implement interface member 'IEnclaveService.ValidateEnclaveAsync()' [/home/ubuntu/neo-service-layer/src/Advanced/NeoServiceLayer.Advanced.FairOrdering/NeoServiceLayer.Advanced.FairOrdering.csproj]
/home/ubuntu/neo-service-layer/src/Advanced/NeoServiceLayer.Advanced.FairOrdering/FairOrderingService.cs(16,74): error CS0535: 'FairOrderingService' does not implement interface member 'IEnclaveService.HasEnclaveCapabilities' [/home/ubuntu/neo-service-layer/src/Advanced/NeoServiceLayer.Advanced.FairOrdering/NeoServiceLayer.Advanced.FairOrdering.csproj]
/home/ubuntu/neo-service-layer/src/Advanced/NeoServiceLayer.Advanced.FairOrdering/FairOrderingService.cs(16,74): error CS0535: 'FairOrderingService' does not implement interface member 'IEnclaveService.IsEnclaveInitialized' [/home/ubuntu/neo-service-layer/src/Advanced/NeoServiceLayer.Advanced.FairOrdering/NeoServiceLayer.Advanced.FairOrdering.csproj]
/home/ubuntu/neo-service-layer/src/Advanced/NeoServiceLayer.Advanced.FairOrdering/FairOrderingService.cs(16,74): error CS0535: 'FairOrderingService' does not implement interface member 'IBlockchainService.SupportsBlockchain(BlockchainType)' [/home/ubuntu/neo-service-layer/src/Advanced/NeoServiceLayer.Advanced.FairOrdering/NeoServiceLayer.Advanced.FairOrdering.csproj]
/home/ubuntu/neo-service-layer/src/Advanced/NeoServiceLayer.Advanced.FairOrdering/FairOrderingService.cs(16,74): error CS0535: 'FairOrderingService' does not implement interface member 'IBlockchainService.SupportedBlockchains' [/home/ubuntu/neo-service-layer/src/Advanced/NeoServiceLayer.Advanced.FairOrdering/NeoServiceLayer.Advanced.FairOrdering.csproj]
/home/ubuntu/neo-service-layer/src/Advanced/NeoServiceLayer.Advanced.FairOrdering/FairOrderingService.cs(16,74): error CS0535: 'FairOrderingService' does not implement interface member 'IService.InitializeAsync()' [/home/ubuntu/neo-service-layer/src/Advanced/NeoServiceLayer.Advanced.FairOrdering/NeoServiceLayer.Advanced.FairOrdering.csproj]
/home/ubuntu/neo-service-layer/src/Advanced/NeoServiceLayer.Advanced.FairOrdering/FairOrderingService.cs(16,74): error CS0535: 'FairOrderingService' does not implement interface member 'IService.StartAsync()' [/home/ubuntu/neo-service-layer/src/Advanced/NeoServiceLayer.Advanced.FairOrdering/NeoServiceLayer.Advanced.FairOrdering.csproj]
/home/ubuntu/neo-service-layer/src/Advanced/NeoServiceLayer.Advanced.FairOrdering/FairOrderingService.cs(16,74): error CS0535: 'FairOrderingService' does not implement interface member 'IService.StopAsync()' [/home/ubuntu/neo-service-layer/src/Advanced/NeoServiceLayer.Advanced.FairOrdering/NeoServiceLayer.Advanced.FairOrdering.csproj]
/home/ubuntu/neo-service-layer/src/Advanced/NeoServiceLayer.Advanced.FairOrdering/FairOrderingService.cs(16,74): error CS0535: 'FairOrderingService' does not implement interface member 'IService.GetHealthAsync()' [/home/ubuntu/neo-service-layer/src/Advanced/NeoServiceLayer.Advanced.FairOrdering/NeoServiceLayer.Advanced.FairOrdering.csproj]
/home/ubuntu/neo-service-layer/src/Advanced/NeoServiceLayer.Advanced.FairOrdering/FairOrderingService.cs(16,74): error CS0535: 'FairOrderingService' does not implement interface member 'IService.GetMetricsAsync()' [/home/ubuntu/neo-service-layer/src/Advanced/NeoServiceLayer.Advanced.FairOrdering/NeoServiceLayer.Advanced.FairOrdering.csproj]
/home/ubuntu/neo-service-layer/src/Advanced/NeoServiceLayer.Advanced.FairOrdering/FairOrderingService.cs(16,74): error CS0535: 'FairOrderingService' does not implement interface member 'IService.ValidateDependenciesAsync(IEnumerable<IService>)' [/home/ubuntu/neo-service-layer/src/Advanced/NeoServiceLayer.Advanced.FairOrdering/NeoServiceLayer.Advanced.FairOrdering.csproj]
/home/ubuntu/neo-service-layer/src/Advanced/NeoServiceLayer.Advanced.FairOrdering/FairOrderingService.cs(16,74): error CS0535: 'FairOrderingService' does not implement interface member 'IService.Name' [/home/ubuntu/neo-service-layer/src/Advanced/NeoServiceLayer.Advanced.FairOrdering/NeoServiceLayer.Advanced.FairOrdering.csproj]
/home/ubuntu/neo-service-layer/src/Advanced/NeoServiceLayer.Advanced.FairOrdering/FairOrderingService.cs(16,74): error CS0535: 'FairOrderingService' does not implement interface member 'IService.Description' [/home/ubuntu/neo-service-layer/src/Advanced/NeoServiceLayer.Advanced.FairOrdering/NeoServiceLayer.Advanced.FairOrdering.csproj]
/home/ubuntu/neo-service-layer/src/Advanced/NeoServiceLayer.Advanced.FairOrdering/FairOrderingService.cs(16,74): error CS0535: 'FairOrderingService' does not implement interface member 'IService.Version' [/home/ubuntu/neo-service-layer/src/Advanced/NeoServiceLayer.Advanced.FairOrdering/NeoServiceLayer.Advanced.FairOrdering.csproj]
/home/ubuntu/neo-service-layer/src/Advanced/NeoServiceLayer.Advanced.FairOrdering/FairOrderingService.cs(16,74): error CS0535: 'FairOrderingService' does not implement interface member 'IService.IsRunning' [/home/ubuntu/neo-service-layer/src/Advanced/NeoServiceLayer.Advanced.FairOrdering/NeoServiceLayer.Advanced.FairOrdering.csproj]
/home/ubuntu/neo-service-layer/src/Advanced/NeoServiceLayer.Advanced.FairOrdering/FairOrderingService.cs(16,74): error CS0535: 'FairOrderingService' does not implement interface member 'IService.Dependencies' [/home/ubuntu/neo-service-layer/src/Advanced/NeoServiceLayer.Advanced.FairOrdering/NeoServiceLayer.Advanced.FairOrdering.csproj]
/home/ubuntu/neo-service-layer/src/Advanced/NeoServiceLayer.Advanced.FairOrdering/FairOrderingService.cs(16,74): error CS0535: 'FairOrderingService' does not implement interface member 'IService.Capabilities' [/home/ubuntu/neo-service-layer/src/Advanced/NeoServiceLayer.Advanced.FairOrdering/NeoServiceLayer.Advanced.FairOrdering.csproj]
/home/ubuntu/neo-service-layer/src/Advanced/NeoServiceLayer.Advanced.FairOrdering/FairOrderingService.cs(16,74): error CS0535: 'FairOrderingService' does not implement interface member 'IService.Metadata' [/home/ubuntu/neo-service-layer/src/Advanced/NeoServiceLayer.Advanced.FairOrdering/NeoServiceLayer.Advanced.FairOrdering.csproj]
/home/ubuntu/neo-service-layer/src/AI/NeoServiceLayer.AI.PatternRecognition/Models/PatternTypes.cs(24,18): error CS0101: The namespace 'NeoServiceLayer.AI.PatternRecognition' already contains a definition for 'PatternAnalysisResult' [/home/ubuntu/neo-service-layer/src/AI/NeoServiceLayer.AI.PatternRecognition/NeoServiceLayer.AI.PatternRecognition.csproj]
/home/ubuntu/neo-service-layer/src/AI/NeoServiceLayer.AI.PatternRecognition/Models/PatternTypes.cs(37,18): error CS0101: The namespace 'NeoServiceLayer.AI.PatternRecognition' already contains a definition for 'PatternAnalysisRequest' [/home/ubuntu/neo-service-layer/src/AI/NeoServiceLayer.AI.PatternRecognition/NeoServiceLayer.AI.PatternRecognition.csproj]
/home/ubuntu/neo-service-layer/src/AI/NeoServiceLayer.AI.PatternRecognition/Models/PatternTypes.cs(47,22): error CS0101: The namespace 'NeoServiceLayer.AI.PatternRecognition' already contains a definition for 'IMetricsCollector' [/home/ubuntu/neo-service-layer/src/AI/NeoServiceLayer.AI.PatternRecognition/NeoServiceLayer.AI.PatternRecognition.csproj]
/home/ubuntu/neo-service-layer/src/AI/NeoServiceLayer.AI.PatternRecognition/Models/PatternTypes.cs(56,22): error CS0101: The namespace 'NeoServiceLayer.AI.PatternRecognition' already contains a definition for 'IPatternAnalyzer' [/home/ubuntu/neo-service-layer/src/AI/NeoServiceLayer.AI.PatternRecognition/NeoServiceLayer.AI.PatternRecognition.csproj]
/home/ubuntu/neo-service-layer/src/AI/NeoServiceLayer.AI.PatternRecognition/Models/PatternTypes.cs(9,17): error CS0101: The namespace 'NeoServiceLayer.AI.PatternRecognition' already contains a definition for 'PatternType' [/home/ubuntu/neo-service-layer/src/AI/NeoServiceLayer.AI.PatternRecognition/NeoServiceLayer.AI.PatternRecognition.csproj]
/home/ubuntu/neo-service-layer/src/AI/NeoServiceLayer.AI.PatternRecognition/Models/PatternTypes.cs(49,14): error CS0111: Type 'IMetricsCollector' already defines a member called 'RecordMetric' with the same parameter types [/home/ubuntu/neo-service-layer/src/AI/NeoServiceLayer.AI.PatternRecognition/NeoServiceLayer.AI.PatternRecognition.csproj]
/home/ubuntu/neo-service-layer/src/AI/NeoServiceLayer.AI.PatternRecognition/Models/PatternTypes.cs(50,14): error CS0111: Type 'IMetricsCollector' already defines a member called 'RecordEvent' with the same parameter types [/home/ubuntu/neo-service-layer/src/AI/NeoServiceLayer.AI.PatternRecognition/NeoServiceLayer.AI.PatternRecognition.csproj]
/home/ubuntu/neo-service-layer/src/AI/NeoServiceLayer.AI.PatternRecognition/Analyzers/IPatternAnalyzer.cs(52,62): error CS0246: The type or namespace name 'TrainingData' could not be found (are you missing a using directive or an assembly reference?) [/home/ubuntu/neo-service-layer/src/AI/NeoServiceLayer.AI.PatternRecognition/NeoServiceLayer.AI.PatternRecognition.csproj]
/home/ubuntu/neo-service-layer/src/AI/NeoServiceLayer.AI.PatternRecognition/Analyzers/IPatternAnalyzer.cs(52,51): error CS0050: Inconsistent accessibility: return type 'Task<TrainingResult>' is less accessible than method 'PatternAnalyzerBase.TrainAsync(TrainingData)' [/home/ubuntu/neo-service-layer/src/AI/NeoServiceLayer.AI.PatternRecognition/NeoServiceLayer.AI.PatternRecognition.csproj]
/home/ubuntu/neo-service-layer/src/AI/NeoServiceLayer.AI.PatternRecognition/Analyzers/IPatternAnalyzer.cs(26,41): error CS0246: The type or namespace name 'TrainingData' could not be found (are you missing a using directive or an assembly reference?) [/home/ubuntu/neo-service-layer/src/AI/NeoServiceLayer.AI.PatternRecognition/NeoServiceLayer.AI.PatternRecognition.csproj]
/home/ubuntu/neo-service-layer/src/AI/NeoServiceLayer.AI.PatternRecognition/Analyzers/IPatternAnalyzer.cs(26,30): error CS0050: Inconsistent accessibility: return type 'Task<TrainingResult>' is less accessible than method 'IPatternAnalyzer.TrainAsync(TrainingData)' [/home/ubuntu/neo-service-layer/src/AI/NeoServiceLayer.AI.PatternRecognition/NeoServiceLayer.AI.PatternRecognition.csproj]
/home/ubuntu/neo-service-layer/src/AI/NeoServiceLayer.AI.PatternRecognition/Analyzers/BehavioralPatternAnalyzer.cs(73,63): error CS0246: The type or namespace name 'TrainingData' could not be found (are you missing a using directive or an assembly reference?) [/home/ubuntu/neo-service-layer/src/AI/NeoServiceLayer.AI.PatternRecognition/NeoServiceLayer.AI.PatternRecognition.csproj]
/home/ubuntu/neo-service-layer/src/AI/NeoServiceLayer.AI.PatternRecognition/Analyzers/BehavioralPatternAnalyzer.cs(73,52): error CS0050: Inconsistent accessibility: return type 'Task<TrainingResult>' is less accessible than method 'BehavioralPatternAnalyzer.TrainAsync(TrainingData)' [/home/ubuntu/neo-service-layer/src/AI/NeoServiceLayer.AI.PatternRecognition/NeoServiceLayer.AI.PatternRecognition.csproj]
/home/ubuntu/neo-service-layer/src/AI/NeoServiceLayer.AI.PatternRecognition/Analyzers/AnomalyPatternAnalyzer.cs(67,63): error CS0246: The type or namespace name 'TrainingData' could not be found (are you missing a using directive or an assembly reference?) [/home/ubuntu/neo-service-layer/src/AI/NeoServiceLayer.AI.PatternRecognition/NeoServiceLayer.AI.PatternRecognition.csproj]
/home/ubuntu/neo-service-layer/src/AI/NeoServiceLayer.AI.PatternRecognition/Analyzers/AnomalyPatternAnalyzer.cs(67,52): error CS0050: Inconsistent accessibility: return type 'Task<TrainingResult>' is less accessible than method 'AnomalyPatternAnalyzer.TrainAsync(TrainingData)' [/home/ubuntu/neo-service-layer/src/AI/NeoServiceLayer.AI.PatternRecognition/NeoServiceLayer.AI.PatternRecognition.csproj]
/home/ubuntu/neo-service-layer/src/AI/NeoServiceLayer.AI.PatternRecognition/Models/PatternTypes.cs(59,37): error CS0111: Type 'IPatternAnalyzer' already defines a member called 'AnalyzeAsync' with the same parameter types [/home/ubuntu/neo-service-layer/src/AI/NeoServiceLayer.AI.PatternRecognition/NeoServiceLayer.AI.PatternRecognition.csproj]
/home/ubuntu/neo-service-layer/src/AI/NeoServiceLayer.AI.PatternRecognition/Analyzers/AnomalyPatternAnalyzer.cs(126,22): error CS0246: The type or namespace name 'DetectedPattern' could not be found (are you missing a using directive or an assembly reference?) [/home/ubuntu/neo-service-layer/src/AI/NeoServiceLayer.AI.PatternRecognition/NeoServiceLayer.AI.PatternRecognition.csproj]
/home/ubuntu/neo-service-layer/src/AI/NeoServiceLayer.AI.PatternRecognition/Analyzers/BehavioralPatternAnalyzer.cs(122,22): error CS0246: The type or namespace name 'DetectedPattern' could not be found (are you missing a using directive or an assembly reference?) [/home/ubuntu/neo-service-layer/src/AI/NeoServiceLayer.AI.PatternRecognition/NeoServiceLayer.AI.PatternRecognition.csproj]
/home/ubuntu/neo-service-layer/src/AI/NeoServiceLayer.AI.PatternRecognition/Analyzers/AnomalyPatternAnalyzer.cs(159,22): error CS0246: The type or namespace name 'DetectedPattern' could not be found (are you missing a using directive or an assembly reference?) [/home/ubuntu/neo-service-layer/src/AI/NeoServiceLayer.AI.PatternRecognition/NeoServiceLayer.AI.PatternRecognition.csproj]
/home/ubuntu/neo-service-layer/src/AI/NeoServiceLayer.AI.PatternRecognition/Analyzers/BehavioralPatternAnalyzer.cs(222,22): error CS0246: The type or namespace name 'DetectedPattern' could not be found (are you missing a using directive or an assembly reference?) [/home/ubuntu/neo-service-layer/src/AI/NeoServiceLayer.AI.PatternRecognition/NeoServiceLayer.AI.PatternRecognition.csproj]
/home/ubuntu/neo-service-layer/src/AI/NeoServiceLayer.AI.PatternRecognition/Analyzers/SequencePatternAnalyzer.cs(86,63): error CS0246: The type or namespace name 'TrainingData' could not be found (are you missing a using directive or an assembly reference?) [/home/ubuntu/neo-service-layer/src/AI/NeoServiceLayer.AI.PatternRecognition/NeoServiceLayer.AI.PatternRecognition.csproj]
/home/ubuntu/neo-service-layer/src/AI/NeoServiceLayer.AI.PatternRecognition/Analyzers/SequencePatternAnalyzer.cs(86,52): error CS0050: Inconsistent accessibility: return type 'Task<TrainingResult>' is less accessible than method 'SequencePatternAnalyzer.TrainAsync(TrainingData)' [/home/ubuntu/neo-service-layer/src/AI/NeoServiceLayer.AI.PatternRecognition/NeoServiceLayer.AI.PatternRecognition.csproj]
/home/ubuntu/neo-service-layer/src/AI/NeoServiceLayer.AI.PatternRecognition/Analyzers/AnomalyPatternAnalyzer.cs(199,22): error CS0246: The type or namespace name 'DetectedPattern' could not be found (are you missing a using directive or an assembly reference?) [/home/ubuntu/neo-service-layer/src/AI/NeoServiceLayer.AI.PatternRecognition/NeoServiceLayer.AI.PatternRecognition.csproj]
/home/ubuntu/neo-service-layer/src/AI/NeoServiceLayer.AI.PatternRecognition/Analyzers/BehavioralPatternAnalyzer.cs(256,22): error CS0246: The type or namespace name 'DetectedPattern' could not be found (are you missing a using directive or an assembly reference?) [/home/ubuntu/neo-service-layer/src/AI/NeoServiceLayer.AI.PatternRecognition/NeoServiceLayer.AI.PatternRecognition.csproj]
/home/ubuntu/neo-service-layer/src/AI/NeoServiceLayer.AI.PatternRecognition/Analyzers/BehavioralPatternAnalyzer.cs(288,22): error CS0246: The type or namespace name 'DetectedPattern' could not be found (are you missing a using directive or an assembly reference?) [/home/ubuntu/neo-service-layer/src/AI/NeoServiceLayer.AI.PatternRecognition/NeoServiceLayer.AI.PatternRecognition.csproj]
/home/ubuntu/neo-service-layer/src/AI/NeoServiceLayer.AI.PatternRecognition/Analyzers/SequencePatternAnalyzer.cs(144,22): error CS0246: The type or namespace name 'DetectedPattern' could not be found (are you missing a using directive or an assembly reference?) [/home/ubuntu/neo-service-layer/src/AI/NeoServiceLayer.AI.PatternRecognition/NeoServiceLayer.AI.PatternRecognition.csproj]
/home/ubuntu/neo-service-layer/src/AI/NeoServiceLayer.AI.PatternRecognition/Analyzers/TrendPatternAnalyzer.cs(90,22): error CS0246: The type or namespace name 'DetectedPattern' could not be found (are you missing a using directive or an assembly reference?) [/home/ubuntu/neo-service-layer/src/AI/NeoServiceLayer.AI.PatternRecognition/NeoServiceLayer.AI.PatternRecognition.csproj]
/home/ubuntu/neo-service-layer/src/AI/NeoServiceLayer.AI.PatternRecognition/Analyzers/TrendPatternAnalyzer.cs(124,22): error CS0246: The type or namespace name 'DetectedPattern' could not be found (are you missing a using directive or an assembly reference?) [/home/ubuntu/neo-service-layer/src/AI/NeoServiceLayer.AI.PatternRecognition/NeoServiceLayer.AI.PatternRecognition.csproj]
/home/ubuntu/neo-service-layer/src/AI/NeoServiceLayer.AI.PatternRecognition/Analyzers/TrendPatternAnalyzer.cs(165,22): error CS0246: The type or namespace name 'DetectedPattern' could not be found (are you missing a using directive or an assembly reference?) [/home/ubuntu/neo-service-layer/src/AI/NeoServiceLayer.AI.PatternRecognition/NeoServiceLayer.AI.PatternRecognition.csproj]
/home/ubuntu/neo-service-layer/src/AI/NeoServiceLayer.AI.PatternRecognition/Analyzers/TrendPatternAnalyzer.cs(205,22): error CS0246: The type or namespace name 'DetectedPattern' could not be found (are you missing a using directive or an assembly reference?) [/home/ubuntu/neo-service-layer/src/AI/NeoServiceLayer.AI.PatternRecognition/NeoServiceLayer.AI.PatternRecognition.csproj]
/home/ubuntu/neo-service-layer/src/AI/NeoServiceLayer.AI.PatternRecognition/Analyzers/TrendPatternAnalyzer.cs(325,67): error CS0246: The type or namespace name 'DetectedPattern' could not be found (are you missing a using directive or an assembly reference?) [/home/ubuntu/neo-service-layer/src/AI/NeoServiceLayer.AI.PatternRecognition/NeoServiceLayer.AI.PatternRecognition.csproj]
/home/ubuntu/neo-service-layer/src/AI/NeoServiceLayer.AI.PatternRecognition/Analyzers/TrendPatternAnalyzer.cs(325,22): error CS0246: The type or namespace name 'DetectedPattern' could not be found (are you missing a using directive or an assembly reference?) [/home/ubuntu/neo-service-layer/src/AI/NeoServiceLayer.AI.PatternRecognition/NeoServiceLayer.AI.PatternRecognition.csproj]
/home/ubuntu/neo-service-layer/src/AI/NeoServiceLayer.AI.PatternRecognition/Services/PatternRecognitionOrchestrator.cs(15,51): error CS0104: 'ServiceBase' is an ambiguous reference between 'NeoServiceLayer.Core.ServiceBase' and 'NeoServiceLayer.ServiceFramework.ServiceBase' [/home/ubuntu/neo-service-layer/src/AI/NeoServiceLayer.AI.PatternRecognition/NeoServiceLayer.AI.PatternRecognition.csproj]
/home/ubuntu/neo-service-layer/src/AI/NeoServiceLayer.AI.PatternRecognition/Services/PatternRecognitionOrchestrator.cs(125,59): error CS0246: The type or namespace name 'TrainingData' could not be found (are you missing a using directive or an assembly reference?) [/home/ubuntu/neo-service-layer/src/AI/NeoServiceLayer.AI.PatternRecognition/NeoServiceLayer.AI.PatternRecognition.csproj]
/home/ubuntu/neo-service-layer/src/AI/NeoServiceLayer.AI.PatternRecognition/Services/PatternRecognitionOrchestrator.cs(125,43): error CS0050: Inconsistent accessibility: return type 'Task<TrainingResult>' is less accessible than method 'PatternRecognitionOrchestrator.TrainModelAsync(TrainingData)' [/home/ubuntu/neo-service-layer/src/AI/NeoServiceLayer.AI.PatternRecognition/NeoServiceLayer.AI.PatternRecognition.csproj]
/home/ubuntu/neo-service-layer/src/AI/NeoServiceLayer.AI.PatternRecognition/Services/PatternRecognitionOrchestrator.cs(160,39): error CS0246: The type or namespace name 'DetectedPattern' could not be found (are you missing a using directive or an assembly reference?) [/home/ubuntu/neo-service-layer/src/AI/NeoServiceLayer.AI.PatternRecognition/NeoServiceLayer.AI.PatternRecognition.csproj]
/home/ubuntu/neo-service-layer/src/AI/NeoServiceLayer.AI.PatternRecognition/Services/PatternRecognitionOrchestrator.cs(274,64): error CS0246: The type or namespace name 'DetectedPattern' could not be found (are you missing a using directive or an assembly reference?) [/home/ubuntu/neo-service-layer/src/AI/NeoServiceLayer.AI.PatternRecognition/NeoServiceLayer.AI.PatternRecognition.csproj]
/home/ubuntu/neo-service-layer/src/AI/NeoServiceLayer.AI.PatternRecognition/Services/PatternRecognitionOrchestrator.cs(274,22): error CS0246: The type or namespace name 'DetectedPattern' could not be found (are you missing a using directive or an assembly reference?) [/home/ubuntu/neo-service-layer/src/AI/NeoServiceLayer.AI.PatternRecognition/NeoServiceLayer.AI.PatternRecognition.csproj]
/home/ubuntu/neo-service-layer/src/AI/NeoServiceLayer.AI.PatternRecognition/Services/PatternRecognitionOrchestrator.cs(312,41): error CS0246: The type or namespace name 'DetectedPattern' could not be found (are you missing a using directive or an assembly reference?) [/home/ubuntu/neo-service-layer/src/AI/NeoServiceLayer.AI.PatternRecognition/NeoServiceLayer.AI.PatternRecognition.csproj]
/home/ubuntu/neo-service-layer/src/AI/NeoServiceLayer.AI.PatternRecognition/Services/PatternRecognitionOrchestrator.cs(312,61): error CS0246: The type or namespace name 'DetectedPattern' could not be found (are you missing a using directive or an assembly reference?) [/home/ubuntu/neo-service-layer/src/AI/NeoServiceLayer.AI.PatternRecognition/NeoServiceLayer.AI.PatternRecognition.csproj]
/home/ubuntu/neo-service-layer/src/AI/NeoServiceLayer.AI.PatternRecognition/Services/PatternRecognitionOrchestrator.cs(15,64): error CS0535: 'PatternRecognitionOrchestrator' does not implement interface member 'IPatternRecognitionService.DetectFraudAsync(FraudDetectionRequest, BlockchainType)' [/home/ubuntu/neo-service-layer/src/AI/NeoServiceLayer.AI.PatternRecognition/NeoServiceLayer.AI.PatternRecognition.csproj]
/home/ubuntu/neo-service-layer/src/AI/NeoServiceLayer.AI.PatternRecognition/Services/PatternRecognitionOrchestrator.cs(15,64): error CS0535: 'PatternRecognitionOrchestrator' does not implement interface member 'IPatternRecognitionService.AnalyzePatternsAsync(PatternAnalysisRequest, BlockchainType)' [/home/ubuntu/neo-service-layer/src/AI/NeoServiceLayer.AI.PatternRecognition/NeoServiceLayer.AI.PatternRecognition.csproj]
/home/ubuntu/neo-service-layer/src/AI/NeoServiceLayer.AI.PatternRecognition/Services/PatternRecognitionOrchestrator.cs(15,64): error CS0535: 'PatternRecognitionOrchestrator' does not implement interface member 'IPatternRecognitionService.AnalyzeBehaviorAsync(BehaviorAnalysisRequest, BlockchainType)' [/home/ubuntu/neo-service-layer/src/AI/NeoServiceLayer.AI.PatternRecognition/NeoServiceLayer.AI.PatternRecognition.csproj]
/home/ubuntu/neo-service-layer/src/AI/NeoServiceLayer.AI.PatternRecognition/Services/PatternRecognitionOrchestrator.cs(15,64): error CS0535: 'PatternRecognitionOrchestrator' does not implement interface member 'IPatternRecognitionService.AssessRiskAsync(RiskAssessmentRequest, BlockchainType)' [/home/ubuntu/neo-service-layer/src/AI/NeoServiceLayer.AI.PatternRecognition/NeoServiceLayer.AI.PatternRecognition.csproj]
/home/ubuntu/neo-service-layer/src/AI/NeoServiceLayer.AI.PatternRecognition/Services/PatternRecognitionOrchestrator.cs(15,64): error CS0535: 'PatternRecognitionOrchestrator' does not implement interface member 'IPatternRecognitionService.CreateModelAsync(PatternModelDefinition, BlockchainType)' [/home/ubuntu/neo-service-layer/src/AI/NeoServiceLayer.AI.PatternRecognition/NeoServiceLayer.AI.PatternRecognition.csproj]
/home/ubuntu/neo-service-layer/src/AI/NeoServiceLayer.AI.PatternRecognition/Services/PatternRecognitionOrchestrator.cs(15,64): error CS0535: 'PatternRecognitionOrchestrator' does not implement interface member 'IPatternRecognitionService.GetModelsAsync(BlockchainType)' [/home/ubuntu/neo-service-layer/src/AI/NeoServiceLayer.AI.PatternRecognition/NeoServiceLayer.AI.PatternRecognition.csproj]
/home/ubuntu/neo-service-layer/src/AI/NeoServiceLayer.AI.PatternRecognition/Services/PatternRecognitionOrchestrator.cs(15,64): error CS0535: 'PatternRecognitionOrchestrator' does not implement interface member 'IPatternRecognitionService.GetModelAsync(string, BlockchainType)' [/home/ubuntu/neo-service-layer/src/AI/NeoServiceLayer.AI.PatternRecognition/NeoServiceLayer.AI.PatternRecognition.csproj]
/home/ubuntu/neo-service-layer/src/AI/NeoServiceLayer.AI.PatternRecognition/Services/PatternRecognitionOrchestrator.cs(15,64): error CS0535: 'PatternRecognitionOrchestrator' does not implement interface member 'IPatternRecognitionService.UpdateModelAsync(string, PatternModelDefinition, BlockchainType)' [/home/ubuntu/neo-service-layer/src/AI/NeoServiceLayer.AI.PatternRecognition/NeoServiceLayer.AI.PatternRecognition.csproj]
/home/ubuntu/neo-service-layer/src/AI/NeoServiceLayer.AI.PatternRecognition/Services/PatternRecognitionOrchestrator.cs(15,64): error CS0535: 'PatternRecognitionOrchestrator' does not implement interface member 'IPatternRecognitionService.DeleteModelAsync(string, BlockchainType)' [/home/ubuntu/neo-service-layer/src/AI/NeoServiceLayer.AI.PatternRecognition/NeoServiceLayer.AI.PatternRecognition.csproj]
/home/ubuntu/neo-service-layer/src/AI/NeoServiceLayer.AI.PatternRecognition/Services/PatternRecognitionOrchestrator.cs(15,64): error CS0535: 'PatternRecognitionOrchestrator' does not implement interface member 'IPatternRecognitionService.GetFraudDetectionHistoryAsync(string?, BlockchainType)' [/home/ubuntu/neo-service-layer/src/AI/NeoServiceLayer.AI.PatternRecognition/NeoServiceLayer.AI.PatternRecognition.csproj]
/home/ubuntu/neo-service-layer/src/AI/NeoServiceLayer.AI.PatternRecognition/Services/PatternRecognitionOrchestrator.cs(15,64): error CS0535: 'PatternRecognitionOrchestrator' does not implement interface member 'IPatternRecognitionService.GetBehaviorProfileAsync(string, BlockchainType)' [/home/ubuntu/neo-service-layer/src/AI/NeoServiceLayer.AI.PatternRecognition/NeoServiceLayer.AI.PatternRecognition.csproj]
/home/ubuntu/neo-service-layer/src/AI/NeoServiceLayer.AI.PatternRecognition/Services/PatternRecognitionOrchestrator.cs(15,64): error CS0535: 'PatternRecognitionOrchestrator' does not implement interface member 'IPatternRecognitionService.UpdateBehaviorProfileAsync(string, BehaviorProfile, BlockchainType)' [/home/ubuntu/neo-service-layer/src/AI/NeoServiceLayer.AI.PatternRecognition/NeoServiceLayer.AI.PatternRecognition.csproj]
/home/ubuntu/neo-service-layer/src/AI/NeoServiceLayer.AI.PatternRecognition/Services/PatternRecognitionOrchestrator.cs(15,64): error CS0535: 'PatternRecognitionOrchestrator' does not implement interface member 'IPatternRecognitionService.DetectFraudAsync(FraudDetectionRequest, BlockchainType)' [/home/ubuntu/neo-service-layer/src/AI/NeoServiceLayer.AI.PatternRecognition/NeoServiceLayer.AI.PatternRecognition.csproj]
/home/ubuntu/neo-service-layer/src/AI/NeoServiceLayer.AI.PatternRecognition/Services/PatternRecognitionOrchestrator.cs(15,64): error CS0535: 'PatternRecognitionOrchestrator' does not implement interface member 'IPatternRecognitionService.DetectAnomaliesAsync(AnomalyDetectionRequest, BlockchainType)' [/home/ubuntu/neo-service-layer/src/AI/NeoServiceLayer.AI.PatternRecognition/NeoServiceLayer.AI.PatternRecognition.csproj]
/home/ubuntu/neo-service-layer/src/AI/NeoServiceLayer.AI.PatternRecognition/Services/PatternRecognitionOrchestrator.cs(15,64): error CS0535: 'PatternRecognitionOrchestrator' does not implement interface member 'IPatternRecognitionService.ClassifyDataAsync(ClassificationRequest, BlockchainType)' [/home/ubuntu/neo-service-layer/src/AI/NeoServiceLayer.AI.PatternRecognition/NeoServiceLayer.AI.PatternRecognition.csproj]
/home/ubuntu/neo-service-layer/src/AI/NeoServiceLayer.AI.PatternRecognition/Services/PatternRecognitionOrchestrator.cs(15,64): error CS0535: 'PatternRecognitionOrchestrator' does not implement interface member 'IEnclaveService.InitializeEnclaveAsync()' [/home/ubuntu/neo-service-layer/src/AI/NeoServiceLayer.AI.PatternRecognition/NeoServiceLayer.AI.PatternRecognition.csproj]
/home/ubuntu/neo-service-layer/src/AI/NeoServiceLayer.AI.PatternRecognition/Services/PatternRecognitionOrchestrator.cs(15,64): error CS0535: 'PatternRecognitionOrchestrator' does not implement interface member 'IEnclaveService.GetAttestationAsync()' [/home/ubuntu/neo-service-layer/src/AI/NeoServiceLayer.AI.PatternRecognition/NeoServiceLayer.AI.PatternRecognition.csproj]
/home/ubuntu/neo-service-layer/src/AI/NeoServiceLayer.AI.PatternRecognition/Services/PatternRecognitionOrchestrator.cs(15,64): error CS0535: 'PatternRecognitionOrchestrator' does not implement interface member 'IEnclaveService.ValidateEnclaveAsync()' [/home/ubuntu/neo-service-layer/src/AI/NeoServiceLayer.AI.PatternRecognition/NeoServiceLayer.AI.PatternRecognition.csproj]
/home/ubuntu/neo-service-layer/src/AI/NeoServiceLayer.AI.PatternRecognition/Services/PatternRecognitionOrchestrator.cs(15,64): error CS0535: 'PatternRecognitionOrchestrator' does not implement interface member 'IEnclaveService.HasEnclaveCapabilities' [/home/ubuntu/neo-service-layer/src/AI/NeoServiceLayer.AI.PatternRecognition/NeoServiceLayer.AI.PatternRecognition.csproj]
/home/ubuntu/neo-service-layer/src/AI/NeoServiceLayer.AI.PatternRecognition/Services/PatternRecognitionOrchestrator.cs(15,64): error CS0535: 'PatternRecognitionOrchestrator' does not implement interface member 'IEnclaveService.IsEnclaveInitialized' [/home/ubuntu/neo-service-layer/src/AI/NeoServiceLayer.AI.PatternRecognition/NeoServiceLayer.AI.PatternRecognition.csproj]
/home/ubuntu/neo-service-layer/src/AI/NeoServiceLayer.AI.PatternRecognition/Services/PatternRecognitionOrchestrator.cs(15,64): error CS0535: 'PatternRecognitionOrchestrator' does not implement interface member 'IBlockchainService.SupportsBlockchain(BlockchainType)' [/home/ubuntu/neo-service-layer/src/AI/NeoServiceLayer.AI.PatternRecognition/NeoServiceLayer.AI.PatternRecognition.csproj]
/home/ubuntu/neo-service-layer/src/AI/NeoServiceLayer.AI.PatternRecognition/Services/PatternRecognitionOrchestrator.cs(15,64): error CS0535: 'PatternRecognitionOrchestrator' does not implement interface member 'IBlockchainService.SupportedBlockchains' [/home/ubuntu/neo-service-layer/src/AI/NeoServiceLayer.AI.PatternRecognition/NeoServiceLayer.AI.PatternRecognition.csproj]
/home/ubuntu/neo-service-layer/src/AI/NeoServiceLayer.AI.PatternRecognition/Services/PatternRecognitionOrchestrator.cs(15,64): error CS0535: 'PatternRecognitionOrchestrator' does not implement interface member 'IService.InitializeAsync()' [/home/ubuntu/neo-service-layer/src/AI/NeoServiceLayer.AI.PatternRecognition/NeoServiceLayer.AI.PatternRecognition.csproj]
/home/ubuntu/neo-service-layer/src/AI/NeoServiceLayer.AI.PatternRecognition/Services/PatternRecognitionOrchestrator.cs(15,64): error CS0535: 'PatternRecognitionOrchestrator' does not implement interface member 'IService.StartAsync()' [/home/ubuntu/neo-service-layer/src/AI/NeoServiceLayer.AI.PatternRecognition/NeoServiceLayer.AI.PatternRecognition.csproj]
/home/ubuntu/neo-service-layer/src/AI/NeoServiceLayer.AI.PatternRecognition/Services/PatternRecognitionOrchestrator.cs(15,64): error CS0535: 'PatternRecognitionOrchestrator' does not implement interface member 'IService.StopAsync()' [/home/ubuntu/neo-service-layer/src/AI/NeoServiceLayer.AI.PatternRecognition/NeoServiceLayer.AI.PatternRecognition.csproj]
/home/ubuntu/neo-service-layer/src/AI/NeoServiceLayer.AI.PatternRecognition/Services/PatternRecognitionOrchestrator.cs(15,64): error CS0535: 'PatternRecognitionOrchestrator' does not implement interface member 'IService.GetHealthAsync()' [/home/ubuntu/neo-service-layer/src/AI/NeoServiceLayer.AI.PatternRecognition/NeoServiceLayer.AI.PatternRecognition.csproj]
/home/ubuntu/neo-service-layer/src/AI/NeoServiceLayer.AI.PatternRecognition/Services/PatternRecognitionOrchestrator.cs(15,64): error CS0535: 'PatternRecognitionOrchestrator' does not implement interface member 'IService.GetMetricsAsync()' [/home/ubuntu/neo-service-layer/src/AI/NeoServiceLayer.AI.PatternRecognition/NeoServiceLayer.AI.PatternRecognition.csproj]
/home/ubuntu/neo-service-layer/src/AI/NeoServiceLayer.AI.PatternRecognition/Services/PatternRecognitionOrchestrator.cs(15,64): error CS0535: 'PatternRecognitionOrchestrator' does not implement interface member 'IService.ValidateDependenciesAsync(IEnumerable<IService>)' [/home/ubuntu/neo-service-layer/src/AI/NeoServiceLayer.AI.PatternRecognition/NeoServiceLayer.AI.PatternRecognition.csproj]
/home/ubuntu/neo-service-layer/src/AI/NeoServiceLayer.AI.PatternRecognition/Services/PatternRecognitionOrchestrator.cs(15,64): error CS0535: 'PatternRecognitionOrchestrator' does not implement interface member 'IService.Name' [/home/ubuntu/neo-service-layer/src/AI/NeoServiceLayer.AI.PatternRecognition/NeoServiceLayer.AI.PatternRecognition.csproj]
/home/ubuntu/neo-service-layer/src/AI/NeoServiceLayer.AI.PatternRecognition/Services/PatternRecognitionOrchestrator.cs(15,64): error CS0535: 'PatternRecognitionOrchestrator' does not implement interface member 'IService.Description' [/home/ubuntu/neo-service-layer/src/AI/NeoServiceLayer.AI.PatternRecognition/NeoServiceLayer.AI.PatternRecognition.csproj]
/home/ubuntu/neo-service-layer/src/AI/NeoServiceLayer.AI.PatternRecognition/Services/PatternRecognitionOrchestrator.cs(15,64): error CS0535: 'PatternRecognitionOrchestrator' does not implement interface member 'IService.Version' [/home/ubuntu/neo-service-layer/src/AI/NeoServiceLayer.AI.PatternRecognition/NeoServiceLayer.AI.PatternRecognition.csproj]
/home/ubuntu/neo-service-layer/src/AI/NeoServiceLayer.AI.PatternRecognition/Services/PatternRecognitionOrchestrator.cs(15,64): error CS0535: 'PatternRecognitionOrchestrator' does not implement interface member 'IService.IsRunning' [/home/ubuntu/neo-service-layer/src/AI/NeoServiceLayer.AI.PatternRecognition/NeoServiceLayer.AI.PatternRecognition.csproj]
/home/ubuntu/neo-service-layer/src/AI/NeoServiceLayer.AI.PatternRecognition/Services/PatternRecognitionOrchestrator.cs(15,64): error CS0535: 'PatternRecognitionOrchestrator' does not implement interface member 'IService.Dependencies' [/home/ubuntu/neo-service-layer/src/AI/NeoServiceLayer.AI.PatternRecognition/NeoServiceLayer.AI.PatternRecognition.csproj]
/home/ubuntu/neo-service-layer/src/AI/NeoServiceLayer.AI.PatternRecognition/Services/PatternRecognitionOrchestrator.cs(15,64): error CS0535: 'PatternRecognitionOrchestrator' does not implement interface member 'IService.Capabilities' [/home/ubuntu/neo-service-layer/src/AI/NeoServiceLayer.AI.PatternRecognition/NeoServiceLayer.AI.PatternRecognition.csproj]
/home/ubuntu/neo-service-layer/src/AI/NeoServiceLayer.AI.PatternRecognition/Services/PatternRecognitionOrchestrator.cs(15,64): error CS0535: 'PatternRecognitionOrchestrator' does not implement interface member 'IService.Metadata' [/home/ubuntu/neo-service-layer/src/AI/NeoServiceLayer.AI.PatternRecognition/NeoServiceLayer.AI.PatternRecognition.csproj]
/home/ubuntu/neo-service-layer/src/AI/NeoServiceLayer.AI.PatternRecognition/PatternRecognitionService.cs(18,65): error CS0535: 'PatternRecognitionService' does not implement interface member 'IPatternRecognitionService.AnalyzePatternsAsync(PatternAnalysisRequest, BlockchainType)' [/home/ubuntu/neo-service-layer/src/AI/NeoServiceLayer.AI.PatternRecognition/NeoServiceLayer.AI.PatternRecognition.csproj]
/home/ubuntu/neo-service-layer/src/Services/NeoServiceLayer.Services.Oracle/OracleService.EnclaveOperations.cs(4,32): error CS0234: The type or namespace name 'Core' does not exist in the namespace 'NeoServiceLayer.Services' (are you missing an assembly reference?) [/home/ubuntu/neo-service-layer/src/Services/NeoServiceLayer.Services.Oracle/NeoServiceLayer.Services.Oracle.csproj]
/home/ubuntu/neo-service-layer/src/Services/NeoServiceLayer.Services.Oracle/OracleService.Core.cs(17,38): error CS0104: 'EnclaveBlockchainServiceBase' is an ambiguous reference between 'NeoServiceLayer.Core.EnclaveBlockchainServiceBase' and 'NeoServiceLayer.ServiceFramework.EnclaveBlockchainServiceBase' [/home/ubuntu/neo-service-layer/src/Services/NeoServiceLayer.Services.Oracle/NeoServiceLayer.Services.Oracle.csproj]
/home/ubuntu/neo-service-layer/src/Services/NeoServiceLayer.Services.Oracle/OracleService.InterfaceImplementations.cs(677,42): error CS0050: Inconsistent accessibility: return type 'Task<OracleService.BatchOracleResult>' is less accessible than method 'OracleService.BatchRequestAsync(BatchOracleRequest, BlockchainType)' [/home/ubuntu/neo-service-layer/src/Services/NeoServiceLayer.Services.Oracle/NeoServiceLayer.Services.Oracle.csproj]
/home/ubuntu/neo-service-layer/src/Services/NeoServiceLayer.Services.Oracle/OracleService.Core.cs(17,68): error CS0738: 'OracleService' does not implement interface member 'IOracleService.BatchRequestAsync(BatchOracleRequest, BlockchainType)'. 'OracleService.BatchRequestAsync(BatchOracleRequest, BlockchainType)' cannot implement 'IOracleService.BatchRequestAsync(BatchOracleRequest, BlockchainType)' because it does not have the matching return type of 'Task<BatchOracleResult>'. [/home/ubuntu/neo-service-layer/src/Services/NeoServiceLayer.Services.Oracle/NeoServiceLayer.Services.Oracle.csproj]
/home/ubuntu/neo-service-layer/src/Services/NeoServiceLayer.Services.Oracle/OracleService.Core.cs(17,68): error CS0535: 'OracleService' does not implement interface member 'IEnclaveService.InitializeEnclaveAsync()' [/home/ubuntu/neo-service-layer/src/Services/NeoServiceLayer.Services.Oracle/NeoServiceLayer.Services.Oracle.csproj]
/home/ubuntu/neo-service-layer/src/Services/NeoServiceLayer.Services.Oracle/OracleService.Core.cs(17,68): error CS0535: 'OracleService' does not implement interface member 'IEnclaveService.GetAttestationAsync()' [/home/ubuntu/neo-service-layer/src/Services/NeoServiceLayer.Services.Oracle/NeoServiceLayer.Services.Oracle.csproj]
/home/ubuntu/neo-service-layer/src/Services/NeoServiceLayer.Services.Oracle/OracleService.Core.cs(17,68): error CS0535: 'OracleService' does not implement interface member 'IEnclaveService.ValidateEnclaveAsync()' [/home/ubuntu/neo-service-layer/src/Services/NeoServiceLayer.Services.Oracle/NeoServiceLayer.Services.Oracle.csproj]
/home/ubuntu/neo-service-layer/src/Services/NeoServiceLayer.Services.Oracle/OracleService.Core.cs(17,68): error CS0535: 'OracleService' does not implement interface member 'IEnclaveService.HasEnclaveCapabilities' [/home/ubuntu/neo-service-layer/src/Services/NeoServiceLayer.Services.Oracle/NeoServiceLayer.Services.Oracle.csproj]
/home/ubuntu/neo-service-layer/src/Services/NeoServiceLayer.Services.Oracle/OracleService.Core.cs(17,68): error CS0535: 'OracleService' does not implement interface member 'IEnclaveService.IsEnclaveInitialized' [/home/ubuntu/neo-service-layer/src/Services/NeoServiceLayer.Services.Oracle/NeoServiceLayer.Services.Oracle.csproj]
/home/ubuntu/neo-service-layer/src/Services/NeoServiceLayer.Services.Oracle/OracleService.Core.cs(17,68): error CS0535: 'OracleService' does not implement interface member 'IBlockchainService.SupportsBlockchain(BlockchainType)' [/home/ubuntu/neo-service-layer/src/Services/NeoServiceLayer.Services.Oracle/NeoServiceLayer.Services.Oracle.csproj]
/home/ubuntu/neo-service-layer/src/Services/NeoServiceLayer.Services.Oracle/OracleService.Core.cs(17,68): error CS0535: 'OracleService' does not implement interface member 'IBlockchainService.SupportedBlockchains' [/home/ubuntu/neo-service-layer/src/Services/NeoServiceLayer.Services.Oracle/NeoServiceLayer.Services.Oracle.csproj]
/home/ubuntu/neo-service-layer/src/Services/NeoServiceLayer.Services.Oracle/OracleService.Core.cs(17,68): error CS0535: 'OracleService' does not implement interface member 'IService.InitializeAsync()' [/home/ubuntu/neo-service-layer/src/Services/NeoServiceLayer.Services.Oracle/NeoServiceLayer.Services.Oracle.csproj]
/home/ubuntu/neo-service-layer/src/Services/NeoServiceLayer.Services.Oracle/OracleService.Core.cs(17,68): error CS0535: 'OracleService' does not implement interface member 'IService.StartAsync()' [/home/ubuntu/neo-service-layer/src/Services/NeoServiceLayer.Services.Oracle/NeoServiceLayer.Services.Oracle.csproj]
/home/ubuntu/neo-service-layer/src/Services/NeoServiceLayer.Services.Oracle/OracleService.Core.cs(17,68): error CS0535: 'OracleService' does not implement interface member 'IService.StopAsync()' [/home/ubuntu/neo-service-layer/src/Services/NeoServiceLayer.Services.Oracle/NeoServiceLayer.Services.Oracle.csproj]
/home/ubuntu/neo-service-layer/src/Services/NeoServiceLayer.Services.Oracle/OracleService.Core.cs(17,68): error CS0535: 'OracleService' does not implement interface member 'IService.GetHealthAsync()' [/home/ubuntu/neo-service-layer/src/Services/NeoServiceLayer.Services.Oracle/NeoServiceLayer.Services.Oracle.csproj]
/home/ubuntu/neo-service-layer/src/Services/NeoServiceLayer.Services.Oracle/OracleService.Core.cs(17,68): error CS0535: 'OracleService' does not implement interface member 'IService.GetMetricsAsync()' [/home/ubuntu/neo-service-layer/src/Services/NeoServiceLayer.Services.Oracle/NeoServiceLayer.Services.Oracle.csproj]
/home/ubuntu/neo-service-layer/src/Services/NeoServiceLayer.Services.Oracle/OracleService.Core.cs(17,68): error CS0535: 'OracleService' does not implement interface member 'IService.ValidateDependenciesAsync(IEnumerable<IService>)' [/home/ubuntu/neo-service-layer/src/Services/NeoServiceLayer.Services.Oracle/NeoServiceLayer.Services.Oracle.csproj]
/home/ubuntu/neo-service-layer/src/Services/NeoServiceLayer.Services.Oracle/OracleService.Core.cs(17,68): error CS0535: 'OracleService' does not implement interface member 'IService.Name' [/home/ubuntu/neo-service-layer/src/Services/NeoServiceLayer.Services.Oracle/NeoServiceLayer.Services.Oracle.csproj]
/home/ubuntu/neo-service-layer/src/Services/NeoServiceLayer.Services.Oracle/OracleService.Core.cs(17,68): error CS0535: 'OracleService' does not implement interface member 'IService.Description' [/home/ubuntu/neo-service-layer/src/Services/NeoServiceLayer.Services.Oracle/NeoServiceLayer.Services.Oracle.csproj]
/home/ubuntu/neo-service-layer/src/Services/NeoServiceLayer.Services.Oracle/OracleService.Core.cs(17,68): error CS0535: 'OracleService' does not implement interface member 'IService.Version' [/home/ubuntu/neo-service-layer/src/Services/NeoServiceLayer.Services.Oracle/NeoServiceLayer.Services.Oracle.csproj]
/home/ubuntu/neo-service-layer/src/Services/NeoServiceLayer.Services.Oracle/OracleService.Core.cs(17,68): error CS0535: 'OracleService' does not implement interface member 'IService.IsRunning' [/home/ubuntu/neo-service-layer/src/Services/NeoServiceLayer.Services.Oracle/NeoServiceLayer.Services.Oracle.csproj]
/home/ubuntu/neo-service-layer/src/Services/NeoServiceLayer.Services.Oracle/OracleService.Core.cs(17,68): error CS0535: 'OracleService' does not implement interface member 'IService.Dependencies' [/home/ubuntu/neo-service-layer/src/Services/NeoServiceLayer.Services.Oracle/NeoServiceLayer.Services.Oracle.csproj]
/home/ubuntu/neo-service-layer/src/Services/NeoServiceLayer.Services.Oracle/OracleService.Core.cs(17,68): error CS0535: 'OracleService' does not implement interface member 'IService.Capabilities' [/home/ubuntu/neo-service-layer/src/Services/NeoServiceLayer.Services.Oracle/NeoServiceLayer.Services.Oracle.csproj]
/home/ubuntu/neo-service-layer/src/Services/NeoServiceLayer.Services.Oracle/OracleService.Core.cs(17,68): error CS0535: 'OracleService' does not implement interface member 'IService.Metadata' [/home/ubuntu/neo-service-layer/src/Services/NeoServiceLayer.Services.Oracle/NeoServiceLayer.Services.Oracle.csproj]
/home/ubuntu/neo-service-layer/src/Services/NeoServiceLayer.Services.EnclaveStorage/EnclaveStorageService.cs(21,38): error CS0104: 'EnclaveBlockchainServiceBase' is an ambiguous reference between 'NeoServiceLayer.Core.EnclaveBlockchainServiceBase' and 'NeoServiceLayer.ServiceFramework.EnclaveBlockchainServiceBase' [/home/ubuntu/neo-service-layer/src/Services/NeoServiceLayer.Services.EnclaveStorage/NeoServiceLayer.Services.EnclaveStorage.csproj]
/home/ubuntu/neo-service-layer/src/Services/NeoServiceLayer.Services.EnclaveStorage/EnclaveStorageService.cs(21,68): error CS0535: 'EnclaveStorageService' does not implement interface member 'IService.InitializeAsync()' [/home/ubuntu/neo-service-layer/src/Services/NeoServiceLayer.Services.EnclaveStorage/NeoServiceLayer.Services.EnclaveStorage.csproj]
/home/ubuntu/neo-service-layer/src/Services/NeoServiceLayer.Services.EnclaveStorage/EnclaveStorageService.cs(21,68): error CS0535: 'EnclaveStorageService' does not implement interface member 'IService.StartAsync()' [/home/ubuntu/neo-service-layer/src/Services/NeoServiceLayer.Services.EnclaveStorage/NeoServiceLayer.Services.EnclaveStorage.csproj]
/home/ubuntu/neo-service-layer/src/Services/NeoServiceLayer.Services.EnclaveStorage/EnclaveStorageService.cs(21,68): error CS0535: 'EnclaveStorageService' does not implement interface member 'IService.StopAsync()' [/home/ubuntu/neo-service-layer/src/Services/NeoServiceLayer.Services.EnclaveStorage/NeoServiceLayer.Services.EnclaveStorage.csproj]
/home/ubuntu/neo-service-layer/src/Services/NeoServiceLayer.Services.EnclaveStorage/EnclaveStorageService.cs(21,68): error CS0535: 'EnclaveStorageService' does not implement interface member 'IService.GetHealthAsync()' [/home/ubuntu/neo-service-layer/src/Services/NeoServiceLayer.Services.EnclaveStorage/NeoServiceLayer.Services.EnclaveStorage.csproj]
/home/ubuntu/neo-service-layer/src/Services/NeoServiceLayer.Services.EnclaveStorage/EnclaveStorageService.cs(21,68): error CS0535: 'EnclaveStorageService' does not implement interface member 'IService.GetMetricsAsync()' [/home/ubuntu/neo-service-layer/src/Services/NeoServiceLayer.Services.EnclaveStorage/NeoServiceLayer.Services.EnclaveStorage.csproj]
/home/ubuntu/neo-service-layer/src/Services/NeoServiceLayer.Services.EnclaveStorage/EnclaveStorageService.cs(21,68): error CS0535: 'EnclaveStorageService' does not implement interface member 'IService.ValidateDependenciesAsync(IEnumerable<IService>)' [/home/ubuntu/neo-service-layer/src/Services/NeoServiceLayer.Services.EnclaveStorage/NeoServiceLayer.Services.EnclaveStorage.csproj]
/home/ubuntu/neo-service-layer/src/Services/NeoServiceLayer.Services.EnclaveStorage/EnclaveStorageService.cs(21,68): error CS0535: 'EnclaveStorageService' does not implement interface member 'IService.Name' [/home/ubuntu/neo-service-layer/src/Services/NeoServiceLayer.Services.EnclaveStorage/NeoServiceLayer.Services.EnclaveStorage.csproj]
/home/ubuntu/neo-service-layer/src/Services/NeoServiceLayer.Services.EnclaveStorage/EnclaveStorageService.cs(21,68): error CS0535: 'EnclaveStorageService' does not implement interface member 'IService.Description' [/home/ubuntu/neo-service-layer/src/Services/NeoServiceLayer.Services.EnclaveStorage/NeoServiceLayer.Services.EnclaveStorage.csproj]
/home/ubuntu/neo-service-layer/src/Services/NeoServiceLayer.Services.EnclaveStorage/EnclaveStorageService.cs(21,68): error CS0535: 'EnclaveStorageService' does not implement interface member 'IService.Version' [/home/ubuntu/neo-service-layer/src/Services/NeoServiceLayer.Services.EnclaveStorage/NeoServiceLayer.Services.EnclaveStorage.csproj]
/home/ubuntu/neo-service-layer/src/Services/NeoServiceLayer.Services.EnclaveStorage/EnclaveStorageService.cs(21,68): error CS0535: 'EnclaveStorageService' does not implement interface member 'IService.IsRunning' [/home/ubuntu/neo-service-layer/src/Services/NeoServiceLayer.Services.EnclaveStorage/NeoServiceLayer.Services.EnclaveStorage.csproj]
/home/ubuntu/neo-service-layer/src/Services/NeoServiceLayer.Services.EnclaveStorage/EnclaveStorageService.cs(21,68): error CS0535: 'EnclaveStorageService' does not implement interface member 'IService.Dependencies' [/home/ubuntu/neo-service-layer/src/Services/NeoServiceLayer.Services.EnclaveStorage/NeoServiceLayer.Services.EnclaveStorage.csproj]
/home/ubuntu/neo-service-layer/src/Services/NeoServiceLayer.Services.EnclaveStorage/EnclaveStorageService.cs(21,68): error CS0535: 'EnclaveStorageService' does not implement interface member 'IService.Capabilities' [/home/ubuntu/neo-service-layer/src/Services/NeoServiceLayer.Services.EnclaveStorage/NeoServiceLayer.Services.EnclaveStorage.csproj]
/home/ubuntu/neo-service-layer/src/Services/NeoServiceLayer.Services.EnclaveStorage/EnclaveStorageService.cs(21,68): error CS0535: 'EnclaveStorageService' does not implement interface member 'IService.Metadata' [/home/ubuntu/neo-service-layer/src/Services/NeoServiceLayer.Services.EnclaveStorage/NeoServiceLayer.Services.EnclaveStorage.csproj]
/home/ubuntu/neo-service-layer/src/Services/NeoServiceLayer.Services.EnclaveStorage/EnclaveStorageService.cs(26,22): error CS0246: The type or namespace name 'ISecurityService' could not be found (are you missing a using directive or an assembly reference?) [/home/ubuntu/neo-service-layer/src/Services/NeoServiceLayer.Services.EnclaveStorage/NeoServiceLayer.Services.EnclaveStorage.csproj]
/home/ubuntu/neo-service-layer/src/Services/NeoServiceLayer.Services.EnclaveStorage/EnclaveStorageService.cs(27,22): error CS0246: The type or namespace name 'IObservabilityService' could not be found (are you missing a using directive or an assembly reference?) [/home/ubuntu/neo-service-layer/src/Services/NeoServiceLayer.Services.EnclaveStorage/NeoServiceLayer.Services.EnclaveStorage.csproj]
    8 Warning(s)
    405 Error(s)

Time Elapsed 00:00:04.12
